Apr 26 10:40:22 kashrinivaasan-Inspiron-1545 kernel: [    0.296949] ACPI: PCI Interrupt Routing Table [\_SB_.PCI0.PCIE._PRT]
Apr 26 10:40:22 kashrinivaasan-Inspiron-1545 kernel: [    0.297155] ACPI: PCI Interrupt Routing Table [\_SB_.PCI0.RP01._PRT]
Apr 26 10:40:22 kashrinivaasan-Inspiron-1545 kernel: [    0.297253] ACPI: PCI Interrupt Routing Table [\_SB_.PCI0.RP02._PRT]
Apr 26 10:40:22 kashrinivaasan-Inspiron-1545 kernel: [    0.297351] ACPI: PCI Interrupt Routing Table [\_SB_.PCI0.RP03._PRT]
Apr 26 10:40:22 kashrinivaasan-Inspiron-1545 kernel: [    0.297452] ACPI: PCI Interrupt Routing Table [\_SB_.PCI0.RP05._PRT]
Apr 26 10:40:22 kashrinivaasan-Inspiron-1545 kernel: [    0.297546]  pci0000:00: ACPI _OSC support notification failed, disabling PCIe ASPM
Apr 26 10:40:22 kashrinivaasan-Inspiron-1545 kernel: [    0.297550]  pci0000:00: Unable to request _OSC control (_OSC support mask: 0x08)
Apr 26 10:40:22 kashrinivaasan-Inspiron-1545 kernel: [    0.316196] ACPI: PCI Interrupt Link [LNKA] (IRQs *10 11)
Apr 26 10:40:22 kashrinivaasan-Inspiron-1545 kernel: [    0.316325] ACPI: PCI Interrupt Link [LNKB] (IRQs 5 7) *4
Apr 26 10:40:22 kashrinivaasan-Inspiron-1545 kernel: [    0.316451] ACPI: PCI Interrupt Link [LNKC] (IRQs *10 11)
Apr 26 10:40:22 kashrinivaasan-Inspiron-1545 kernel: [    0.316553] ACPI: PCI Interrupt Link [LNKD] (IRQs 5 7 10 11) *0, disabled.
Apr 26 10:40:22 kashrinivaasan-Inspiron-1545 kernel: [    0.316681] ACPI: PCI Interrupt Link [LNKE] (IRQs 3 4 5 6 7 10 *11 12 14 15)
Apr 26 10:40:22 kashrinivaasan-Inspiron-1545 kernel: [    0.316812] ACPI: PCI Interrupt Link [LNKF] (IRQs 3 4 5 6 *7 10 11 12 14 15)
Apr 26 10:40:22 kashrinivaasan-Inspiron-1545 kernel: [    0.316943] ACPI: PCI Interrupt Link [LNKG] (IRQs 3 4 *5 6 7 10 11 12 14 15)
Apr 26 10:40:22 kashrinivaasan-Inspiron-1545 kernel: [    0.317056] ACPI: PCI Interrupt Link [LNKH] (IRQs 3 4 5 6 7 10 11 12 14 15) *0, disabled.
Apr 26 10:40:22 kashrinivaasan-Inspiron-1545 kernel: [    0.320023] vgaarb: device added: PCI:0000:00:02.0,decodes=io+mem,owns=io+mem,locks=none
Apr 26 10:40:22 kashrinivaasan-Inspiron-1545 kernel: [    0.320036] vgaarb: loaded
Apr 26 10:40:22 kashrinivaasan-Inspiron-1545 kernel: [    0.320039] vgaarb: bridge control possible 0000:00:02.0
Apr 26 10:40:22 kashrinivaasan-Inspiron-1545 kernel: [    0.320439] SCSI subsystem initialized
Apr 26 10:40:22 kashrinivaasan-Inspiron-1545 kernel: [    0.320443] ACPI: bus type scsi registered
Apr 26 10:40:22 kashrinivaasan-Inspiron-1545 kernel: [    0.320458] libata version 3.00 loaded.
Apr 26 10:40:22 kashrinivaasan-Inspiron-1545 kernel: [    0.320458] ACPI: bus type usb registered
Apr 26 10:40:22 kashrinivaasan-Inspiron-1545 kernel: [    0.320458] usbcore: registered new interface driver usbfs
Apr 26 10:40:22 kashrinivaasan-Inspiron-1545 kernel: [    0.320458] usbcore: registered new interface driver hub
Apr 26 10:40:22 kashrinivaasan-Inspiron-1545 kernel: [    0.320458] usbcore: registered new device driver usb
Apr 26 10:40:22 kashrinivaasan-Inspiron-1545 kernel: [    0.320458] PCI: Using ACPI for IRQ routing
Apr 26 10:40:22 kashrinivaasan-Inspiron-1545 kernel: [    0.324278] PCI: pci_cache_line_size set to 64 bytes
Apr 26 10:40:22 kashrinivaasan-Inspiron-1545 kernel: [    0.324786] e820: reserve RAM buffer [mem 0x0009f000-0x0009ffff]
Apr 26 10:40:22 kashrinivaasan-Inspiron-1545 kernel: [    0.324791] e820: reserve RAM buffer [mem 0xbd8bf400-0xbfffffff]
Apr 26 10:40:22 kashrinivaasan-Inspiron-1545 kernel: [    0.324956] NetLabel: Initializing
Apr 26 10:40:22 kashrinivaasan-Inspiron-1545 kernel: [    0.324959] NetLabel:  domain hash size = 128
Apr 26 10:40:22 kashrinivaasan-Inspiron-1545 kernel: [    0.324962] NetLabel:  protocols = UNLABELED CIPSOv4
Apr 26 10:40:22 kashrinivaasan-Inspiron-1545 kernel: [    0.324980] NetLabel:  unlabeled traffic allowed by default
Apr 26 10:40:22 kashrinivaasan-Inspiron-1545 kernel: [    0.325004] HPET: 4 timers in total, 0 timers will be used for per-cpu timer
Apr 26 10:40:22 kashrinivaasan-Inspiron-1545 kernel: [    0.325004] hpet0: at MMIO 0xfed00000, IRQs 2, 8, 0, 0
Apr 26 11:30:07 kashrinivaasan-Inspiron-1545 kernel: [ 3002.906939] sd 7:0:0:0: [sdb] Assuming drive cache: write through
Apr 26 11:30:14 kashrinivaasan-Inspiron-1545 kernel: [ 3009.792779] [UFW BLOCK] IN=ppp0 OUT= MAC= SRC=2.223.244.27 DST=14.99.72.127 LEN=90 TOS=0x00 PREC=0x00 TTL=113 ID=54169 PROTO=UDP SPT=24685 DPT=19260 LEN=70 
Apr 26 11:30:24 kashrinivaasan-Inspiron-1545 kernel: [ 3019.891724] [UFW BLOCK] IN=ppp0 OUT= MAC= SRC=74.125.135.95 DST=14.99.72.127 LEN=40 TOS=0x00 PREC=0x00 TTL=250 ID=3891 DF PROTO=TCP SPT=80 DPT=43117 WINDOW=0 RES=0x20 ACK RST URGP=0 
Apr 26 11:30:33 kashrinivaasan-Inspiron-1545 kernel: [ 3029.391833] [UFW BLOCK] IN=ppp0 OUT= MAC= SRC=198.136.57.93 DST=14.99.72.127 LEN=48 TOS=0x00 PREC=0x00 TTL=113 ID=39740 PROTO=TCP SPT=176 DPT=22 WINDOW=65535 RES=0x00 SYN URGP=0 
Apr 26 11:30:44 kashrinivaasan-Inspiron-1545 kernel: [ 3040.050773] [UFW BLOCK] IN=ppp0 OUT= MAC= SRC=14.98.218.65 DST=14.99.72.127 LEN=48 TOS=0x00 PREC=0x00 TTL=56 ID=59462 DF PROTO=TCP SPT=3860 DPT=1433 WINDOW=65535 RES=0x00 SYN URGP=0 
Apr 26 11:30:58 kashrinivaasan-Inspiron-1545 kernel: [ 3054.616814] sd 7:0:0:0: [sdb] Test WP failed, assume Write Enabled
Apr 26 11:30:58 kashrinivaasan-Inspiron-1545 kernel: [ 3054.618938] sd 7:0:0:0: [sdb] Asking for cache data failed
Apr 26 11:30:58 kashrinivaasan-Inspiron-1545 kernel: [ 3054.618947] sd 7:0:0:0: [sdb] Assuming drive cache: write through
Apr 26 11:31:39 kashrinivaasan-Inspiron-1545 kernel: [ 3094.981800] [UFW BLOCK] IN=ppp0 OUT= MAC= SRC=116.240.187.186 DST=14.99.72.127 LEN=145 TOS=0x00 PREC=0x00 TTL=107 ID=18468 PROTO=UDP SPT=62543 DPT=10035 LEN=125 
Apr 26 11:31:41 kashrinivaasan-Inspiron-1545 kernel: [ 3096.862802] [UFW BLOCK] IN=ppp0 OUT= MAC= SRC=116.240.187.186 DST=14.99.72.127 LEN=145 TOS=0x00 PREC=0x00 TTL=107 ID=18469 DF PROTO=UDP SPT=62543 DPT=10035 LEN=125 
Apr 26 11:31:45 kashrinivaasan-Inspiron-1545 kernel: [ 3100.880789] [UFW BLOCK] IN=ppp0 OUT= MAC= SRC=116.240.187.186 DST=14.99.72.127 LEN=145 TOS=0x00 PREC=0x00 TTL=107 ID=18470 DF PROTO=UDP SPT=62543 DPT=10035 LEN=125 
Apr 26 11:31:50 kashrinivaasan-Inspiron-1545 kernel: [ 3106.328699] sd 7:0:0:0: [sdb] Test WP failed, assume Write Enabled
Apr 26 11:31:50 kashrinivaasan-Inspiron-1545 kernel: [ 3106.330817] sd 7:0:0:0: [sdb] Asking for cache data failed
Apr 26 11:31:50 kashrinivaasan-Inspiron-1545 kernel: [ 3106.330824] sd 7:0:0:0: [sdb] Assuming drive cache: write through
Apr 26 11:32:13 kashrinivaasan-Inspiron-1545 kernel: [ 3128.869788] [UFW BLOCK] IN=ppp0 OUT= MAC= SRC=112.209.151.188 DST=14.99.72.127 LEN=90 TOS=0x00 PREC=0x00 TTL=107 ID=3596 PROTO=UDP SPT=23599 DPT=19260 LEN=70 
Apr 26 11:32:42 kashrinivaasan-Inspiron-1545 kernel: [ 3158.041573] sd 7:0:0:0: [sdb] Test WP failed, assume Write Enabled
Apr 26 11:32:42 kashrinivaasan-Inspiron-1545 kernel: [ 3158.043811] sd 7:0:0:0: [sdb] Asking for cache data failed
Apr 26 11:32:42 kashrinivaasan-Inspiron-1545 kernel: [ 3158.043819] sd 7:0:0:0: [sdb] Assuming drive cache: write through
Apr 26 11:33:34 kashrinivaasan-Inspiron-1545 kernel: [ 3209.753120] sd 7:0:0:0: [sdb] Test WP failed, assume Write Enabled
Apr 26 11:33:34 kashrinivaasan-Inspiron-1545 kernel: [ 3209.755236] sd 7:0:0:0: [sdb] Asking for cache data failed
Apr 26 11:33:34 kashrinivaasan-Inspiron-1545 kernel: [ 3209.755246] sd 7:0:0:0: [sdb] Assuming drive cache: write through
Apr 26 11:33:44 kashrinivaasan-Inspiron-1545 kernel: [ 3220.371821] [UFW BLOCK] IN=ppp0 OUT= MAC= SRC=122.163.15.129 DST=14.99.72.127 LEN=143 TOS=0x00 PREC=0x00 TTL=118 ID=51419 PROTO=UDP SPT=1049 DPT=10035 LEN=123 
Apr 26 11:33:46 kashrinivaasan-Inspiron-1545 kernel: [ 3222.391806] [UFW BLOCK] IN=ppp0 OUT= MAC= SRC=122.163.15.129 DST=14.99.72.127 LEN=143 TOS=0x00 PREC=0x00 TTL=118 ID=51452 PROTO=UDP SPT=1049 DPT=10035 LEN=123 
Apr 26 11:33:50 kashrinivaasan-Inspiron-1545 kernel: [ 3226.448832] [UFW BLOCK] IN=ppp0 OUT= MAC= SRC=122.163.15.129 DST=14.99.72.127 LEN=143 TOS=0x00 PREC=0x00 TTL=118 ID=51490 PROTO=UDP SPT=1049 DPT=10035 LEN=123 
Apr 26 11:34:25 kashrinivaasan-Inspiron-1545 kernel: [ 3261.464733] sd 7:0:0:0: [sdb] Test WP failed, assume Write Enabled
Apr 26 11:34:25 kashrinivaasan-Inspiron-1545 kernel: [ 3261.466846] sd 7:0:0:0: [sdb] Asking for cache data failed
Apr 26 11:34:25 kashrinivaasan-Inspiron-1545 kernel: [ 3261.466854] sd 7:0:0:0: [sdb] Assuming drive cache: write through
Apr 26 11:35:16 kashrinivaasan-Inspiron-1545 kernel: [ 3311.719831] [UFW BLOCK] IN=ppp0 OUT= MAC= SRC=14.98.218.65 DST=14.99.72.127 LEN=48 TOS=0x00 PREC=0x00 TTL=56 ID=57374 DF PROTO=TCP SPT=2903 DPT=1433 WINDOW=65535 RES=0x00 SYN URGP=0 
Apr 26 11:35:17 kashrinivaasan-Inspiron-1545 kernel: [ 3313.176747] sd 7:0:0:0: [sdb] Test WP failed, assume Write Enabled
Apr 26 11:35:17 kashrinivaasan-Inspiron-1545 kernel: [ 3313.178863] sd 7:0:0:0: [sdb] Asking for cache data failed
Apr 26 11:35:17 kashrinivaasan-Inspiron-1545 kernel: [ 3313.178872] sd 7:0:0:0: [sdb] Assuming drive cache: write through
Apr 26 11:35:17 kashrinivaasan-Inspiron-1545 kernel: [ 3313.539970] [UFW BLOCK] IN=ppp0 OUT= MAC= SRC=14.98.218.65 DST=14.99.72.127 LEN=48 TOS=0x00 PREC=0x00 TTL=56 ID=57790 DF PROTO=TCP SPT=3312 DPT=3306 WINDOW=65535 RES=0x00 SYN URGP=0 
Apr 26 11:35:28 kashrinivaasan-Inspiron-1545 kernel: [ 3323.680817] [UFW BLOCK] IN=ppp0 OUT= MAC= SRC=124.12.210.65 DST=14.99.72.127 LEN=90 TOS=0x00 PREC=0x00 TTL=112 ID=62693 PROTO=UDP SPT=2262 DPT=19260 LEN=70 
Apr 26 11:36:09 kashrinivaasan-Inspiron-1545 kernel: [ 3364.884747] sd 7:0:0:0: [sdb] Test WP failed, assume Write Enabled
Apr 26 11:36:09 kashrinivaasan-Inspiron-1545 kernel: [ 3364.887397] sd 7:0:0:0: [sdb] Asking for cache data failed
Apr 26 11:36:09 kashrinivaasan-Inspiron-1545 kernel: [ 3364.887406] sd 7:0:0:0: [sdb] Assuming drive cache: write through
Apr 26 11:37:00 kashrinivaasan-Inspiron-1545 kernel: [ 3416.600770] sd 7:0:0:0: [sdb] Test WP failed, assume Write Enabled
Apr 26 11:37:00 kashrinivaasan-Inspiron-1545 kernel: [ 3416.602873] sd 7:0:0:0: [sdb] Asking for cache data failed
Apr 26 11:37:00 kashrinivaasan-Inspiron-1545 kernel: [ 3416.602881] sd 7:0:0:0: [sdb] Assuming drive cache: write through
Apr 26 11:37:32 kashrinivaasan-Inspiron-1545 kernel: [ 3448.608154] [UFW BLOCK] IN=ppp0 OUT= MAC= SRC=122.107.254.194 DST=14.99.72.127 LEN=136 TOS=0x00 PREC=0x00 TTL=110 ID=38082 PROTO=UDP SPT=60996 DPT=10035 LEN=116 
Apr 26 11:37:35 kashrinivaasan-Inspiron-1545 kernel: [ 3450.798846] [UFW BLOCK] IN=ppp0 OUT= MAC= SRC=122.107.254.194 DST=14.99.72.127 LEN=136 TOS=0x00 PREC=0x00 TTL=110 ID=38083 PROTO=UDP SPT=60996 DPT=10035 LEN=116 
Apr 26 11:37:39 kashrinivaasan-Inspiron-1545 kernel: [ 3454.839853] [UFW BLOCK] IN=ppp0 OUT= MAC= SRC=122.107.254.194 DST=14.99.72.127 LEN=136 TOS=0x00 PREC=0x00 TTL=110 ID=38089 PROTO=UDP SPT=60996 DPT=10035 LEN=116 
Apr 26 11:37:52 kashrinivaasan-Inspiron-1545 kernel: [ 3468.316271] sd 7:0:0:0: [sdb] Test WP failed, assume Write Enabled
Apr 26 11:37:52 kashrinivaasan-Inspiron-1545 kernel: [ 3468.318368] sd 7:0:0:0: [sdb] Asking for cache data failed
Apr 26 11:37:52 kashrinivaasan-Inspiron-1545 kernel: [ 3468.318382] sd 7:0:0:0: [sdb] Assuming drive cache: write through
Apr 26 11:38:18 kashrinivaasan-Inspiron-1545 kernel: [ 3494.327878] [UFW BLOCK] IN=ppp0 OUT= MAC= SRC=111.221.74.18 DST=14.99.72.127 LEN=168 TOS=0x00 PREC=0x00 TTL=55 ID=0 DF PROTO=UDP SPT=40031 DPT=10035 LEN=148 
Apr 26 11:38:19 kashrinivaasan-Inspiron-1545 kernel: [ 3495.426869] [UFW BLOCK] IN=ppp0 OUT= MAC= SRC=111.221.74.18 DST=14.99.72.127 LEN=168 TOS=0x00 PREC=0x00 TTL=55 ID=0 DF PROTO=UDP SPT=40031 DPT=10035 LEN=148 
Apr 26 11:38:22 kashrinivaasan-Inspiron-1545 kernel: [ 3498.286867] [UFW BLOCK] IN=ppp0 OUT= MAC= SRC=111.221.74.18 DST=14.99.72.127 LEN=168 TOS=0x00 PREC=0x00 TTL=55 ID=0 DF PROTO=UDP SPT=40031 DPT=10035 LEN=148 
Apr 26 11:38:44 kashrinivaasan-Inspiron-1545 kernel: [ 3520.020643] sd 7:0:0:0: [sdb] Test WP failed, assume Write Enabled
Apr 26 11:38:44 kashrinivaasan-Inspiron-1545 kernel: [ 3520.023265] sd 7:0:0:0: [sdb] Asking for cache data failed
Apr 26 11:38:44 kashrinivaasan-Inspiron-1545 kernel: [ 3520.023272] sd 7:0:0:0: [sdb] Assuming drive cache: write through
Apr 26 11:39:36 kashrinivaasan-Inspiron-1545 kernel: [ 3571.732789] sd 7:0:0:0: [sdb] Test WP failed, assume Write Enabled
Apr 26 11:39:36 kashrinivaasan-Inspiron-1545 kernel: [ 3571.734896] sd 7:0:0:0: [sdb] Asking for cache data failed
Apr 26 11:39:36 kashrinivaasan-Inspiron-1545 kernel: [ 3571.734903] sd 7:0:0:0: [sdb] Assuming drive cache: write through
Apr 26 11:40:05 kashrinivaasan-Inspiron-1545 kernel: [ 3600.886901] [UFW BLOCK] IN=ppp0 OUT= MAC= SRC=115.47.58.68 DST=14.99.72.127 LEN=40 TOS=0x00 PREC=0x00 TTL=99 ID=256 PROTO=TCP SPT=44892 DPT=1433 WINDOW=16384 RES=0x00 SYN URGP=0 
Apr 26 11:40:27 kashrinivaasan-Inspiron-1545 kernel: [ 3623.448801] sd 7:0:0:0: [sdb] Test WP failed, assume Write Enabled
Apr 26 11:40:27 kashrinivaasan-Inspiron-1545 kernel: [ 3623.450910] sd 7:0:0:0: [sdb] Asking for cache data failed
Apr 26 11:40:27 kashrinivaasan-Inspiron-1545 kernel: [ 3623.450917] sd 7:0:0:0: [sdb] Assuming drive cache: write through
Apr 26 11:40:41 kashrinivaasan-Inspiron-1545 kernel: [ 3637.117894] [UFW BLOCK] IN=ppp0 OUT= MAC= SRC=221.204.31.11 DST=14.99.72.127 LEN=40 TOS=0x00 PREC=0x00 TTL=107 ID=256 PROTO=TCP SPT=32523 DPT=1433 WINDOW=16384 RES=0x00 SYN URGP=0 
Apr 26 11:41:19 kashrinivaasan-Inspiron-1545 kernel: [ 3675.168845] sd 7:0:0:0: [sdb] Test WP failed, assume Write Enabled
Apr 26 11:41:19 kashrinivaasan-Inspiron-1545 kernel: [ 3675.170935] sd 7:0:0:0: [sdb] Asking for cache data failed
Apr 26 11:41:19 kashrinivaasan-Inspiron-1545 kernel: [ 3675.170944] sd 7:0:0:0: [sdb] Assuming drive cache: write through
Apr 26 11:41:53 kashrinivaasan-Inspiron-1545 kernel: [ 3709.395926] [UFW BLOCK] IN=ppp0 OUT= MAC= SRC=116.240.187.186 DST=14.99.72.127 LEN=146 TOS=0x00 PREC=0x00 TTL=107 ID=19254 PROTO=UDP SPT=62543 DPT=10035 LEN=126 
Apr 26 11:41:54 kashrinivaasan-Inspiron-1545 kernel: [ 3710.595901] [UFW BLOCK] IN=ppp0 OUT= MAC= SRC=112.101.64.87 DST=14.99.72.127 LEN=40 TOS=0x00 PREC=0x00 TTL=103 ID=256 PROTO=TCP SPT=49050 DPT=6675 WINDOW=16384 RES=0x00 SYN URGP=0 
Apr 26 11:41:55 kashrinivaasan-Inspiron-1545 kernel: [ 3711.135298] [UFW BLOCK] IN=ppp0 OUT= MAC= SRC=119.247.121.219 DST=14.99.72.127 LEN=90 TOS=0x00 PREC=0x00 TTL=115 ID=23437 PROTO=UDP SPT=8201 DPT=19260 LEN=70 
Apr 26 11:41:55 kashrinivaasan-Inspiron-1545 kernel: [ 3711.395928] [UFW BLOCK] IN=ppp0 OUT= MAC= SRC=116.240.187.186 DST=14.99.72.127 LEN=146 TOS=0x00 PREC=0x00 TTL=107 ID=19256 DF PROTO=UDP SPT=62543 DPT=10035 LEN=126 
Apr 26 11:41:59 kashrinivaasan-Inspiron-1545 kernel: [ 3715.435902] [UFW BLOCK] IN=ppp0 OUT= MAC= SRC=116.240.187.186 DST=14.99.72.127 LEN=146 TOS=0x00 PREC=0x00 TTL=107 ID=19262 DF PROTO=UDP SPT=62543 DPT=10035 LEN=126 
Apr 26 11:42:11 kashrinivaasan-Inspiron-1545 kernel: [ 3726.872700] sd 7:0:0:0: [sdb] Test WP failed, assume Write Enabled
Apr 26 11:42:11 kashrinivaasan-Inspiron-1545 kernel: [ 3726.875067] sd 7:0:0:0: [sdb] Asking for cache data failed
Apr 26 11:42:11 kashrinivaasan-Inspiron-1545 kernel: [ 3726.875074] sd 7:0:0:0: [sdb] Assuming drive cache: write through
Apr 26 11:42:22 kashrinivaasan-Inspiron-1545 kernel: [ 3738.536914] [UFW BLOCK] IN=ppp0 OUT= MAC= SRC=109.63.170.70 DST=14.99.72.127 LEN=90 TOS=0x00 PREC=0x00 TTL=113 ID=19750 PROTO=UDP SPT=9904 DPT=19260 LEN=70 
Apr 26 11:43:02 kashrinivaasan-Inspiron-1545 kernel: [ 3778.584843] sd 7:0:0:0: [sdb] Test WP failed, assume Write Enabled
Apr 26 11:43:02 kashrinivaasan-Inspiron-1545 kernel: [ 3778.586944] sd 7:0:0:0: [sdb] Asking for cache data failed
Apr 26 11:43:02 kashrinivaasan-Inspiron-1545 kernel: [ 3778.586952] sd 7:0:0:0: [sdb] Assuming drive cache: write through
Apr 26 11:43:09 kashrinivaasan-Inspiron-1545 kernel: [ 3785.385906] [UFW BLOCK] IN=ppp0 OUT= MAC= SRC=83.55.159.209 DST=14.99.72.127 LEN=90 TOS=0x00 PREC=0x00 TTL=114 ID=20441 PROTO=UDP SPT=1027 DPT=19260 LEN=70 
Apr 26 11:43:40 kashrinivaasan-Inspiron-1545 kernel: [ 3816.515938] [UFW BLOCK] IN=ppp0 OUT= MAC= SRC=211.101.1.1 DST=14.99.72.127 LEN=40 TOS=0x00 PREC=0x00 TTL=101 ID=256 PROTO=TCP SPT=7957 DPT=1433 WINDOW=16384 RES=0x00 SYN URGP=0 
Apr 26 11:43:54 kashrinivaasan-Inspiron-1545 kernel: [ 3830.297085] sd 7:0:0:0: [sdb] Test WP failed, assume Write Enabled
Apr 26 11:43:54 kashrinivaasan-Inspiron-1545 kernel: [ 3830.299218] sd 7:0:0:0: [sdb] Asking for cache data failed
Apr 26 11:43:54 kashrinivaasan-Inspiron-1545 kernel: [ 3830.299227] sd 7:0:0:0: [sdb] Assuming drive cache: write through
Apr 26 11:43:56 kashrinivaasan-Inspiron-1545 kernel: [ 3831.875923] [UFW BLOCK] IN=ppp0 OUT= MAC= SRC=122.163.15.129 DST=14.99.72.127 LEN=143 TOS=0x00 PREC=0x00 TTL=118 ID=3427 PROTO=UDP SPT=1027 DPT=10035 LEN=123 
Apr 26 11:43:56 kashrinivaasan-Inspiron-1545 kernel: [ 3832.154938] [UFW BLOCK] IN=ppp0 OUT= MAC= SRC=213.199.179.154 DST=14.99.72.127 LEN=156 TOS=0x00 PREC=0x00 TTL=52 ID=0 DF PROTO=UDP SPT=40004 DPT=61556 LEN=136 
Apr 26 11:43:58 kashrinivaasan-Inspiron-1545 kernel: [ 3833.916935] [UFW BLOCK] IN=ppp0 OUT= MAC= SRC=122.163.15.129 DST=14.99.72.127 LEN=143 TOS=0x00 PREC=0x00 TTL=118 ID=3444 PROTO=UDP SPT=1027 DPT=10035 LEN=123 
Apr 26 11:43:58 kashrinivaasan-Inspiron-1545 kernel: [ 3834.334967] [UFW BLOCK] IN=ppp0 OUT= MAC= SRC=213.199.179.154 DST=14.99.72.127 LEN=156 TOS=0x00 PREC=0x00 TTL=52 ID=0 DF PROTO=UDP SPT=40004 DPT=61556 LEN=136 
Apr 26 11:44:02 kashrinivaasan-Inspiron-1545 kernel: [ 3837.937944] [UFW BLOCK] IN=ppp0 OUT= MAC= SRC=122.163.15.129 DST=14.99.72.127 LEN=143 TOS=0x00 PREC=0x00 TTL=118 ID=3493 PROTO=UDP SPT=1027 DPT=10035 LEN=123 
Apr 26 11:44:02 kashrinivaasan-Inspiron-1545 kernel: [ 3838.154932] [UFW BLOCK] IN=ppp0 OUT= MAC= SRC=213.199.179.154 DST=14.99.72.127 LEN=156 TOS=0x00 PREC=0x00 TTL=52 ID=0 DF PROTO=UDP SPT=40004 DPT=61556 LEN=136 
Apr 26 11:44:43 kashrinivaasan-Inspiron-1545 kernel: [ 3879.553948] [UFW BLOCK] IN=ppp0 OUT= MAC= SRC=99.48.202.109 DST=14.99.72.127 LEN=90 TOS=0x00 PREC=0x00 TTL=112 ID=31280 PROTO=UDP SPT=11487 DPT=19260 LEN=70 
Apr 26 11:44:46 kashrinivaasan-Inspiron-1545 kernel: [ 3882.004847] sd 7:0:0:0: [sdb] Test WP failed, assume Write Enabled
Apr 26 11:44:46 kashrinivaasan-Inspiron-1545 kernel: [ 3882.007089] sd 7:0:0:0: [sdb] Asking for cache data failed
Apr 26 11:44:46 kashrinivaasan-Inspiron-1545 kernel: [ 3882.007095] sd 7:0:0:0: [sdb] Assuming drive cache: write through
Apr 26 11:45:38 kashrinivaasan-Inspiron-1545 kernel: [ 3933.724605] sd 7:0:0:0: [sdb] Test WP failed, assume Write Enabled
Apr 26 11:45:38 kashrinivaasan-Inspiron-1545 kernel: [ 3933.726725] sd 7:0:0:0: [sdb] Asking for cache data failed
Apr 26 11:45:38 kashrinivaasan-Inspiron-1545 kernel: [ 3933.726732] sd 7:0:0:0: [sdb] Assuming drive cache: write through
Apr 26 11:46:29 kashrinivaasan-Inspiron-1545 kernel: [ 3985.432746] sd 7:0:0:0: [sdb] Test WP failed, assume Write Enabled
Apr 26 11:46:29 kashrinivaasan-Inspiron-1545 kernel: [ 3985.434868] sd 7:0:0:0: [sdb] Asking for cache data failed
Apr 26 11:46:29 kashrinivaasan-Inspiron-1545 kernel: [ 3985.434877] sd 7:0:0:0: [sdb] Assuming drive cache: write through
Apr 26 11:47:04 kashrinivaasan-Inspiron-1545 kernel: [ 4020.455961] [UFW BLOCK] IN=ppp0 OUT= MAC= SRC=121.254.113.59 DST=14.99.72.127 LEN=126 TOS=0x00 PREC=0x00 TTL=111 ID=31417 PROTO=UDP SPT=80 DPT=19260 LEN=106 
Apr 26 11:47:21 kashrinivaasan-Inspiron-1545 kernel: [ 4037.144849] sd 7:0:0:0: [sdb] Test WP failed, assume Write Enabled
Apr 26 11:47:21 kashrinivaasan-Inspiron-1545 kernel: [ 4037.147006] sd 7:0:0:0: [sdb] Asking for cache data failed
Apr 26 11:47:21 kashrinivaasan-Inspiron-1545 kernel: [ 4037.147015] sd 7:0:0:0: [sdb] Assuming drive cache: write through
Apr 26 11:47:29 kashrinivaasan-Inspiron-1545 kernel: [ 4044.834995] [UFW BLOCK] IN=ppp0 OUT= MAC= SRC=222.186.13.12 DST=14.99.72.127 LEN=40 TOS=0x00 PREC=0x00 TTL=94 ID=256 PROTO=TCP SPT=6000 DPT=6675 WINDOW=16384 RES=0x00 SYN URGP=0 
Apr 26 11:47:46 kashrinivaasan-Inspiron-1545 kernel: [ 4061.902985] [UFW BLOCK] IN=ppp0 OUT= MAC= SRC=122.107.254.194 DST=14.99.72.127 LEN=136 TOS=0x00 PREC=0x00 TTL=110 ID=38801 PROTO=UDP SPT=60996 DPT=10035 LEN=116 
Apr 26 11:47:48 kashrinivaasan-Inspiron-1545 kernel: [ 4063.901976] [UFW BLOCK] IN=ppp0 OUT= MAC= SRC=122.107.254.194 DST=14.99.72.127 LEN=136 TOS=0x00 PREC=0x00 TTL=110 ID=38802 PROTO=UDP SPT=60996 DPT=10035 LEN=116 
Apr 26 11:47:52 kashrinivaasan-Inspiron-1545 kernel: [ 4067.963997] [UFW BLOCK] IN=ppp0 OUT= MAC= SRC=122.107.254.194 DST=14.99.72.127 LEN=136 TOS=0x00 PREC=0x00 TTL=110 ID=38805 PROTO=UDP SPT=60996 DPT=10035 LEN=116 
Apr 26 11:48:13 kashrinivaasan-Inspiron-1545 kernel: [ 4088.896631] sd 7:0:0:0: [sdb] Test WP failed, assume Write Enabled
Apr 26 11:48:13 kashrinivaasan-Inspiron-1545 kernel: [ 4088.899198] sd 7:0:0:0: [sdb] Asking for cache data failed
Apr 26 11:48:13 kashrinivaasan-Inspiron-1545 kernel: [ 4088.899208] sd 7:0:0:0: [sdb] Assuming drive cache: write through
Apr 26 11:48:20 kashrinivaasan-Inspiron-1545 kernel: [ 4095.771982] [UFW BLOCK] IN=ppp0 OUT= MAC= SRC=222.186.57.59 DST=14.99.72.127 LEN=40 TOS=0x00 PREC=0x00 TTL=91 ID=256 PROTO=TCP SPT=6000 DPT=1433 WINDOW=16384 RES=0x00 SYN URGP=0 
Apr 26 11:48:33 kashrinivaasan-Inspiron-1545 kernel: [ 4109.416994] [UFW BLOCK] IN=ppp0 OUT= MAC= SRC=111.93.163.217 DST=14.99.72.127 LEN=136 TOS=0x00 PREC=0x00 TTL=120 ID=27110 PROTO=UDP SPT=8757 DPT=10035 LEN=116 
Apr 26 11:48:35 kashrinivaasan-Inspiron-1545 kernel: [ 4111.453977] [UFW BLOCK] IN=ppp0 OUT= MAC= SRC=111.93.163.217 DST=14.99.72.127 LEN=136 TOS=0x00 PREC=0x00 TTL=120 ID=27115 PROTO=UDP SPT=8757 DPT=10035 LEN=116 
Apr 26 11:48:39 kashrinivaasan-Inspiron-1545 kernel: [ 4115.473990] [UFW BLOCK] IN=ppp0 OUT= MAC= SRC=111.93.163.217 DST=14.99.72.127 LEN=136 TOS=0x00 PREC=0x00 TTL=120 ID=27128 PROTO=UDP SPT=8757 DPT=10035 LEN=116 
Apr 26 11:48:41 kashrinivaasan-Inspiron-1545 kernel: [ 4116.734988] [UFW BLOCK] IN=ppp0 OUT= MAC= SRC=173.252.243.158 DST=14.99.72.127 LEN=40 TOS=0x00 PREC=0x00 TTL=102 ID=256 PROTO=TCP SPT=6000 DPT=1433 WINDOW=16384 RES=0x00 SYN URGP=0 
Apr 26 11:49:04 kashrinivaasan-Inspiron-1545 kernel: [ 4140.568645] sd 7:0:0:0: [sdb] Test WP failed, assume Write Enabled
Apr 26 11:49:04 kashrinivaasan-Inspiron-1545 kernel: [ 4140.570767] sd 7:0:0:0: [sdb] Asking for cache data failed
Apr 26 11:49:04 kashrinivaasan-Inspiron-1545 kernel: [ 4140.570775] sd 7:0:0:0: [sdb] Assuming drive cache: write through
Apr 26 11:49:38 kashrinivaasan-Inspiron-1545 kernel: [ 4174.353989] [UFW BLOCK] IN=ppp0 OUT= MAC= SRC=221.127.160.56 DST=14.99.72.127 LEN=90 TOS=0x00 PREC=0x00 TTL=115 ID=23845 PROTO=UDP SPT=23509 DPT=19260 LEN=70 
Apr 26 11:49:56 kashrinivaasan-Inspiron-1545 kernel: [ 4192.280656] sd 7:0:0:0: [sdb] Test WP failed, assume Write Enabled
Apr 26 11:49:56 kashrinivaasan-Inspiron-1545 kernel: [ 4192.286191] sd 7:0:0:0: [sdb] Asking for cache data failed
Apr 26 11:49:56 kashrinivaasan-Inspiron-1545 kernel: [ 4192.286201] sd 7:0:0:0: [sdb] Assuming drive cache: write through
Apr 26 11:50:12 kashrinivaasan-Inspiron-1545 kernel: [ 4207.932031] [UFW BLOCK] IN=ppp0 OUT= MAC= SRC=2.223.244.27 DST=14.99.72.127 LEN=90 TOS=0x00 PREC=0x00 TTL=113 ID=409 PROTO=UDP SPT=24685 DPT=19260 LEN=70 
Apr 26 11:50:39 kashrinivaasan-Inspiron-1545 kernel: [ 4235.432048] [UFW BLOCK] IN=ppp0 OUT= MAC= SRC=112.101.64.87 DST=14.99.72.127 LEN=40 TOS=0x00 PREC=0x00 TTL=103 ID=256 PROTO=TCP SPT=52678 DPT=6673 WINDOW=16384 RES=0x00 SYN URGP=0 
Apr 26 11:50:48 kashrinivaasan-Inspiron-1545 kernel: [ 4243.992909] sd 7:0:0:0: [sdb] Test WP failed, assume Write Enabled
Apr 26 11:50:48 kashrinivaasan-Inspiron-1545 kernel: [ 4243.995046] sd 7:0:0:0: [sdb] Asking for cache data failed
Apr 26 11:50:48 kashrinivaasan-Inspiron-1545 kernel: [ 4243.995054] sd 7:0:0:0: [sdb] Assuming drive cache: write through
Apr 26 11:51:40 kashrinivaasan-Inspiron-1545 kernel: [ 4295.704931] sd 7:0:0:0: [sdb] Test WP failed, assume Write Enabled
Apr 26 11:51:40 kashrinivaasan-Inspiron-1545 kernel: [ 4295.707050] sd 7:0:0:0: [sdb] Asking for cache data failed
Apr 26 11:51:40 kashrinivaasan-Inspiron-1545 kernel: [ 4295.707058] sd 7:0:0:0: [sdb] Assuming drive cache: write through
Apr 26 11:52:07 kashrinivaasan-Inspiron-1545 kernel: [ 4323.573037] [UFW BLOCK] IN=ppp0 OUT= MAC= SRC=116.240.187.186 DST=14.99.72.127 LEN=146 TOS=0x00 PREC=0x00 TTL=107 ID=20738 PROTO=UDP SPT=62543 DPT=10035 LEN=126 
Apr 26 11:52:09 kashrinivaasan-Inspiron-1545 kernel: [ 4325.613024] [UFW BLOCK] IN=ppp0 OUT= MAC= SRC=116.240.187.186 DST=14.99.72.127 LEN=146 TOS=0x00 PREC=0x00 TTL=107 ID=20740 DF PROTO=UDP SPT=62543 DPT=10035 LEN=126 
Apr 26 11:52:13 kashrinivaasan-Inspiron-1545 kernel: [ 4329.614038] [UFW BLOCK] IN=ppp0 OUT= MAC= SRC=116.240.187.186 DST=14.99.72.127 LEN=146 TOS=0x00 PREC=0x00 TTL=107 ID=20741 DF PROTO=UDP SPT=62543 DPT=10035 LEN=126 
Apr 26 11:52:31 kashrinivaasan-Inspiron-1545 kernel: [ 4347.416691] sd 7:0:0:0: [sdb] Test WP failed, assume Write Enabled
Apr 26 11:52:31 kashrinivaasan-Inspiron-1545 kernel: [ 4347.418820] sd 7:0:0:0: [sdb] Asking for cache data failed
Apr 26 11:52:31 kashrinivaasan-Inspiron-1545 kernel: [ 4347.418831] sd 7:0:0:0: [sdb] Assuming drive cache: write through
Apr 26 11:52:35 kashrinivaasan-Inspiron-1545 kernel: [ 4350.931033] [UFW BLOCK] IN=ppp0 OUT= MAC= SRC=58.19.38.20 DST=14.99.72.127 LEN=40 TOS=0x00 PREC=0x00 TTL=99 ID=256 PROTO=TCP SPT=6000 DPT=1433 WINDOW=16384 RES=0x00 SYN URGP=0 
Apr 26 11:52:47 kashrinivaasan-Inspiron-1545 kernel: [ 4363.341046] [UFW BLOCK] IN=ppp0 OUT= MAC= SRC=112.209.151.188 DST=14.99.72.127 LEN=90 TOS=0x00 PREC=0x00 TTL=107 ID=8368 PROTO=UDP SPT=23599 DPT=19260 LEN=70 
Apr 26 11:53:23 kashrinivaasan-Inspiron-1545 kernel: [ 4399.128830] sd 7:0:0:0: [sdb] Test WP failed, assume Write Enabled
Apr 26 11:53:23 kashrinivaasan-Inspiron-1545 kernel: [ 4399.131069] sd 7:0:0:0: [sdb] Asking for cache data failed
Apr 26 11:53:23 kashrinivaasan-Inspiron-1545 kernel: [ 4399.131079] sd 7:0:0:0: [sdb] Assuming drive cache: write through
Apr 26 11:53:39 kashrinivaasan-Inspiron-1545 kernel: [ 4415.531045] [UFW BLOCK] IN=ppp0 OUT= MAC= SRC=1.93.3.202 DST=14.99.72.127 LEN=40 TOS=0x00 PREC=0x00 TTL=94 ID=256 PROTO=TCP SPT=6000 DPT=1433 WINDOW=16384 RES=0x00 SYN URGP=0 
Apr 26 11:53:41 kashrinivaasan-Inspiron-1545 kernel: [ 4417.192053] [UFW BLOCK] IN=ppp0 OUT= MAC= SRC=92.98.79.98 DST=14.99.72.127 LEN=90 TOS=0x00 PREC=0x00 TTL=115 ID=9753 PROTO=UDP SPT=18123 DPT=19260 LEN=70 
Apr 26 11:54:15 kashrinivaasan-Inspiron-1545 kernel: [ 4450.841466] sd 7:0:0:0: [sdb] Test WP failed, assume Write Enabled
Apr 26 11:54:15 kashrinivaasan-Inspiron-1545 kernel: [ 4450.843711] sd 7:0:0:0: [sdb] Asking for cache data failed
Apr 26 11:54:15 kashrinivaasan-Inspiron-1545 kernel: [ 4450.843719] sd 7:0:0:0: [sdb] Assuming drive cache: write through
Apr 26 11:54:15 kashrinivaasan-Inspiron-1545 kernel: [ 4451.323180] [UFW BLOCK] IN=ppp0 OUT= MAC= SRC=122.163.15.129 DST=14.99.72.127 LEN=143 TOS=0x00 PREC=0x00 TTL=118 ID=26208 PROTO=UDP SPT=1093 DPT=10035 LEN=123 
Apr 26 11:54:17 kashrinivaasan-Inspiron-1545 kernel: [ 4453.361052] [UFW BLOCK] IN=ppp0 OUT= MAC= SRC=122.163.15.129 DST=14.99.72.127 LEN=143 TOS=0x00 PREC=0x00 TTL=118 ID=26219 PROTO=UDP SPT=1093 DPT=10035 LEN=123 
Apr 26 11:54:21 kashrinivaasan-Inspiron-1545 kernel: [ 4457.491351] [UFW BLOCK] IN=ppp0 OUT= MAC= SRC=122.163.15.129 DST=14.99.72.127 LEN=143 TOS=0x00 PREC=0x00 TTL=118 ID=26247 PROTO=UDP SPT=1093 DPT=10035 LEN=123 
Apr 26 11:54:46 kashrinivaasan-Inspiron-1545 kernel: [ 4481.952061] [UFW BLOCK] IN=ppp0 OUT= MAC= SRC=213.199.179.154 DST=14.99.72.127 LEN=173 TOS=0x00 PREC=0x00 TTL=52 ID=0 DF PROTO=UDP SPT=40004 DPT=61556 LEN=153 
Apr 26 11:54:48 kashrinivaasan-Inspiron-1545 kernel: [ 4483.933076] [UFW BLOCK] IN=ppp0 OUT= MAC= SRC=213.199.179.154 DST=14.99.72.127 LEN=173 TOS=0x00 PREC=0x00 TTL=52 ID=0 DF PROTO=UDP SPT=40004 DPT=61556 LEN=153 
Apr 26 11:54:52 kashrinivaasan-Inspiron-1545 kernel: [ 4487.951062] [UFW BLOCK] IN=ppp0 OUT= MAC= SRC=213.199.179.154 DST=14.99.72.127 LEN=173 TOS=0x00 PREC=0x00 TTL=52 ID=0 DF PROTO=UDP SPT=40004 DPT=61556 LEN=153 
Apr 26 11:54:54 kashrinivaasan-Inspiron-1545 kernel: [ 4490.311060] [UFW BLOCK] IN=ppp0 OUT= MAC= SRC=124.12.210.65 DST=14.99.72.127 LEN=90 TOS=0x00 PREC=0x00 TTL=113 ID=51555 PROTO=UDP SPT=2277 DPT=19260 LEN=70 
Apr 26 11:55:06 kashrinivaasan-Inspiron-1545 kernel: [ 4502.552720] sd 7:0:0:0: [sdb] Test WP failed, assume Write Enabled
Apr 26 11:55:06 kashrinivaasan-Inspiron-1545 kernel: [ 4502.554839] sd 7:0:0:0: [sdb] Asking for cache data failed
Apr 26 11:55:06 kashrinivaasan-Inspiron-1545 kernel: [ 4502.554846] sd 7:0:0:0: [sdb] Assuming drive cache: write through
Apr 26 11:55:58 kashrinivaasan-Inspiron-1545 kernel: [ 4554.268860] sd 7:0:0:0: [sdb] Test WP failed, assume Write Enabled
Apr 26 11:55:58 kashrinivaasan-Inspiron-1545 kernel: [ 4554.270973] sd 7:0:0:0: [sdb] Asking for cache data failed
Apr 26 11:55:58 kashrinivaasan-Inspiron-1545 kernel: [ 4554.270979] sd 7:0:0:0: [sdb] Assuming drive cache: write through
Apr 26 11:56:50 kashrinivaasan-Inspiron-1545 kernel: [ 4605.976748] sd 7:0:0:0: [sdb] Test WP failed, assume Write Enabled
Apr 26 11:56:50 kashrinivaasan-Inspiron-1545 kernel: [ 4605.978874] sd 7:0:0:0: [sdb] Asking for cache data failed
Apr 26 11:56:50 kashrinivaasan-Inspiron-1545 kernel: [ 4605.978884] sd 7:0:0:0: [sdb] Assuming drive cache: write through
Apr 26 11:57:42 kashrinivaasan-Inspiron-1545 kernel: [ 4657.684880] sd 7:0:0:0: [sdb] Test WP failed, assume Write Enabled
Apr 26 11:57:42 kashrinivaasan-Inspiron-1545 kernel: [ 4657.686982] sd 7:0:0:0: [sdb] Asking for cache data failed
Apr 26 11:57:42 kashrinivaasan-Inspiron-1545 kernel: [ 4657.686989] sd 7:0:0:0: [sdb] Assuming drive cache: write through
Apr 26 11:57:57 kashrinivaasan-Inspiron-1545 kernel: [ 4673.030089] [UFW BLOCK] IN=ppp0 OUT= MAC= SRC=122.107.254.194 DST=14.99.72.127 LEN=136 TOS=0x00 PREC=0x00 TTL=110 ID=39395 PROTO=UDP SPT=60996 DPT=10035 LEN=116 
Apr 26 11:57:59 kashrinivaasan-Inspiron-1545 kernel: [ 4675.068122] [UFW BLOCK] IN=ppp0 OUT= MAC= SRC=122.107.254.194 DST=14.99.72.127 LEN=136 TOS=0x00 PREC=0x00 TTL=110 ID=39396 PROTO=UDP SPT=60996 DPT=10035 LEN=116 
Apr 26 11:58:03 kashrinivaasan-Inspiron-1545 kernel: [ 4679.069098] [UFW BLOCK] IN=ppp0 OUT= MAC= SRC=122.107.254.194 DST=14.99.72.127 LEN=136 TOS=0x00 PREC=0x00 TTL=110 ID=39404 PROTO=UDP SPT=60996 DPT=10035 LEN=116 
Apr 26 11:58:33 kashrinivaasan-Inspiron-1545 kernel: [ 4709.400637] sd 7:0:0:0: [sdb] Test WP failed, assume Write Enabled
Apr 26 11:58:33 kashrinivaasan-Inspiron-1545 kernel: [ 4709.402752] sd 7:0:0:0: [sdb] Asking for cache data failed
Apr 26 11:58:33 kashrinivaasan-Inspiron-1545 kernel: [ 4709.402758] sd 7:0:0:0: [sdb] Assuming drive cache: write through
Apr 26 11:59:25 kashrinivaasan-Inspiron-1545 kernel: [ 4761.112903] sd 7:0:0:0: [sdb] Test WP failed, assume Write Enabled
Apr 26 11:59:25 kashrinivaasan-Inspiron-1545 kernel: [ 4761.115130] sd 7:0:0:0: [sdb] Asking for cache data failed
Apr 26 11:59:25 kashrinivaasan-Inspiron-1545 kernel: [ 4761.115138] sd 7:0:0:0: [sdb] Assuming drive cache: write through
Apr 26 12:00:17 kashrinivaasan-Inspiron-1545 kernel: [ 4812.825787] sd 7:0:0:0: [sdb] Test WP failed, assume Write Enabled
Apr 26 12:00:17 kashrinivaasan-Inspiron-1545 kernel: [ 4812.827896] sd 7:0:0:0: [sdb] Asking for cache data failed
Apr 26 12:00:17 kashrinivaasan-Inspiron-1545 kernel: [ 4812.827902] sd 7:0:0:0: [sdb] Assuming drive cache: write through
Apr 26 12:00:28 kashrinivaasan-Inspiron-1545 kernel: [ 4824.448150] [UFW BLOCK] IN=ppp0 OUT= MAC= SRC=14.99.54.113 DST=14.99.72.127 LEN=48 TOS=0x00 PREC=0x00 TTL=63 ID=49900 DF PROTO=TCP SPT=1455 DPT=1433 WINDOW=65535 RES=0x00 SYN URGP=0 
Apr 26 12:01:08 kashrinivaasan-Inspiron-1545 kernel: [ 4864.540793] sd 7:0:0:0: [sdb] Test WP failed, assume Write Enabled
Apr 26 12:01:08 kashrinivaasan-Inspiron-1545 kernel: [ 4864.542905] sd 7:0:0:0: [sdb] Asking for cache data failed
Apr 26 12:01:08 kashrinivaasan-Inspiron-1545 kernel: [ 4864.542912] sd 7:0:0:0: [sdb] Assuming drive cache: write through
Apr 26 12:01:40 kashrinivaasan-Inspiron-1545 kernel: [ 4895.828146] [UFW BLOCK] IN=ppp0 OUT= MAC= SRC=109.63.170.70 DST=14.99.72.127 LEN=90 TOS=0x00 PREC=0x00 TTL=113 ID=21817 PROTO=UDP SPT=9904 DPT=19260 LEN=70 
Apr 26 12:01:56 kashrinivaasan-Inspiron-1545 kernel: [ 4912.327160] [UFW BLOCK] IN=ppp0 OUT= MAC= SRC=37.15.139.79 DST=14.99.72.127 LEN=52 TOS=0x00 PREC=0x00 TTL=113 ID=1691 DF PROTO=TCP SPT=60910 DPT=12372 WINDOW=8192 RES=0x00 SYN URGP=0 
Apr 26 12:02:00 kashrinivaasan-Inspiron-1545 kernel: [ 4915.707513] [UFW BLOCK] IN=ppp0 OUT= MAC= SRC=37.15.139.79 DST=14.99.72.127 LEN=52 TOS=0x00 PREC=0x00 TTL=113 ID=1969 DF PROTO=TCP SPT=60910 DPT=12372 WINDOW=8192 RES=0x00 SYN URGP=0 
Apr 26 12:02:00 kashrinivaasan-Inspiron-1545 kernel: [ 4916.248959] sd 7:0:0:0: [sdb] Test WP failed, assume Write Enabled
Apr 26 12:02:00 kashrinivaasan-Inspiron-1545 kernel: [ 4916.251098] sd 7:0:0:0: [sdb] Asking for cache data failed
Apr 26 12:02:00 kashrinivaasan-Inspiron-1545 kernel: [ 4916.251105] sd 7:0:0:0: [sdb] Assuming drive cache: write through
Apr 26 12:02:05 kashrinivaasan-Inspiron-1545 kernel: [ 4921.476170] [UFW BLOCK] IN=ppp0 OUT= MAC= SRC=37.15.139.79 DST=14.99.72.127 LEN=48 TOS=0x00 PREC=0x00 TTL=113 ID=2500 DF PROTO=TCP SPT=60910 DPT=12372 WINDOW=8192 RES=0x00 SYN URGP=0 
Apr 26 12:02:17 kashrinivaasan-Inspiron-1545 kernel: [ 4932.717154] [UFW BLOCK] IN=ppp0 OUT= MAC= SRC=119.247.121.219 DST=14.99.72.127 LEN=90 TOS=0x00 PREC=0x00 TTL=115 ID=8663 PROTO=UDP SPT=8201 DPT=19260 LEN=70 
Apr 26 12:02:24 kashrinivaasan-Inspiron-1545 kernel: [ 4940.128175] [UFW BLOCK] IN=ppp0 OUT= MAC= SRC=116.240.187.186 DST=14.99.72.127 LEN=146 TOS=0x00 PREC=0x00 TTL=107 ID=21235 PROTO=UDP SPT=62543 DPT=10035 LEN=126 
Apr 26 12:02:26 kashrinivaasan-Inspiron-1545 kernel: [ 4942.148154] [UFW BLOCK] IN=ppp0 OUT= MAC= SRC=116.240.187.186 DST=14.99.72.127 LEN=146 TOS=0x00 PREC=0x00 TTL=107 ID=21238 DF PROTO=UDP SPT=62543 DPT=10035 LEN=126 
Apr 26 12:02:27 kashrinivaasan-Inspiron-1545 kernel: [ 4943.047154] [UFW BLOCK] IN=ppp0 OUT= MAC= SRC=14.99.54.113 DST=14.99.72.127 LEN=48 TOS=0x00 PREC=0x00 TTL=63 ID=17935 DF PROTO=TCP SPT=4345 DPT=1433 WINDOW=65535 RES=0x00 SYN URGP=0 
Apr 26 12:02:29 kashrinivaasan-Inspiron-1545 kernel: [ 4945.165156] [UFW BLOCK] IN=ppp0 OUT= MAC= SRC=14.99.54.113 DST=14.99.72.127 LEN=48 TOS=0x00 PREC=0x00 TTL=63 ID=18567 DF PROTO=TCP SPT=1049 DPT=3306 WINDOW=65535 RES=0x00 SYN URGP=0 
Apr 26 12:02:30 kashrinivaasan-Inspiron-1545 kernel: [ 4946.148182] [UFW BLOCK] IN=ppp0 OUT= MAC= SRC=116.240.187.186 DST=14.99.72.127 LEN=146 TOS=0x00 PREC=0x00 TTL=107 ID=21239 DF PROTO=UDP SPT=62543 DPT=10035 LEN=126 
Apr 26 12:02:33 kashrinivaasan-Inspiron-1545 kernel: [ 4949.377135] [UFW BLOCK] IN=ppp0 OUT= MAC= SRC=14.99.54.113 DST=14.99.72.127 LEN=48 TOS=0x00 PREC=0x00 TTL=63 ID=19810 DF PROTO=TCP SPT=1817 DPT=3128 WINDOW=65535 RES=0x00 SYN URGP=0 
Apr 26 12:02:39 kashrinivaasan-Inspiron-1545 kernel: [ 4955.187157] [UFW BLOCK] IN=ppp0 OUT= MAC= SRC=83.55.159.209 DST=14.99.72.127 LEN=90 TOS=0x00 PREC=0x00 TTL=114 ID=23245 PROTO=UDP SPT=12930 DPT=19260 LEN=70 
Apr 26 12:02:52 kashrinivaasan-Inspiron-1545 kernel: [ 4967.964821] sd 7:0:0:0: [sdb] Test WP failed, assume Write Enabled
Apr 26 12:02:52 kashrinivaasan-Inspiron-1545 kernel: [ 4967.966929] sd 7:0:0:0: [sdb] Asking for cache data failed
Apr 26 12:02:52 kashrinivaasan-Inspiron-1545 kernel: [ 4967.966937] sd 7:0:0:0: [sdb] Assuming drive cache: write through
Apr 26 12:03:13 kashrinivaasan-Inspiron-1545 kernel: [ 4988.825179] [UFW BLOCK] IN=ppp0 OUT= MAC= SRC=99.48.202.109 DST=14.99.72.127 LEN=90 TOS=0x00 PREC=0x00 TTL=112 ID=21915 PROTO=UDP SPT=11487 DPT=19260 LEN=70 
Apr 26 12:03:43 kashrinivaasan-Inspiron-1545 kernel: [ 5019.668941] sd 7:0:0:0: [sdb] Test WP failed, assume Write Enabled
Apr 26 12:03:43 kashrinivaasan-Inspiron-1545 kernel: [ 5019.671197] sd 7:0:0:0: [sdb] Asking for cache data failed
Apr 26 12:03:43 kashrinivaasan-Inspiron-1545 kernel: [ 5019.671208] sd 7:0:0:0: [sdb] Assuming drive cache: write through
Apr 26 12:04:27 kashrinivaasan-Inspiron-1545 kernel: [ 5062.826194] [UFW BLOCK] IN=ppp0 OUT= MAC= SRC=122.163.15.129 DST=14.99.72.127 LEN=143 TOS=0x00 PREC=0x00 TTL=118 ID=4889 PROTO=UDP SPT=1055 DPT=10035 LEN=123 
Apr 26 12:04:29 kashrinivaasan-Inspiron-1545 kernel: [ 5064.867164] [UFW BLOCK] IN=ppp0 OUT= MAC= SRC=122.163.15.129 DST=14.99.72.127 LEN=143 TOS=0x00 PREC=0x00 TTL=118 ID=4987 PROTO=UDP SPT=1055 DPT=10035 LEN=123 
Apr 26 12:04:33 kashrinivaasan-Inspiron-1545 kernel: [ 5068.885194] [UFW BLOCK] IN=ppp0 OUT= MAC= SRC=122.163.15.129 DST=14.99.72.127 LEN=143 TOS=0x00 PREC=0x00 TTL=118 ID=5061 PROTO=UDP SPT=1055 DPT=10035 LEN=123 
Apr 26 12:04:35 kashrinivaasan-Inspiron-1545 kernel: [ 5071.380828] sd 7:0:0:0: [sdb] Test WP failed, assume Write Enabled
Apr 26 12:04:35 kashrinivaasan-Inspiron-1545 kernel: [ 5071.382949] sd 7:0:0:0: [sdb] Asking for cache data failed
Apr 26 12:04:35 kashrinivaasan-Inspiron-1545 kernel: [ 5071.382955] sd 7:0:0:0: [sdb] Assuming drive cache: write through
Apr 26 12:04:49 kashrinivaasan-Inspiron-1545 kernel: [ 5085.066172] [UFW BLOCK] IN=ppp0 OUT= MAC= SRC=115.108.179.244 DST=14.99.72.127 LEN=60 TOS=0x00 PREC=0x00 TTL=51 ID=62973 DF PROTO=TCP SPT=52771 DPT=23 WINDOW=5840 RES=0x00 SYN URGP=0 
Apr 26 12:04:56 kashrinivaasan-Inspiron-1545 kernel: [ 5092.325194] [UFW BLOCK] IN=ppp0 OUT= MAC= SRC=111.221.74.18 DST=14.99.72.127 LEN=168 TOS=0x00 PREC=0x00 TTL=55 ID=0 DF PROTO=UDP SPT=40031 DPT=10035 LEN=148 
Apr 26 12:04:58 kashrinivaasan-Inspiron-1545 kernel: [ 5094.325213] [UFW BLOCK] IN=ppp0 OUT= MAC= SRC=111.221.74.18 DST=14.99.72.127 LEN=168 TOS=0x00 PREC=0x00 TTL=55 ID=0 DF PROTO=UDP SPT=40031 DPT=10035 LEN=148 
Apr 26 12:05:02 kashrinivaasan-Inspiron-1545 kernel: [ 5098.227197] [UFW BLOCK] IN=ppp0 OUT= MAC= SRC=213.199.179.154 DST=14.99.72.127 LEN=156 TOS=0x00 PREC=0x00 TTL=52 ID=0 DF PROTO=UDP SPT=40004 DPT=61556 LEN=136 
Apr 26 12:05:27 kashrinivaasan-Inspiron-1545 kernel: [ 5123.097216] sd 7:0:0:0: [sdb] Test WP failed, assume Write Enabled
Apr 26 12:05:27 kashrinivaasan-Inspiron-1545 kernel: [ 5123.099335] sd 7:0:0:0: [sdb] Asking for cache data failed
Apr 26 12:05:27 kashrinivaasan-Inspiron-1545 kernel: [ 5123.099341] sd 7:0:0:0: [sdb] Assuming drive cache: write through
Apr 26 12:05:53 kashrinivaasan-Inspiron-1545 kernel: [ 5148.905200] [UFW BLOCK] IN=ppp0 OUT= MAC= SRC=221.204.31.11 DST=14.99.72.127 LEN=40 TOS=0x00 PREC=0x00 TTL=99 ID=256 PROTO=TCP SPT=6000 DPT=1433 WINDOW=16384 RES=0x00 SYN URGP=0 
Apr 26 12:06:19 kashrinivaasan-Inspiron-1545 kernel: [ 5174.808596] sd 7:0:0:0: [sdb] Test WP failed, assume Write Enabled
Apr 26 12:06:19 kashrinivaasan-Inspiron-1545 kernel: [ 5174.810841] sd 7:0:0:0: [sdb] Asking for cache data failed
Apr 26 12:06:19 kashrinivaasan-Inspiron-1545 kernel: [ 5174.810847] sd 7:0:0:0: [sdb] Assuming drive cache: write through
Apr 26 12:06:22 kashrinivaasan-Inspiron-1545 kernel: [ 5177.825194] [UFW BLOCK] IN=ppp0 OUT= MAC= SRC=12.201.106.130 DST=14.99.72.127 LEN=126 TOS=0x00 PREC=0x00 TTL=106 ID=19303 PROTO=UDP SPT=20671 DPT=19260 LEN=106 
Apr 26 12:07:10 kashrinivaasan-Inspiron-1545 kernel: [ 5226.520600] sd 7:0:0:0: [sdb] Test WP failed, assume Write Enabled
Apr 26 12:07:10 kashrinivaasan-Inspiron-1545 kernel: [ 5226.522720] sd 7:0:0:0: [sdb] Asking for cache data failed
Apr 26 12:07:10 kashrinivaasan-Inspiron-1545 kernel: [ 5226.522727] sd 7:0:0:0: [sdb] Assuming drive cache: write through
Apr 26 12:07:20 kashrinivaasan-Inspiron-1545 kernel: [ 5235.744224] [UFW BLOCK] IN=ppp0 OUT= MAC= SRC=222.186.57.59 DST=14.99.72.127 LEN=40 TOS=0x00 PREC=0x00 TTL=92 ID=256 PROTO=TCP SPT=6000 DPT=3306 WINDOW=16384 RES=0x00 SYN URGP=0 
Apr 26 12:08:02 kashrinivaasan-Inspiron-1545 kernel: [ 5278.273247] sd 7:0:0:0: [sdb] Test WP failed, assume Write Enabled
Apr 26 12:08:02 kashrinivaasan-Inspiron-1545 kernel: [ 5278.275371] sd 7:0:0:0: [sdb] Asking for cache data failed
Apr 26 12:08:02 kashrinivaasan-Inspiron-1545 kernel: [ 5278.275379] sd 7:0:0:0: [sdb] Assuming drive cache: write through
Apr 26 12:08:08 kashrinivaasan-Inspiron-1545 kernel: [ 5283.944235] [UFW BLOCK] IN=ppp0 OUT= MAC= SRC=122.107.254.194 DST=14.99.72.127 LEN=136 TOS=0x00 PREC=0x00 TTL=110 ID=39951 PROTO=UDP SPT=60996 DPT=10035 LEN=116 
Apr 26 12:08:10 kashrinivaasan-Inspiron-1545 kernel: [ 5285.834213] [UFW BLOCK] IN=ppp0 OUT= MAC= SRC=122.107.254.194 DST=14.99.72.127 LEN=136 TOS=0x00 PREC=0x00 TTL=110 ID=39959 PROTO=UDP SPT=60996 DPT=10035 LEN=116 
Apr 26 12:08:14 kashrinivaasan-Inspiron-1545 kernel: [ 5289.875235] [UFW BLOCK] IN=ppp0 OUT= MAC= SRC=122.107.254.194 DST=14.99.72.127 LEN=136 TOS=0x00 PREC=0x00 TTL=110 ID=39970 PROTO=UDP SPT=60996 DPT=10035 LEN=116 
Apr 26 12:08:54 kashrinivaasan-Inspiron-1545 kernel: [ 5329.944761] sd 7:0:0:0: [sdb] Test WP failed, assume Write Enabled
Apr 26 12:08:54 kashrinivaasan-Inspiron-1545 kernel: [ 5329.947143] sd 7:0:0:0: [sdb] Asking for cache data failed
Apr 26 12:08:54 kashrinivaasan-Inspiron-1545 kernel: [ 5329.947150] sd 7:0:0:0: [sdb] Assuming drive cache: write through
Apr 26 12:09:22 kashrinivaasan-Inspiron-1545 kernel: [ 5358.223254] [UFW BLOCK] IN=ppp0 OUT= MAC= SRC=211.149.146.116 DST=14.99.72.127 LEN=40 TOS=0x00 PREC=0x00 TTL=95 ID=256 PROTO=TCP SPT=6000 DPT=1433 WINDOW=16384 RES=0x00 SYN URGP=0 
Apr 26 12:09:46 kashrinivaasan-Inspiron-1545 kernel: [ 5381.716648] sd 7:0:0:0: [sdb] Test WP failed, assume Write Enabled
Apr 26 12:09:46 kashrinivaasan-Inspiron-1545 kernel: [ 5381.718772] sd 7:0:0:0: [sdb] Asking for cache data failed
Apr 26 12:09:46 kashrinivaasan-Inspiron-1545 kernel: [ 5381.718782] sd 7:0:0:0: [sdb] Assuming drive cache: write through
Apr 26 12:09:49 kashrinivaasan-Inspiron-1545 kernel: [ 5385.162238] [UFW BLOCK] IN=ppp0 OUT= MAC= SRC=14.97.219.217 DST=14.99.72.127 LEN=52 TOS=0x00 PREC=0x00 TTL=56 ID=16124 DF PROTO=TCP SPT=52634 DPT=1433 WINDOW=8192 RES=0x00 SYN URGP=0 
Apr 26 12:09:51 kashrinivaasan-Inspiron-1545 kernel: [ 5387.203232] [UFW BLOCK] IN=ppp0 OUT= MAC= SRC=14.97.219.217 DST=14.99.72.127 LEN=52 TOS=0x00 PREC=0x00 TTL=56 ID=16668 DF PROTO=TCP SPT=52985 DPT=3306 WINDOW=8192 RES=0x00 SYN URGP=0 
Apr 26 12:09:55 kashrinivaasan-Inspiron-1545 kernel: [ 5391.183264] [UFW BLOCK] IN=ppp0 OUT= MAC= SRC=14.97.219.217 DST=14.99.72.127 LEN=52 TOS=0x00 PREC=0x00 TTL=56 ID=17838 DF PROTO=TCP SPT=53680 DPT=8090 WINDOW=8192 RES=0x00 SYN URGP=0 
Apr 26 12:09:57 kashrinivaasan-Inspiron-1545 kernel: [ 5393.323263] [UFW BLOCK] IN=ppp0 OUT= MAC= SRC=14.97.219.217 DST=14.99.72.127 LEN=52 TOS=0x00 PREC=0x00 TTL=56 ID=18445 DF PROTO=TCP SPT=54050 DPT=1433 WINDOW=8192 RES=0x00 SYN URGP=0 
Apr 26 12:09:58 kashrinivaasan-Inspiron-1545 kernel: [ 5394.224235] [UFW BLOCK] IN=ppp0 OUT= MAC= SRC=122.163.15.129 DST=14.99.72.127 LEN=143 TOS=0x00 PREC=0x00 TTL=118 ID=58046 PROTO=UDP SPT=1055 DPT=10035 LEN=123 
Apr 26 12:10:00 kashrinivaasan-Inspiron-1545 kernel: [ 5396.204256] [UFW BLOCK] IN=ppp0 OUT= MAC= SRC=122.163.15.129 DST=14.99.72.127 LEN=143 TOS=0x00 PREC=0x00 TTL=118 ID=58139 PROTO=UDP SPT=1055 DPT=10035 LEN=123 
Apr 26 12:10:04 kashrinivaasan-Inspiron-1545 kernel: [ 5399.944272] [UFW BLOCK] IN=ppp0 OUT= MAC= SRC=122.163.15.129 DST=14.99.72.127 LEN=143 TOS=0x00 PREC=0x00 TTL=118 ID=58245 PROTO=UDP SPT=1055 DPT=10035 LEN=123 
Apr 26 12:10:09 kashrinivaasan-Inspiron-1545 kernel: [ 5405.484251] [UFW BLOCK] IN=ppp0 OUT= MAC= SRC=2.223.244.27 DST=14.99.72.127 LEN=90 TOS=0x00 PREC=0x00 TTL=113 ID=1032 PROTO=UDP SPT=24685 DPT=19260 LEN=70 
Apr 26 12:10:37 kashrinivaasan-Inspiron-1545 kernel: [ 5433.368657] sd 7:0:0:0: [sdb] Test WP failed, assume Write Enabled
Apr 26 12:10:37 kashrinivaasan-Inspiron-1545 kernel: [ 5433.370780] sd 7:0:0:0: [sdb] Asking for cache data failed
Apr 26 12:10:37 kashrinivaasan-Inspiron-1545 kernel: [ 5433.370790] sd 7:0:0:0: [sdb] Assuming drive cache: write through
Apr 26 12:11:29 kashrinivaasan-Inspiron-1545 kernel: [ 5485.080663] sd 7:0:0:0: [sdb] Test WP failed, assume Write Enabled
Apr 26 12:11:29 kashrinivaasan-Inspiron-1545 kernel: [ 5485.082911] sd 7:0:0:0: [sdb] Asking for cache data failed
Apr 26 12:11:29 kashrinivaasan-Inspiron-1545 kernel: [ 5485.082918] sd 7:0:0:0: [sdb] Assuming drive cache: write through
Apr 26 12:11:55 kashrinivaasan-Inspiron-1545 kernel: [ 5511.203304] [UFW BLOCK] IN=ppp0 OUT= MAC= SRC=112.209.151.188 DST=14.99.72.127 LEN=90 TOS=0x00 PREC=0x00 TTL=107 ID=20846 PROTO=UDP SPT=23599 DPT=19260 LEN=70 
Apr 26 12:12:21 kashrinivaasan-Inspiron-1545 kernel: [ 5536.792798] sd 7:0:0:0: [sdb] Test WP failed, assume Write Enabled
Apr 26 12:12:21 kashrinivaasan-Inspiron-1545 kernel: [ 5536.794915] sd 7:0:0:0: [sdb] Asking for cache data failed
Apr 26 12:12:21 kashrinivaasan-Inspiron-1545 kernel: [ 5536.794921] sd 7:0:0:0: [sdb] Assuming drive cache: write through
Apr 26 12:12:39 kashrinivaasan-Inspiron-1545 kernel: [ 5554.885264] [UFW BLOCK] IN=ppp0 OUT= MAC= SRC=116.240.187.186 DST=14.99.72.127 LEN=146 TOS=0x00 PREC=0x00 TTL=107 ID=21557 PROTO=UDP SPT=62543 DPT=10035 LEN=126 
Apr 26 12:12:41 kashrinivaasan-Inspiron-1545 kernel: [ 5556.884275] [UFW BLOCK] IN=ppp0 OUT= MAC= SRC=116.240.187.186 DST=14.99.72.127 LEN=146 TOS=0x00 PREC=0x00 TTL=107 ID=21558 DF PROTO=UDP SPT=62543 DPT=10035 LEN=126 
Apr 26 12:12:45 kashrinivaasan-Inspiron-1545 kernel: [ 5560.773369] [UFW BLOCK] IN=ppp0 OUT= MAC= SRC=116.240.187.186 DST=14.99.72.127 LEN=146 TOS=0x00 PREC=0x00 TTL=107 ID=21559 DF PROTO=UDP SPT=62543 DPT=10035 LEN=126 
Apr 26 12:13:02 kashrinivaasan-Inspiron-1545 kernel: [ 5578.560273] [UFW BLOCK] IN=ppp0 OUT= MAC= SRC=115.28.34.206 DST=14.99.72.127 LEN=40 TOS=0x00 PREC=0x00 TTL=97 ID=256 PROTO=TCP SPT=6000 DPT=1433 WINDOW=16384 RES=0x00 SYN URGP=0 
Apr 26 12:13:12 kashrinivaasan-Inspiron-1545 kernel: [ 5588.504808] sd 7:0:0:0: [sdb] Test WP failed, assume Write Enabled
Apr 26 12:13:12 kashrinivaasan-Inspiron-1545 kernel: [ 5588.506975] sd 7:0:0:0: [sdb] Asking for cache data failed
Apr 26 12:13:12 kashrinivaasan-Inspiron-1545 kernel: [ 5588.506983] sd 7:0:0:0: [sdb] Assuming drive cache: write through
Apr 26 12:13:33 kashrinivaasan-Inspiron-1545 kernel: [ 5609.621297] [UFW BLOCK] IN=ppp0 OUT= MAC= SRC=42.96.189.78 DST=14.99.72.127 LEN=40 TOS=0x00 PREC=0x00 TTL=97 ID=256 PROTO=TCP SPT=6000 DPT=1433 WINDOW=16384 RES=0x00 SYN URGP=0 
Apr 26 12:14:04 kashrinivaasan-Inspiron-1545 kernel: [ 5640.212691] sd 7:0:0:0: [sdb] Test WP failed, assume Write Enabled
Apr 26 12:14:04 kashrinivaasan-Inspiron-1545 kernel: [ 5640.214820] sd 7:0:0:0: [sdb] Asking for cache data failed
Apr 26 12:14:04 kashrinivaasan-Inspiron-1545 kernel: [ 5640.214829] sd 7:0:0:0: [sdb] Assuming drive cache: write through
Apr 26 12:14:44 kashrinivaasan-Inspiron-1545 kernel: [ 5679.891297] [UFW BLOCK] IN=ppp0 OUT= MAC= SRC=60.173.8.248 DST=14.99.72.127 LEN=40 TOS=0x00 PREC=0x00 TTL=104 ID=256 PROTO=TCP SPT=5946 DPT=6675 WINDOW=16384 RES=0x00 SYN URGP=0 
Apr 26 12:14:47 kashrinivaasan-Inspiron-1545 kernel: [ 5683.590312] [UFW BLOCK] IN=ppp0 OUT= MAC= SRC=61.155.202.27 DST=14.99.72.127 LEN=40 TOS=0x00 PREC=0x00 TTL=100 ID=256 PROTO=TCP SPT=55878 DPT=1433 WINDOW=16384 RES=0x00 SYN URGP=0 
Apr 26 12:14:56 kashrinivaasan-Inspiron-1545 kernel: [ 5691.960720] sd 7:0:0:0: [sdb] Test WP failed, assume Write Enabled
Apr 26 12:14:56 kashrinivaasan-Inspiron-1545 kernel: [ 5691.962832] sd 7:0:0:0: [sdb] Asking for cache data failed
Apr 26 12:14:56 kashrinivaasan-Inspiron-1545 kernel: [ 5691.962839] sd 7:0:0:0: [sdb] Assuming drive cache: write through
Apr 26 12:15:04 kashrinivaasan-Inspiron-1545 kernel: [ 5700.380323] [UFW BLOCK] IN=ppp0 OUT= MAC= SRC=14.98.218.65 DST=14.99.72.127 LEN=48 TOS=0x00 PREC=0x00 TTL=56 ID=8667 DF PROTO=TCP SPT=3777 DPT=1433 WINDOW=65535 RES=0x00 SYN URGP=0 
Apr 26 12:15:13 kashrinivaasan-Inspiron-1545 kernel: [ 5709.389304] [UFW BLOCK] IN=ppp0 OUT= MAC= SRC=111.221.74.18 DST=14.99.72.127 LEN=168 TOS=0x00 PREC=0x00 TTL=55 ID=0 DF PROTO=UDP SPT=40031 DPT=10035 LEN=148 
Apr 26 12:15:14 kashrinivaasan-Inspiron-1545 kernel: [ 5710.149314] [UFW BLOCK] IN=ppp0 OUT= MAC= SRC=111.221.74.18 DST=14.99.72.127 LEN=168 TOS=0x00 PREC=0x00 TTL=55 ID=0 DF PROTO=UDP SPT=40031 DPT=10035 LEN=148 
Apr 26 12:15:18 kashrinivaasan-Inspiron-1545 kernel: [ 5714.171312] [UFW BLOCK] IN=ppp0 OUT= MAC= SRC=111.221.74.18 DST=14.99.72.127 LEN=168 TOS=0x00 PREC=0x00 TTL=55 ID=0 DF PROTO=UDP SPT=40031 DPT=10035 LEN=148 
Apr 26 12:15:20 kashrinivaasan-Inspiron-1545 kernel: [ 5716.049311] [UFW BLOCK] IN=ppp0 OUT= MAC= SRC=213.199.179.154 DST=14.99.72.127 LEN=173 TOS=0x00 PREC=0x00 TTL=52 ID=0 DF PROTO=UDP SPT=40004 DPT=61556 LEN=153 
Apr 26 12:15:22 kashrinivaasan-Inspiron-1545 kernel: [ 5717.813321] [UFW BLOCK] IN=ppp0 OUT= MAC= SRC=213.199.179.154 DST=14.99.72.127 LEN=173 TOS=0x00 PREC=0x00 TTL=52 ID=0 DF PROTO=UDP SPT=40004 DPT=61556 LEN=153 
Apr 26 12:15:27 kashrinivaasan-Inspiron-1545 kernel: [ 5723.012282] [UFW BLOCK] IN=ppp0 OUT= MAC= SRC=213.199.179.154 DST=14.99.72.127 LEN=173 TOS=0x00 PREC=0x00 TTL=52 ID=0 DF PROTO=UDP SPT=40004 DPT=61556 LEN=153 
Apr 26 12:15:47 kashrinivaasan-Inspiron-1545 kernel: [ 5743.640725] sd 7:0:0:0: [sdb] Test WP failed, assume Write Enabled
Apr 26 12:15:47 kashrinivaasan-Inspiron-1545 kernel: [ 5743.642839] sd 7:0:0:0: [sdb] Asking for cache data failed
Apr 26 12:15:47 kashrinivaasan-Inspiron-1545 kernel: [ 5743.642846] sd 7:0:0:0: [sdb] Assuming drive cache: write through
Apr 26 12:16:30 kashrinivaasan-Inspiron-1545 kernel: [ 5785.820539] [UFW BLOCK] IN=ppp0 OUT= MAC= SRC=118.244.142.45 DST=14.99.72.127 LEN=40 TOS=0x00 PREC=0x00 TTL=101 ID=256 PROTO=TCP SPT=29267 DPT=1433 WINDOW=16384 RES=0x00 SYN URGP=0 
Apr 26 12:16:39 kashrinivaasan-Inspiron-1545 kernel: [ 5795.352593] sd 7:0:0:0: [sdb] Test WP failed, assume Write Enabled
Apr 26 12:16:39 kashrinivaasan-Inspiron-1545 kernel: [ 5795.354726] sd 7:0:0:0: [sdb] Asking for cache data failed
Apr 26 12:16:39 kashrinivaasan-Inspiron-1545 kernel: [ 5795.354735] sd 7:0:0:0: [sdb] Assuming drive cache: write through
Apr 26 12:17:23 kashrinivaasan-Inspiron-1545 kernel: [ 5839.579352] [UFW BLOCK] IN=ppp0 OUT= MAC= SRC=222.186.52.42 DST=14.99.72.127 LEN=40 TOS=0x00 PREC=0x00 TTL=92 ID=256 PROTO=TCP SPT=6000 DPT=1433 WINDOW=16384 RES=0x00 SYN URGP=0 
Apr 26 12:17:31 kashrinivaasan-Inspiron-1545 kernel: [ 5847.065092] sd 7:0:0:0: [sdb] Test WP failed, assume Write Enabled
Apr 26 12:17:31 kashrinivaasan-Inspiron-1545 kernel: [ 5847.067487] sd 7:0:0:0: [sdb] Asking for cache data failed
Apr 26 12:17:31 kashrinivaasan-Inspiron-1545 kernel: [ 5847.067495] sd 7:0:0:0: [sdb] Assuming drive cache: write through
Apr 26 12:17:32 kashrinivaasan-Inspiron-1545 kernel: [ 5847.820332] [UFW BLOCK] IN=ppp0 OUT= MAC= SRC=115.28.34.239 DST=14.99.72.127 LEN=40 TOS=0x00 PREC=0x00 TTL=97 ID=256 PROTO=TCP SPT=6000 DPT=1433 WINDOW=16384 RES=0x00 SYN URGP=0 
Apr 26 12:17:33 kashrinivaasan-Inspiron-1545 kernel: [ 5848.819327] [UFW BLOCK] IN=ppp0 OUT= MAC= SRC=222.186.63.183 DST=14.99.72.127 LEN=40 TOS=0x00 PREC=0x00 TTL=94 ID=256 PROTO=TCP SPT=6000 DPT=6666 WINDOW=16384 RES=0x00 SYN URGP=0 
Apr 26 12:18:21 kashrinivaasan-Inspiron-1545 kernel: [ 5896.960342] [UFW BLOCK] IN=ppp0 OUT= MAC= SRC=122.107.254.194 DST=14.99.72.127 LEN=136 TOS=0x00 PREC=0x00 TTL=110 ID=40542 PROTO=UDP SPT=60996 DPT=10035 LEN=116 
Apr 26 12:18:23 kashrinivaasan-Inspiron-1545 kernel: [ 5898.776619] sd 7:0:0:0: [sdb] Test WP failed, assume Write Enabled
Apr 26 12:18:23 kashrinivaasan-Inspiron-1545 kernel: [ 5898.778736] sd 7:0:0:0: [sdb] Asking for cache data failed
Apr 26 12:18:23 kashrinivaasan-Inspiron-1545 kernel: [ 5898.778742] sd 7:0:0:0: [sdb] Assuming drive cache: write through
Apr 26 12:18:23 kashrinivaasan-Inspiron-1545 kernel: [ 5899.002566] [UFW BLOCK] IN=ppp0 OUT= MAC= SRC=122.107.254.194 DST=14.99.72.127 LEN=136 TOS=0x00 PREC=0x00 TTL=110 ID=40544 PROTO=UDP SPT=60996 DPT=10035 LEN=116 
Apr 26 12:18:27 kashrinivaasan-Inspiron-1545 kernel: [ 5903.040335] [UFW BLOCK] IN=ppp0 OUT= MAC= SRC=122.107.254.194 DST=14.99.72.127 LEN=136 TOS=0x00 PREC=0x00 TTL=110 ID=40546 PROTO=UDP SPT=60996 DPT=10035 LEN=116 
Apr 26 12:19:14 kashrinivaasan-Inspiron-1545 kernel: [ 5950.489006] sd 7:0:0:0: [sdb] Test WP failed, assume Write Enabled
Apr 26 12:19:14 kashrinivaasan-Inspiron-1545 kernel: [ 5950.491140] sd 7:0:0:0: [sdb] Asking for cache data failed
Apr 26 12:19:14 kashrinivaasan-Inspiron-1545 kernel: [ 5950.491148] sd 7:0:0:0: [sdb] Assuming drive cache: write through
Apr 26 12:19:17 kashrinivaasan-Inspiron-1545 kernel: [ 5953.098349] [UFW BLOCK] IN=ppp0 OUT= MAC= SRC=60.173.8.246 DST=14.99.72.127 LEN=40 TOS=0x00 PREC=0x00 TTL=104 ID=256 PROTO=TCP SPT=2714 DPT=6675 WINDOW=16384 RES=0x00 SYN URGP=0 
Apr 26 12:20:06 kashrinivaasan-Inspiron-1545 kernel: [ 6002.201907] sd 7:0:0:0: [sdb] Test WP failed, assume Write Enabled
Apr 26 12:20:06 kashrinivaasan-Inspiron-1545 kernel: [ 6002.204037] sd 7:0:0:0: [sdb] Asking for cache data failed
Apr 26 12:20:06 kashrinivaasan-Inspiron-1545 kernel: [ 6002.204050] sd 7:0:0:0: [sdb] Assuming drive cache: write through
Apr 26 12:20:10 kashrinivaasan-Inspiron-1545 kernel: [ 6005.819355] [UFW BLOCK] IN=ppp0 OUT= MAC= SRC=122.163.15.129 DST=14.99.72.127 LEN=143 TOS=0x00 PREC=0x00 TTL=118 ID=50676 PROTO=UDP SPT=1037 DPT=10035 LEN=123 
Apr 26 12:20:12 kashrinivaasan-Inspiron-1545 kernel: [ 6007.839363] [UFW BLOCK] IN=ppp0 OUT= MAC= SRC=122.163.15.129 DST=14.99.72.127 LEN=143 TOS=0x00 PREC=0x00 TTL=118 ID=50755 PROTO=UDP SPT=1037 DPT=10035 LEN=123 
Apr 26 12:20:16 kashrinivaasan-Inspiron-1545 kernel: [ 6011.879349] [UFW BLOCK] IN=ppp0 OUT= MAC= SRC=122.163.15.129 DST=14.99.72.127 LEN=143 TOS=0x00 PREC=0x00 TTL=118 ID=50793 PROTO=UDP SPT=1037 DPT=10035 LEN=123 
Apr 26 12:20:58 kashrinivaasan-Inspiron-1545 kernel: [ 6053.912769] sd 7:0:0:0: [sdb] Test WP failed, assume Write Enabled
Apr 26 12:20:58 kashrinivaasan-Inspiron-1545 kernel: [ 6053.914895] sd 7:0:0:0: [sdb] Asking for cache data failed
Apr 26 12:20:58 kashrinivaasan-Inspiron-1545 kernel: [ 6053.914903] sd 7:0:0:0: [sdb] Assuming drive cache: write through
Apr 26 12:21:31 kashrinivaasan-Inspiron-1545 kernel: [ 6087.586370] [UFW BLOCK] IN=ppp0 OUT= MAC= SRC=119.247.121.219 DST=14.99.72.127 LEN=90 TOS=0x00 PREC=0x00 TTL=115 ID=13093 PROTO=UDP SPT=8201 DPT=19260 LEN=70 
Apr 26 12:21:42 kashrinivaasan-Inspiron-1545 kernel: [ 6097.698363] [UFW BLOCK] IN=ppp0 OUT= MAC= SRC=109.63.170.70 DST=14.99.72.127 LEN=90 TOS=0x00 PREC=0x00 TTL=113 ID=5354 PROTO=UDP SPT=9904 DPT=19260 LEN=70 
Apr 26 12:21:49 kashrinivaasan-Inspiron-1545 kernel: [ 6105.624657] sd 7:0:0:0: [sdb] Test WP failed, assume Write Enabled
Apr 26 12:21:49 kashrinivaasan-Inspiron-1545 kernel: [ 6105.626771] sd 7:0:0:0: [sdb] Asking for cache data failed
Apr 26 12:21:49 kashrinivaasan-Inspiron-1545 kernel: [ 6105.626777] sd 7:0:0:0: [sdb] Assuming drive cache: write through
Apr 26 12:22:38 kashrinivaasan-Inspiron-1545 kernel: [ 6154.476396] [UFW BLOCK] IN=ppp0 OUT= MAC= SRC=14.98.218.65 DST=14.99.72.127 LEN=48 TOS=0x00 PREC=0x00 TTL=56 ID=63504 DF PROTO=TCP SPT=2321 DPT=1433 WINDOW=65535 RES=0x00 SYN URGP=0 
Apr 26 12:22:41 kashrinivaasan-Inspiron-1545 kernel: [ 6157.296387] [UFW BLOCK] IN=ppp0 OUT= MAC= SRC=14.98.218.65 DST=14.99.72.127 LEN=48 TOS=0x00 PREC=0x00 TTL=56 ID=64280 DF PROTO=TCP SPT=2811 DPT=3306 WINDOW=65535 RES=0x00 SYN URGP=0 
Apr 26 12:22:41 kashrinivaasan-Inspiron-1545 kernel: [ 6157.343535] sd 7:0:0:0: [sdb] Test WP failed, assume Write Enabled
Apr 26 12:22:41 kashrinivaasan-Inspiron-1545 kernel: [ 6157.345791] sd 7:0:0:0: [sdb] Asking for cache data failed
Apr 26 12:22:41 kashrinivaasan-Inspiron-1545 kernel: [ 6157.345800] sd 7:0:0:0: [sdb] Assuming drive cache: write through
Apr 26 12:22:45 kashrinivaasan-Inspiron-1545 kernel: [ 6161.106393] [UFW BLOCK] IN=ppp0 OUT= MAC= SRC=14.98.218.65 DST=14.99.72.127 LEN=48 TOS=0x00 PREC=0x00 TTL=56 ID=65325 DF PROTO=TCP SPT=3481 DPT=8080 WINDOW=65535 RES=0x00 SYN URGP=0 
Apr 26 12:22:54 kashrinivaasan-Inspiron-1545 kernel: [ 6169.807400] [UFW BLOCK] IN=ppp0 OUT= MAC= SRC=116.240.187.186 DST=14.99.72.127 LEN=146 TOS=0x00 PREC=0x00 TTL=107 ID=21894 PROTO=UDP SPT=62543 DPT=10035 LEN=126 
Apr 26 12:22:56 kashrinivaasan-Inspiron-1545 kernel: [ 6171.939398] [UFW BLOCK] IN=ppp0 OUT= MAC= SRC=116.240.187.186 DST=14.99.72.127 LEN=146 TOS=0x00 PREC=0x00 TTL=107 ID=21898 DF PROTO=UDP SPT=62543 DPT=10035 LEN=126 
Apr 26 12:23:00 kashrinivaasan-Inspiron-1545 kernel: [ 6175.977412] [UFW BLOCK] IN=ppp0 OUT= MAC= SRC=116.240.187.186 DST=14.99.72.127 LEN=146 TOS=0x00 PREC=0x00 TTL=107 ID=21902 DF PROTO=UDP SPT=62543 DPT=10035 LEN=126 
Apr 26 12:23:33 kashrinivaasan-Inspiron-1545 kernel: [ 6209.052803] sd 7:0:0:0: [sdb] Test WP failed, assume Write Enabled
Apr 26 12:23:33 kashrinivaasan-Inspiron-1545 kernel: [ 6209.054925] sd 7:0:0:0: [sdb] Asking for cache data failed
Apr 26 12:23:33 kashrinivaasan-Inspiron-1545 kernel: [ 6209.054931] sd 7:0:0:0: [sdb] Assuming drive cache: write through
Apr 26 12:24:25 kashrinivaasan-Inspiron-1545 kernel: [ 6260.760946] sd 7:0:0:0: [sdb] Test WP failed, assume Write Enabled
Apr 26 12:24:25 kashrinivaasan-Inspiron-1545 kernel: [ 6260.763187] sd 7:0:0:0: [sdb] Asking for cache data failed
Apr 26 12:24:25 kashrinivaasan-Inspiron-1545 kernel: [ 6260.763194] sd 7:0:0:0: [sdb] Assuming drive cache: write through
Apr 26 12:24:35 kashrinivaasan-Inspiron-1545 kernel: [ 6270.936378] audit_printk_skb: 45 callbacks suppressed
Apr 26 12:24:35 kashrinivaasan-Inspiron-1545 kernel: [ 6270.936385] type=1400 audit(1366959275.252:27): apparmor="DENIED" operation="capable" parent=1 profile="/usr/sbin/cupsd" pid=1021 comm="cupsd" pid=1021 comm="cupsd" capability=36  capname="block_suspend"
Apr 26 12:24:41 kashrinivaasan-Inspiron-1545 kernel: [ 6276.775409] [UFW BLOCK] IN=ppp0 OUT= MAC= SRC=14.98.169.76 DST=14.99.72.127 LEN=48 TOS=0x00 PREC=0x00 TTL=56 ID=57647 DF PROTO=TCP SPT=4576 DPT=1433 WINDOW=65535 RES=0x00 SYN URGP=0 
Apr 26 12:25:16 kashrinivaasan-Inspiron-1545 kernel: [ 6312.472830] sd 7:0:0:0: [sdb] Test WP failed, assume Write Enabled
Apr 26 12:25:16 kashrinivaasan-Inspiron-1545 kernel: [ 6312.474958] sd 7:0:0:0: [sdb] Asking for cache data failed
Apr 26 12:25:16 kashrinivaasan-Inspiron-1545 kernel: [ 6312.474967] sd 7:0:0:0: [sdb] Assuming drive cache: write through
Apr 26 12:25:17 kashrinivaasan-Inspiron-1545 kernel: [ 6313.665413] [UFW BLOCK] IN=ppp0 OUT= MAC= SRC=121.10.126.95 DST=14.99.72.127 LEN=40 TOS=0x00 PREC=0x00 TTL=95 ID=256 PROTO=TCP SPT=6000 DPT=1433 WINDOW=16384 RES=0x00 SYN URGP=0 
Apr 26 12:25:27 kashrinivaasan-Inspiron-1545 kernel: [ 6323.277433] [UFW BLOCK] IN=ppp0 OUT= MAC= SRC=111.221.74.18 DST=14.99.72.127 LEN=168 TOS=0x00 PREC=0x00 TTL=55 ID=0 DF PROTO=UDP SPT=40031 DPT=10035 LEN=148 
Apr 26 12:25:29 kashrinivaasan-Inspiron-1545 kernel: [ 6325.335418] [UFW BLOCK] IN=ppp0 OUT= MAC= SRC=111.221.74.18 DST=14.99.72.127 LEN=168 TOS=0x00 PREC=0x00 TTL=55 ID=0 DF PROTO=UDP SPT=40031 DPT=10035 LEN=148 
Apr 26 12:25:33 kashrinivaasan-Inspiron-1545 kernel: [ 6329.297518] [UFW BLOCK] IN=ppp0 OUT= MAC= SRC=111.221.74.18 DST=14.99.72.127 LEN=168 TOS=0x00 PREC=0x00 TTL=55 ID=0 DF PROTO=UDP SPT=40031 DPT=10035 LEN=148 
Apr 26 12:26:08 kashrinivaasan-Inspiron-1545 kernel: [ 6364.184701] sd 7:0:0:0: [sdb] Test WP failed, assume Write Enabled
Apr 26 12:26:08 kashrinivaasan-Inspiron-1545 kernel: [ 6364.190752] sd 7:0:0:0: [sdb] Asking for cache data failed
Apr 26 12:26:08 kashrinivaasan-Inspiron-1545 kernel: [ 6364.190770] sd 7:0:0:0: [sdb] Assuming drive cache: write through
Apr 26 12:26:58 kashrinivaasan-Inspiron-1545 kernel: [ 6414.475437] [UFW BLOCK] IN=ppp0 OUT= MAC= SRC=113.31.31.250 DST=14.99.72.127 LEN=40 TOS=0x00 PREC=0x00 TTL=98 ID=256 PROTO=TCP SPT=6000 DPT=1433 WINDOW=16384 RES=0x00 SYN URGP=0 
Apr 26 12:27:00 kashrinivaasan-Inspiron-1545 kernel: [ 6415.900650] sd 7:0:0:0: [sdb] Test WP failed, assume Write Enabled
Apr 26 12:27:00 kashrinivaasan-Inspiron-1545 kernel: [ 6415.902715] sd 7:0:0:0: [sdb] Asking for cache data failed
Apr 26 12:27:00 kashrinivaasan-Inspiron-1545 kernel: [ 6415.902722] sd 7:0:0:0: [sdb] Assuming drive cache: write through
Apr 26 12:27:51 kashrinivaasan-Inspiron-1545 kernel: [ 6467.608605] sd 7:0:0:0: [sdb] Test WP failed, assume Write Enabled
Apr 26 12:27:51 kashrinivaasan-Inspiron-1545 kernel: [ 6467.611474] sd 7:0:0:0: [sdb] Asking for cache data failed
Apr 26 12:27:51 kashrinivaasan-Inspiron-1545 kernel: [ 6467.611491] sd 7:0:0:0: [sdb] Assuming drive cache: write through
Apr 26 12:28:03 kashrinivaasan-Inspiron-1545 kernel: [ 6478.895455] [UFW BLOCK] IN=ppp0 OUT= MAC= SRC=223.176.167.58 DST=14.99.72.127 LEN=144 TOS=0x00 PREC=0x00 TTL=54 ID=43381 PROTO=UDP SPT=27811 DPT=10035 LEN=124 
Apr 26 12:28:05 kashrinivaasan-Inspiron-1545 kernel: [ 6480.896453] [UFW BLOCK] IN=ppp0 OUT= MAC= SRC=223.176.167.58 DST=14.99.72.127 LEN=144 TOS=0x00 PREC=0x00 TTL=54 ID=1105 PROTO=UDP SPT=27811 DPT=10035 LEN=124 
Apr 26 12:28:09 kashrinivaasan-Inspiron-1545 kernel: [ 6484.938466] [UFW BLOCK] IN=ppp0 OUT= MAC= SRC=223.176.167.58 DST=14.99.72.127 LEN=144 TOS=0x00 PREC=0x00 TTL=54 ID=61046 PROTO=UDP SPT=27811 DPT=10035 LEN=124 
Apr 26 12:28:43 kashrinivaasan-Inspiron-1545 kernel: [ 6519.356626] sd 7:0:0:0: [sdb] Test WP failed, assume Write Enabled
Apr 26 12:28:43 kashrinivaasan-Inspiron-1545 kernel: [ 6519.358865] sd 7:0:0:0: [sdb] Asking for cache data failed
Apr 26 12:28:43 kashrinivaasan-Inspiron-1545 kernel: [ 6519.358873] sd 7:0:0:0: [sdb] Assuming drive cache: write through
Apr 26 12:29:35 kashrinivaasan-Inspiron-1545 kernel: [ 6571.032751] sd 7:0:0:0: [sdb] Test WP failed, assume Write Enabled
Apr 26 12:29:35 kashrinivaasan-Inspiron-1545 kernel: [ 6571.034867] sd 7:0:0:0: [sdb] Asking for cache data failed
Apr 26 12:29:35 kashrinivaasan-Inspiron-1545 kernel: [ 6571.034873] sd 7:0:0:0: [sdb] Assuming drive cache: write through
Apr 26 12:29:37 kashrinivaasan-Inspiron-1545 kernel: [ 6573.154474] [UFW BLOCK] IN=ppp0 OUT= MAC= SRC=122.107.254.194 DST=14.99.72.127 LEN=136 TOS=0x00 PREC=0x00 TTL=110 ID=41293 PROTO=UDP SPT=60996 DPT=10035 LEN=116 
Apr 26 12:29:39 kashrinivaasan-Inspiron-1545 kernel: [ 6575.196465] [UFW BLOCK] IN=ppp0 OUT= MAC= SRC=122.107.254.194 DST=14.99.72.127 LEN=136 TOS=0x00 PREC=0x00 TTL=110 ID=41297 PROTO=UDP SPT=60996 DPT=10035 LEN=116 
Apr 26 12:29:43 kashrinivaasan-Inspiron-1545 kernel: [ 6579.215466] [UFW BLOCK] IN=ppp0 OUT= MAC= SRC=122.107.254.194 DST=14.99.72.127 LEN=136 TOS=0x00 PREC=0x00 TTL=110 ID=41298 PROTO=UDP SPT=60996 DPT=10035 LEN=116 
Apr 26 12:29:49 kashrinivaasan-Inspiron-1545 kernel: [ 6585.034476] [UFW BLOCK] IN=ppp0 OUT= MAC= SRC=221.127.160.56 DST=14.99.72.127 LEN=90 TOS=0x00 PREC=0x00 TTL=115 ID=8224 PROTO=UDP SPT=23509 DPT=19260 LEN=70 
Apr 26 12:30:14 kashrinivaasan-Inspiron-1545 kernel: [ 6610.662465] [UFW BLOCK] IN=ppp0 OUT= MAC= SRC=2.223.244.27 DST=14.99.72.127 LEN=90 TOS=0x00 PREC=0x00 TTL=113 ID=11468 PROTO=UDP SPT=24685 DPT=19260 LEN=70 
Apr 26 12:30:22 kashrinivaasan-Inspiron-1545 kernel: [ 6618.394470] [UFW BLOCK] IN=ppp0 OUT= MAC= SRC=122.163.15.129 DST=14.99.72.127 LEN=143 TOS=0x00 PREC=0x00 TTL=118 ID=2101 PROTO=UDP SPT=1034 DPT=10035 LEN=123 
Apr 26 12:30:24 kashrinivaasan-Inspiron-1545 kernel: [ 6620.434490] [UFW BLOCK] IN=ppp0 OUT= MAC= SRC=122.163.15.129 DST=14.99.72.127 LEN=143 TOS=0x00 PREC=0x00 TTL=118 ID=2186 PROTO=UDP SPT=1034 DPT=10035 LEN=123 
Apr 26 12:30:27 kashrinivaasan-Inspiron-1545 kernel: [ 6622.740752] sd 7:0:0:0: [sdb] Test WP failed, assume Write Enabled
Apr 26 12:30:27 kashrinivaasan-Inspiron-1545 kernel: [ 6622.742883] sd 7:0:0:0: [sdb] Asking for cache data failed
Apr 26 12:30:27 kashrinivaasan-Inspiron-1545 kernel: [ 6622.742890] sd 7:0:0:0: [sdb] Assuming drive cache: write through
Apr 26 12:30:28 kashrinivaasan-Inspiron-1545 kernel: [ 6624.432494] [UFW BLOCK] IN=ppp0 OUT= MAC= SRC=122.163.15.129 DST=14.99.72.127 LEN=143 TOS=0x00 PREC=0x00 TTL=118 ID=2335 PROTO=UDP SPT=1034 DPT=10035 LEN=123 
Apr 26 12:31:18 kashrinivaasan-Inspiron-1545 kernel: [ 6674.452773] sd 7:0:0:0: [sdb] Test WP failed, assume Write Enabled
Apr 26 12:31:18 kashrinivaasan-Inspiron-1545 kernel: [ 6674.454895] sd 7:0:0:0: [sdb] Asking for cache data failed
Apr 26 12:31:18 kashrinivaasan-Inspiron-1545 kernel: [ 6674.454902] sd 7:0:0:0: [sdb] Assuming drive cache: write through
Apr 26 12:31:52 kashrinivaasan-Inspiron-1545 kernel: [ 6708.313502] [UFW BLOCK] IN=ppp0 OUT= MAC= SRC=14.98.169.76 DST=14.99.72.127 LEN=48 TOS=0x00 PREC=0x00 TTL=56 ID=65306 DF PROTO=TCP SPT=1674 DPT=1433 WINDOW=65535 RES=0x00 SYN URGP=0 
Apr 26 12:31:54 kashrinivaasan-Inspiron-1545 kernel: [ 6710.372533] [UFW BLOCK] IN=ppp0 OUT= MAC= SRC=14.98.169.76 DST=14.99.72.127 LEN=48 TOS=0x00 PREC=0x00 TTL=56 ID=379 DF PROTO=TCP SPT=2048 DPT=3306 WINDOW=65535 RES=0x00 SYN URGP=0 
Apr 26 12:31:58 kashrinivaasan-Inspiron-1545 kernel: [ 6714.313491] [UFW BLOCK] IN=ppp0 OUT= MAC= SRC=14.98.169.76 DST=14.99.72.127 LEN=48 TOS=0x00 PREC=0x00 TTL=56 ID=1930 DF PROTO=TCP SPT=2802 DPT=8090 WINDOW=65535 RES=0x00 SYN URGP=0 
Apr 26 12:32:10 kashrinivaasan-Inspiron-1545 kernel: [ 6726.172786] sd 7:0:0:0: [sdb] Test WP failed, assume Write Enabled
Apr 26 12:32:10 kashrinivaasan-Inspiron-1545 kernel: [ 6726.175053] sd 7:0:0:0: [sdb] Asking for cache data failed
Apr 26 12:32:10 kashrinivaasan-Inspiron-1545 kernel: [ 6726.175063] sd 7:0:0:0: [sdb] Assuming drive cache: write through
Apr 26 12:32:34 kashrinivaasan-Inspiron-1545 kernel: [ 6750.052521] [UFW BLOCK] IN=ppp0 OUT= MAC= SRC=103.30.138.36 DST=14.99.72.127 LEN=52 TOS=0x00 PREC=0x00 TTL=109 ID=3644 DF PROTO=TCP SPT=8045 DPT=10035 WINDOW=8192 RES=0x00 SYN URGP=0 
Apr 26 12:32:35 kashrinivaasan-Inspiron-1545 kernel: [ 6751.132510] [UFW BLOCK] IN=ppp0 OUT= MAC= SRC=103.30.138.36 DST=14.99.72.127 LEN=52 TOS=0x00 PREC=0x00 TTL=109 ID=3680 DF PROTO=TCP SPT=8046 DPT=10035 WINDOW=8192 RES=0x00 SYN URGP=0 
Apr 26 12:32:36 kashrinivaasan-Inspiron-1545 kernel: [ 6752.272511] [UFW BLOCK] IN=ppp0 OUT= MAC= SRC=103.30.138.36 DST=14.99.72.127 LEN=52 TOS=0x00 PREC=0x00 TTL=109 ID=3709 DF PROTO=TCP SPT=7815 DPT=443 WINDOW=8192 RES=0x00 SYN URGP=0 
Apr 26 12:32:37 kashrinivaasan-Inspiron-1545 kernel: [ 6753.032521] [UFW BLOCK] IN=ppp0 OUT= MAC= SRC=103.30.138.36 DST=14.99.72.127 LEN=52 TOS=0x00 PREC=0x00 TTL=109 ID=3747 DF PROTO=TCP SPT=8045 DPT=10035 WINDOW=8192 RES=0x00 SYN URGP=0 
Apr 26 12:32:38 kashrinivaasan-Inspiron-1545 kernel: [ 6754.133537] [UFW BLOCK] IN=ppp0 OUT= MAC= SRC=103.30.138.36 DST=14.99.72.127 LEN=52 TOS=0x00 PREC=0x00 TTL=109 ID=3855 DF PROTO=TCP SPT=8046 DPT=10035 WINDOW=8192 RES=0x00 SYN URGP=0 
Apr 26 12:32:39 kashrinivaasan-Inspiron-1545 kernel: [ 6755.272509] [UFW BLOCK] IN=ppp0 OUT= MAC= SRC=103.30.138.36 DST=14.99.72.127 LEN=52 TOS=0x00 PREC=0x00 TTL=109 ID=4021 DF PROTO=TCP SPT=7815 DPT=443 WINDOW=8192 RES=0x00 SYN URGP=0 
Apr 26 12:32:43 kashrinivaasan-Inspiron-1545 kernel: [ 6759.051509] [UFW BLOCK] IN=ppp0 OUT= MAC= SRC=103.30.138.36 DST=14.99.72.127 LEN=48 TOS=0x00 PREC=0x00 TTL=109 ID=4424 DF PROTO=TCP SPT=8047 DPT=10035 WINDOW=8192 RES=0x00 SYN URGP=0 
Apr 26 12:32:44 kashrinivaasan-Inspiron-1545 kernel: [ 6760.152178] [UFW BLOCK] IN=ppp0 OUT= MAC= SRC=103.30.138.36 DST=14.99.72.127 LEN=48 TOS=0x00 PREC=0x00 TTL=109 ID=4444 DF PROTO=TCP SPT=8048 DPT=10035 WINDOW=8192 RES=0x00 SYN URGP=0 
Apr 26 12:33:02 kashrinivaasan-Inspiron-1545 kernel: [ 6777.876795] sd 7:0:0:0: [sdb] Test WP failed, assume Write Enabled
Apr 26 12:33:02 kashrinivaasan-Inspiron-1545 kernel: [ 6777.878908] sd 7:0:0:0: [sdb] Asking for cache data failed
Apr 26 12:33:02 kashrinivaasan-Inspiron-1545 kernel: [ 6777.878915] sd 7:0:0:0: [sdb] Assuming drive cache: write through
Apr 26 12:33:08 kashrinivaasan-Inspiron-1545 kernel: [ 6783.971506] [UFW BLOCK] IN=ppp0 OUT= MAC= SRC=116.240.187.186 DST=14.99.72.127 LEN=146 TOS=0x00 PREC=0x00 TTL=107 ID=22134 PROTO=UDP SPT=62543 DPT=10035 LEN=126 
Apr 26 12:33:33 kashrinivaasan-Inspiron-1545 kernel: [ 6809.253525] [UFW BLOCK] IN=ppp0 OUT= MAC= SRC=112.209.151.188 DST=14.99.72.127 LEN=90 TOS=0x00 PREC=0x00 TTL=107 ID=25641 PROTO=UDP SPT=23599 DPT=19260 LEN=70 
Apr 26 12:33:53 kashrinivaasan-Inspiron-1545 kernel: [ 6829.596807] sd 7:0:0:0: [sdb] Test WP failed, assume Write Enabled
Apr 26 12:33:53 kashrinivaasan-Inspiron-1545 kernel: [ 6829.598920] sd 7:0:0:0: [sdb] Asking for cache data failed
Apr 26 12:33:53 kashrinivaasan-Inspiron-1545 kernel: [ 6829.598926] sd 7:0:0:0: [sdb] Assuming drive cache: write through
Apr 26 12:34:45 kashrinivaasan-Inspiron-1545 kernel: [ 6881.305570] sd 7:0:0:0: [sdb] Test WP failed, assume Write Enabled
Apr 26 12:34:45 kashrinivaasan-Inspiron-1545 kernel: [ 6881.307679] sd 7:0:0:0: [sdb] Asking for cache data failed
Apr 26 12:34:45 kashrinivaasan-Inspiron-1545 kernel: [ 6881.307686] sd 7:0:0:0: [sdb] Assuming drive cache: write through
Apr 26 12:34:53 kashrinivaasan-Inspiron-1545 kernel: [ 6889.330873] Disabling lock debugging due to kernel taint
Apr 26 12:34:53 kashrinivaasan-Inspiron-1545 kernel: [ 6889.332357] BUG: unable to handle kernel NULL pointer dereference at   (null)
Apr 26 12:34:53 kashrinivaasan-Inspiron-1545 kernel: [ 6889.332456] IP: [<c14f1f32>] sock_create_lite+0x32/0x90
Apr 26 12:34:53 kashrinivaasan-Inspiron-1545 kernel: [ 6889.332524] *pdpt = 000000002ae64001 *pde = 0000000000000000 
Apr 26 12:34:53 kashrinivaasan-Inspiron-1545 kernel: [ 6889.332593] Oops: 0002 [#1] SMP 
Apr 26 12:34:53 kashrinivaasan-Inspiron-1545 kernel: [ 6889.332636] Modules linked in: virgo_cloudexec(OF+) ppp_deflate zlib_deflate bsd_comp ppp_async crc_ccitt dm_crypt rfcomm bnep bluetooth xt_hl ip6t_rt parport_pc ppdev nf_conntrack_ipv6 nf_defrag_ipv6 ipt_REJECT xt_LOG xt_limit xt_tcpudp xt_addrtype nf_conntrack_ipv4 nf_defrag_ipv4 xt_state ip6table_filter ip6_tables binfmt_misc uvcvideo joydev nf_conntrack_netbios_ns nf_conntrack_broadcast nf_nat_ftp nf_nat nf_conntrack_ftp option nf_conntrack snd_hda_codec_idt videobuf2_core usb_wwan snd_hda_intel iptable_filter ip_tables snd_hda_codec usbserial videodev coretemp videobuf2_vmalloc videobuf2_memops x_tables dell_wmi gpio_ich dell_laptop snd_hwdep snd_pcm sparse_keymap snd_seq_midi dcdbas snd_rawmidi snd_seq_midi_event snd_seq snd_timer snd_seq_device psmouse snd microcode soundcore lp mac_hid snd_page_alloc lpc_ich serio_raw parport ums_realtek usb_storage i915 drm_kms_helper ahci drm sky2 libahci i2c_algo_bit wmi video
Apr 26 12:34:53 kashrinivaasan-Inspiron-1545 kernel: [ 6889.333744] Pid: 18900, comm: insmod Tainted: GF          O 3.7.8-030708-generic #201302141605 Dell Inc. Inspiron 1545                   /0J037P
Apr 26 12:34:53 kashrinivaasan-Inspiron-1545 kernel: [ 6889.333892] EIP: 0060:[<c14f1f32>] EFLAGS: 00010246 CPU: 1
Apr 26 12:34:53 kashrinivaasan-Inspiron-1545 kernel: [ 6889.333960] EIP is at sock_create_lite+0x32/0x90
Apr 26 12:34:53 kashrinivaasan-Inspiron-1545 kernel: [ 6889.334014] EAX: 00000000 EBX: edd23680 ECX: 00000001 EDX: 00000000
Apr 26 12:34:53 kashrinivaasan-Inspiron-1545 kernel: [ 6889.334085] ESI: 00000001 EDI: 00000006 EBP: ebabb324 ESP: ebabb308
Apr 26 12:34:53 kashrinivaasan-Inspiron-1545 kernel: [ 6889.334157]  DS: 007b ES: 007b FS: 00d8 GS: 00e0 SS: 0068
Apr 26 12:34:53 kashrinivaasan-Inspiron-1545 kernel: [ 6889.334218] CR0: 8005003b CR2: 00000000 CR3: 31a54000 CR4: 000407f0
Apr 26 12:34:53 kashrinivaasan-Inspiron-1545 kernel: [ 6889.334289] DR0: 00000000 DR1: 00000000 DR2: 00000000 DR3: 00000000
Apr 26 12:34:53 kashrinivaasan-Inspiron-1545 kernel: [ 6889.336022] DR6: ffff0ff0 DR7: 00000400
Apr 26 12:34:53 kashrinivaasan-Inspiron-1545 kernel: [ 6889.336022] Process insmod (pid: 18900, ti=ebaba000 task=f64832c0 task.ti=ebaba000)
Apr 26 12:34:53 kashrinivaasan-Inspiron-1545 kernel: [ 6889.342135] Stack:
Apr 26 12:34:53 kashrinivaasan-Inspiron-1545 kernel: [ 6889.342135]  00000006 00000001 ebabb320 00000002 00000000 edd23b00 00000000 ebabb340
Apr 26 12:34:53 kashrinivaasan-Inspiron-1545 kernel: [ 6889.342135]  c14f1fc8 00000000 00000800 00000000 00000000 00000000 ebabbf58 f84570bd
Apr 26 12:34:53 kashrinivaasan-Inspiron-1545 kernel: [ 6889.342135]  ebabb37c 00000000 00000000 00000000 00000000 00000000 00000000 00000000
Apr 26 12:34:53 kashrinivaasan-Inspiron-1545 kernel: [ 6889.342135] Call Trace:
Apr 26 12:34:53 kashrinivaasan-Inspiron-1545 kernel: [ 6889.342135]  [<c14f1fc8>] kernel_accept+0x38/0xa0
Apr 26 12:34:53 kashrinivaasan-Inspiron-1545 kernel: [ 6889.342135]  [<f84570bd>] virgocloudexec_init+0xbd/0x1000 [virgo_cloudexec]
Apr 26 12:34:53 kashrinivaasan-Inspiron-1545 kernel: [ 6889.342135]  [<c106cbf3>] ? wake_up_bit+0x23/0x30
Apr 26 12:34:53 kashrinivaasan-Inspiron-1545 kernel: [ 6889.342135]  [<c1226859>] ? do_get_write_access+0x259/0x370
Apr 26 12:34:53 kashrinivaasan-Inspiron-1545 kernel: [ 6889.342135]  [<c1189457>] ? __find_get_block+0x37/0x70
Apr 26 12:34:53 kashrinivaasan-Inspiron-1545 kernel: [ 6889.342135]  [<c106cbf3>] ? wake_up_bit+0x23/0x30
Apr 26 12:34:53 kashrinivaasan-Inspiron-1545 kernel: [ 6889.342135]  [<c1226859>] ? do_get_write_access+0x259/0x370
Apr 26 12:34:53 kashrinivaasan-Inspiron-1545 kernel: [ 6889.342135]  [<c106cbf3>] ? wake_up_bit+0x23/0x30
Apr 26 12:34:53 kashrinivaasan-Inspiron-1545 kernel: [ 6889.342135]  [<c106cbf3>] ? wake_up_bit+0x23/0x30
Apr 26 12:34:53 kashrinivaasan-Inspiron-1545 kernel: [ 6889.342135]  [<c1226859>] ? do_get_write_access+0x259/0x370
Apr 26 12:34:53 kashrinivaasan-Inspiron-1545 kernel: [ 6889.342135]  [<c11c214d>] ? ext3_try_to_allocate_with_rsv+0x1dd/0x260
Apr 26 12:34:53 kashrinivaasan-Inspiron-1545 kernel: [ 6889.342135]  [<c11da344>] ? __ext3_journal_dirty_metadata+0x24/0x50
Apr 26 12:34:53 kashrinivaasan-Inspiron-1545 kernel: [ 6889.342135]  [<c106cbf3>] ? wake_up_bit+0x23/0x30
Apr 26 12:34:53 kashrinivaasan-Inspiron-1545 kernel: [ 6889.342135]  [<c1226859>] ? do_get_write_access+0x259/0x370
Apr 26 12:34:53 kashrinivaasan-Inspiron-1545 kernel: [ 6889.342135]  [<c1189457>] ? __find_get_block+0x37/0x70
Apr 26 12:34:53 kashrinivaasan-Inspiron-1545 kernel: [ 6889.342135]  [<c11da344>] ? __ext3_journal_dirty_metadata+0x24/0x50
Apr 26 12:34:53 kashrinivaasan-Inspiron-1545 kernel: [ 6889.342135]  [<c106cbf3>] ? wake_up_bit+0x23/0x30
Apr 26 12:34:53 kashrinivaasan-Inspiron-1545 kernel: [ 6889.342135]  [<c11c6c6a>] ? ext3_do_update_inode+0x1fa/0x390
Apr 26 12:34:53 kashrinivaasan-Inspiron-1545 kernel: [ 6889.342135]  [<c11c7238>] ? ext3_mark_iloc_dirty+0x18/0x30
Apr 26 12:34:53 kashrinivaasan-Inspiron-1545 kernel: [ 6889.342135]  [<c11c7314>] ? ext3_mark_inode_dirty+0x44/0x90
Apr 26 12:34:53 kashrinivaasan-Inspiron-1545 kernel: [ 6889.342135]  [<c11c8713>] ? ext3_splice_branch+0x103/0x1a0
Apr 26 12:34:53 kashrinivaasan-Inspiron-1545 kernel: [ 6889.342135]  [<c11c8713>] ? ext3_splice_branch+0x103/0x1a0
Apr 26 12:34:53 kashrinivaasan-Inspiron-1545 kernel: [ 6889.342135]  [<c11c8a60>] ? ext3_get_blocks_handle+0x2b0/0x4e0
Apr 26 12:34:53 kashrinivaasan-Inspiron-1545 kernel: [ 6889.342135]  [<c106cbf3>] ? wake_up_bit+0x23/0x30
Apr 26 12:34:53 kashrinivaasan-Inspiron-1545 kernel: [ 6889.342135]  [<c1226859>] ? do_get_write_access+0x259/0x370
Apr 26 12:34:53 kashrinivaasan-Inspiron-1545 kernel: [ 6889.342135]  [<c1189457>] ? __find_get_block+0x37/0x70
Apr 26 12:34:53 kashrinivaasan-Inspiron-1545 kernel: [ 6889.342135]  [<c11da344>] ? __ext3_journal_dirty_metadata+0x24/0x50
Apr 26 12:34:53 kashrinivaasan-Inspiron-1545 kernel: [ 6889.342135]  [<c106cbf3>] ? wake_up_bit+0x23/0x30
Apr 26 12:34:53 kashrinivaasan-Inspiron-1545 kernel: [ 6889.342135]  [<c11c6c6a>] ? ext3_do_update_inode+0x1fa/0x390
Apr 26 12:34:53 kashrinivaasan-Inspiron-1545 kernel: [ 6889.342135]  [<c122c5c7>] ? __log_space_left+0x17/0x40
Apr 26 12:34:53 kashrinivaasan-Inspiron-1545 kernel: [ 6889.342135]  [<c1076dd5>] ? __wake_up+0x45/0x60
Apr 26 12:34:53 kashrinivaasan-Inspiron-1545 kernel: [ 6889.342135]  [<c12258fb>] ? journal_stop+0x14b/0x2c0
Apr 26 12:34:54 kashrinivaasan-Inspiron-1545 kernel: last message repeated 2 times
Apr 26 12:34:53 kashrinivaasan-Inspiron-1545 kernel: [ 6889.342135]  [<c11c685d>] ? ext3_journal_dirty_data+0x1d/0x50
Apr 26 12:34:53 kashrinivaasan-Inspiron-1545 kernel: [ 6889.342135]  [<c1044d6c>] ? kmap_atomic_prot+0x4c/0x120
Apr 26 12:34:53 kashrinivaasan-Inspiron-1545 kernel: [ 6889.342135]  [<c11c68b7>] ? journal_dirty_data_fn+0x27/0x30
Apr 26 12:34:53 kashrinivaasan-Inspiron-1545 kernel: [ 6889.342135]  [<c1115550>] ? prep_new_page+0x110/0x1d0
Apr 26 12:34:53 kashrinivaasan-Inspiron-1545 kernel: [ 6889.342135]  [<c1115765>] ? get_page_from_freelist+0x155/0x2f0
Apr 26 12:34:53 kashrinivaasan-Inspiron-1545 kernel: [ 6889.342135]  [<c1115a52>] ? __alloc_pages_nodemask+0x152/0x7c0
Apr 26 12:34:53 kashrinivaasan-Inspiron-1545 kernel: [ 6889.342135]  [<c1115765>] ? get_page_from_freelist+0x155/0x2f0
Apr 26 12:34:53 kashrinivaasan-Inspiron-1545 kernel: [ 6889.342135]  [<c1156a1d>] ? __mem_cgroup_commit_charge+0x8d/0x230
Apr 26 12:34:53 kashrinivaasan-Inspiron-1545 kernel: [ 6889.342135]  [<c11194f3>] ? lru_cache_add_lru+0x23/0x40
Apr 26 12:34:53 kashrinivaasan-Inspiron-1545 kernel: [ 6889.342135]  [<c113a526>] ? page_add_new_anon_rmap+0x66/0xe0
Apr 26 12:34:53 kashrinivaasan-Inspiron-1545 kernel: [ 6889.342135]  [<c112f26b>] ? do_anonymous_page+0x27b/0x300
Apr 26 12:34:53 kashrinivaasan-Inspiron-1545 kernel: [ 6889.342135]  [<c1018098>] ? sched_clock+0x8/0x10
Apr 26 12:34:53 kashrinivaasan-Inspiron-1545 kernel: [ 6889.342135]  [<c107f9cb>] ? sched_clock_local+0xcb/0x1c0
Apr 26 12:34:53 kashrinivaasan-Inspiron-1545 kernel: [ 6889.342135]  [<c1080c4f>] ? __enqueue_entity+0x6f/0x80
Apr 26 12:34:53 kashrinivaasan-Inspiron-1545 kernel: [ 6889.342135]  [<c107afe2>] ? resched_task+0x22/0x70
Apr 26 12:34:53 kashrinivaasan-Inspiron-1545 kernel: [ 6889.342135]  [<c1115765>] ? get_page_from_freelist+0x155/0x2f0
Apr 26 12:34:53 kashrinivaasan-Inspiron-1545 kernel: [ 6889.342135]  [<c1115a52>] ? __alloc_pages_nodemask+0x152/0x7c0
Apr 26 12:34:53 kashrinivaasan-Inspiron-1545 kernel: [ 6889.342135]  [<c103d898>] ? default_spin_lock_flags+0x8/0x10
Apr 26 12:34:53 kashrinivaasan-Inspiron-1545 kernel: [ 6889.342135]  [<c1031a9c>] ? native_send_call_func_single_ipi+0x2c/0x30
Apr 26 12:34:53 kashrinivaasan-Inspiron-1545 kernel: [ 6889.342135]  [<c10a5e58>] ? generic_exec_single+0x78/0x80
Apr 26 12:34:53 kashrinivaasan-Inspiron-1545 kernel: [ 6889.342135]  [<c10a5f07>] ? smp_call_function_single+0xa7/0x130
Apr 26 12:34:53 kashrinivaasan-Inspiron-1545 kernel: [ 6889.342135]  [<c1043b90>] ? flush_tlb_func+0xb0/0xb0
Apr 26 12:34:53 kashrinivaasan-Inspiron-1545 kernel: [ 6889.342135]  [<c1043b90>] ? flush_tlb_func+0xb0/0xb0
Apr 26 12:34:53 kashrinivaasan-Inspiron-1545 kernel: [ 6889.342135]  [<c10a61dc>] ? smp_call_function_many+0x1ac/0x200
Apr 26 12:34:53 kashrinivaasan-Inspiron-1545 kernel: [ 6889.342135]  [<c1043b90>] ? flush_tlb_func+0xb0/0xb0
Apr 26 12:34:53 kashrinivaasan-Inspiron-1545 kernel: [ 6889.342135]  [<c103d898>] ? default_spin_lock_flags+0x8/0x10
Apr 26 12:34:53 kashrinivaasan-Inspiron-1545 kernel: [ 6889.342135]  [<c1031a9c>] ? native_send_call_func_single_ipi+0x2c/0x30
Apr 26 12:34:53 kashrinivaasan-Inspiron-1545 kernel: [ 6889.342135]  [<c10a5e58>] ? generic_exec_single+0x78/0x80
Apr 26 12:34:53 kashrinivaasan-Inspiron-1545 kernel: [ 6889.342135]  [<c10a5f07>] ? smp_call_function_single+0xa7/0x130
Apr 26 12:34:53 kashrinivaasan-Inspiron-1545 kernel: [ 6889.342135]  [<c103f5d0>] ? cpa_flush_range+0xc0/0xc0
Apr 26 12:34:53 kashrinivaasan-Inspiron-1545 kernel: [ 6889.342135]  [<c103f5d0>] ? cpa_flush_range+0xc0/0xc0
Apr 26 12:34:53 kashrinivaasan-Inspiron-1545 kernel: [ 6889.342135]  [<c10a61dc>] ? smp_call_function_many+0x1ac/0x200
Apr 26 12:34:53 kashrinivaasan-Inspiron-1545 kernel: [ 6889.342135]  [<c103f5d0>] ? cpa_flush_range+0xc0/0xc0
Apr 26 12:34:53 kashrinivaasan-Inspiron-1545 kernel: [ 6889.342135]  [<c103f5d0>] ? cpa_flush_range+0xc0/0xc0
Apr 26 12:34:53 kashrinivaasan-Inspiron-1545 kernel: [ 6889.342135]  [<c103f5f5>] ? __cpa_flush_range+0x25/0x30
Apr 26 12:34:53 kashrinivaasan-Inspiron-1545 kernel: [ 6889.342135]  [<c103f553>] ? cpa_flush_range+0x43/0xc0
Apr 26 12:34:53 kashrinivaasan-Inspiron-1545 kernel: [ 6889.342135]  [<c1040275>] ? change_page_attr_set_clr+0x225/0x250
Apr 26 12:34:53 kashrinivaasan-Inspiron-1545 kernel: [ 6889.342135]  [<f8f60013>] ? get_function_ptr_from_str+0x3/0x10 [virgo_cloudexec]
Apr 26 12:34:53 kashrinivaasan-Inspiron-1545 kernel: [ 6889.342135]  [<c10dba76>] ? tracepoint_module_notify+0x26/0xc0
Apr 26 12:34:53 kashrinivaasan-Inspiron-1545 kernel: [ 6889.342135]  [<f8457000>] ? 0xf8456fff
Apr 26 12:34:53 kashrinivaasan-Inspiron-1545 kernel: [ 6889.342135]  [<c1003074>] do_one_initcall+0x34/0x170
Apr 26 12:34:53 kashrinivaasan-Inspiron-1545 kernel: [ 6889.342135]  [<f8457000>] ? 0xf8456fff
Apr 26 12:34:53 kashrinivaasan-Inspiron-1545 kernel: [ 6889.342135]  [<c10ac18d>] sys_init_module+0xad/0x200
Apr 26 12:34:53 kashrinivaasan-Inspiron-1545 kernel: [ 6889.342135]  [<c1608860>] ? __do_page_fault+0x4d0/0x4d0
Apr 26 12:34:53 kashrinivaasan-Inspiron-1545 kernel: [ 6889.342135]  [<c160c2cd>] sysenter_do_call+0x12/0x28
Apr 26 12:34:53 kashrinivaasan-Inspiron-1545 kernel: [ 6889.342135] Code: 5d f4 89 75 f8 89 7d fc 66 66 66 66 90 31 db 89 d6 89 cf 89 45 f0 c7 04 24 01 00 00 00 e8 67 fa d7 ff 85 c0 89 c2 74 19 8b 45 08 <89> 18 8b 5d f4 89 d0 8b 75 f8 8b 7d fc 89 ec 5d c3 90 8d 74 26
Apr 26 12:34:53 kashrinivaasan-Inspiron-1545 kernel: [ 6889.342135] EIP: [<c14f1f32>] sock_create_lite+0x32/0x90 SS:ESP 0068:ebabb308
Apr 26 12:34:53 kashrinivaasan-Inspiron-1545 kernel: [ 6889.342135] CR2: 0000000000000000
Apr 26 12:34:53 kashrinivaasan-Inspiron-1545 kernel: [ 6889.603757] ---[ end trace 954edcca51878d3f ]---
Apr 26 12:35:37 kashrinivaasan-Inspiron-1545 kernel: [ 6933.112829] sd 7:0:0:0: [sdb] Test WP failed, assume Write Enabled
Apr 26 12:35:37 kashrinivaasan-Inspiron-1545 kernel: [ 6933.114934] sd 7:0:0:0: [sdb] Asking for cache data failed
Apr 26 12:35:37 kashrinivaasan-Inspiron-1545 kernel: [ 6933.114940] sd 7:0:0:0: [sdb] Assuming drive cache: write through
Apr 26 12:35:42 kashrinivaasan-Inspiron-1545 kernel: [ 6938.451541] [UFW BLOCK] IN=ppp0 OUT= MAC= SRC=111.221.74.18 DST=14.99.72.127 LEN=168 TOS=0x00 PREC=0x00 TTL=55 ID=0 DF PROTO=UDP SPT=40031 DPT=10035 LEN=148 
Apr 26 12:35:44 kashrinivaasan-Inspiron-1545 kernel: [ 6940.540540] [UFW BLOCK] IN=ppp0 OUT= MAC= SRC=111.221.74.18 DST=14.99.72.127 LEN=168 TOS=0x00 PREC=0x00 TTL=55 ID=0 DF PROTO=UDP SPT=40031 DPT=10035 LEN=148 
Apr 26 12:35:48 kashrinivaasan-Inspiron-1545 kernel: [ 6944.301542] [UFW BLOCK] IN=ppp0 OUT= MAC= SRC=111.221.74.18 DST=14.99.72.127 LEN=168 TOS=0x00 PREC=0x00 TTL=55 ID=0 DF PROTO=UDP SPT=40031 DPT=10035 LEN=148 
Apr 26 12:35:57 kashrinivaasan-Inspiron-1545 kernel: [ 6952.971558] [UFW BLOCK] IN=ppp0 OUT= MAC= SRC=99.100.104.20 DST=14.99.72.127 LEN=126 TOS=0x00 PREC=0x00 TTL=110 ID=17765 PROTO=UDP SPT=11391 DPT=19260 LEN=106 
Apr 26 12:36:13 kashrinivaasan-Inspiron-1545 kernel: [ 6968.731537] [UFW BLOCK] IN=ppp0 OUT= MAC= SRC=115.113.117.100 DST=14.99.72.127 LEN=130 TOS=0x00 PREC=0x00 TTL=118 ID=27861 PROTO=UDP SPT=42251 DPT=61556 LEN=110 
Apr 26 12:36:15 kashrinivaasan-Inspiron-1545 kernel: [ 6970.769550] [UFW BLOCK] IN=ppp0 OUT= MAC= SRC=115.113.117.100 DST=14.99.72.127 LEN=130 TOS=0x00 PREC=0x00 TTL=118 ID=28045 PROTO=UDP SPT=42251 DPT=61556 LEN=110 
Apr 26 12:36:19 kashrinivaasan-Inspiron-1545 kernel: [ 6974.791545] [UFW BLOCK] IN=ppp0 OUT= MAC= SRC=115.113.117.100 DST=14.99.72.127 LEN=130 TOS=0x00 PREC=0x00 TTL=118 ID=28316 PROTO=UDP SPT=42251 DPT=61556 LEN=110 
Apr 26 12:36:29 kashrinivaasan-Inspiron-1545 kernel: [ 6984.728893] sd 7:0:0:0: [sdb] Test WP failed, assume Write Enabled
Apr 26 12:36:29 kashrinivaasan-Inspiron-1545 kernel: [ 6984.731275] sd 7:0:0:0: [sdb] Asking for cache data failed
Apr 26 12:36:29 kashrinivaasan-Inspiron-1545 kernel: [ 6984.731281] sd 7:0:0:0: [sdb] Assuming drive cache: write through
Apr 26 12:37:02 kashrinivaasan-Inspiron-1545 kernel: [ 7018.170605] [UFW BLOCK] IN=ppp0 OUT= MAC= SRC=115.28.34.239 DST=14.99.72.127 LEN=40 TOS=0x00 PREC=0x00 TTL=97 ID=256 PROTO=TCP SPT=6000 DPT=1433 WINDOW=16384 RES=0x00 SYN URGP=0 
Apr 26 12:37:20 kashrinivaasan-Inspiron-1545 kernel: [ 7036.436587] sd 7:0:0:0: [sdb] Test WP failed, assume Write Enabled
Apr 26 12:37:20 kashrinivaasan-Inspiron-1545 kernel: [ 7036.438709] sd 7:0:0:0: [sdb] Asking for cache data failed
Apr 26 12:37:20 kashrinivaasan-Inspiron-1545 kernel: [ 7036.438715] sd 7:0:0:0: [sdb] Assuming drive cache: write through
Apr 26 12:38:12 kashrinivaasan-Inspiron-1545 kernel: [ 7088.152608] sd 7:0:0:0: [sdb] Test WP failed, assume Write Enabled
Apr 26 12:38:12 kashrinivaasan-Inspiron-1545 kernel: [ 7088.154861] sd 7:0:0:0: [sdb] Asking for cache data failed
Apr 26 12:38:12 kashrinivaasan-Inspiron-1545 kernel: [ 7088.154871] sd 7:0:0:0: [sdb] Assuming drive cache: write through
Apr 26 12:39:07 kashrinivaasan-Inspiron-1545 kernel: imklog 5.8.6, log source = /proc/kmsg started.
Apr 26 12:39:07 kashrinivaasan-Inspiron-1545 kernel: [    0.000000] Initializing cgroup subsys cpuset
Apr 26 12:39:07 kashrinivaasan-Inspiron-1545 kernel: [    0.000000] Initializing cgroup subsys cpu
Apr 26 12:39:07 kashrinivaasan-Inspiron-1545 kernel: [    0.000000] Linux version 3.7.8-030708-generic (root@gomeisa) (gcc version 4.6.3 (Ubuntu/Linaro 4.6.3-1ubuntu5) ) #201302141605 SMP Thu Feb 14 21:16:08 UTC 2013
Apr 26 12:39:07 kashrinivaasan-Inspiron-1545 kernel: [    0.000000] KERNEL supported cpus:
Apr 26 12:39:07 kashrinivaasan-Inspiron-1545 kernel: [    0.000000]   Intel GenuineIntel
Apr 26 12:39:07 kashrinivaasan-Inspiron-1545 kernel: [    0.000000]   AMD AuthenticAMD
Apr 26 12:39:07 kashrinivaasan-Inspiron-1545 kernel: [    0.000000]   NSC Geode by NSC
Apr 26 12:39:07 kashrinivaasan-Inspiron-1545 kernel: [    0.000000]   Cyrix CyrixInstead
Apr 26 12:39:07 kashrinivaasan-Inspiron-1545 kernel: [    0.000000]   Centaur CentaurHauls
Apr 26 12:39:07 kashrinivaasan-Inspiron-1545 kernel: [    0.000000]   Transmeta GenuineTMx86
Apr 26 12:39:07 kashrinivaasan-Inspiron-1545 kernel: [    0.000000]   Transmeta TransmetaCPU
Apr 26 12:39:07 kashrinivaasan-Inspiron-1545 kernel: [    0.000000]   UMC UMC UMC UMC
Apr 26 12:39:07 kashrinivaasan-Inspiron-1545 kernel: [    0.000000] e820: BIOS-provided physical RAM map:
Apr 26 12:39:07 kashrinivaasan-Inspiron-1545 kernel: [    0.000000] BIOS-e820: [mem 0x0000000000000000-0x000000000009efff] usable
Apr 26 12:39:07 kashrinivaasan-Inspiron-1545 kernel: [    0.000000] BIOS-e820: [mem 0x000000000009f000-0x000000000009ffff] reserved
Apr 26 12:39:07 kashrinivaasan-Inspiron-1545 kernel: [    0.000000] BIOS-e820: [mem 0x0000000000100000-0x00000000bd8bf3ff] usable
Apr 26 12:39:07 kashrinivaasan-Inspiron-1545 kernel: [    0.000000] BIOS-e820: [mem 0x00000000bd8bf400-0x00000000bdac13ff] ACPI NVS
Apr 26 12:39:07 kashrinivaasan-Inspiron-1545 kernel: [    0.000000] BIOS-e820: [mem 0x00000000bdac1400-0x00000000bfffffff] reserved
Apr 26 12:39:07 kashrinivaasan-Inspiron-1545 kernel: [    0.000000] BIOS-e820: [mem 0x00000000f8000000-0x00000000fbffffff] reserved
Apr 26 12:39:07 kashrinivaasan-Inspiron-1545 kernel: [    0.000000] BIOS-e820: [mem 0x00000000fec00000-0x00000000fec0ffff] reserved
Apr 26 12:39:07 kashrinivaasan-Inspiron-1545 kernel: [    0.000000] BIOS-e820: [mem 0x00000000fed18000-0x00000000fed1bfff] reserved
Apr 26 12:39:07 kashrinivaasan-Inspiron-1545 kernel: [    0.000000] BIOS-e820: [mem 0x00000000fed20000-0x00000000fed8ffff] reserved
Apr 26 12:39:07 kashrinivaasan-Inspiron-1545 kernel: [    0.000000] BIOS-e820: [mem 0x00000000feda0000-0x00000000feda5fff] reserved
Apr 26 12:39:07 kashrinivaasan-Inspiron-1545 kernel: [    0.000000] BIOS-e820: [mem 0x00000000fee00000-0x00000000fee0ffff] reserved
Apr 26 12:39:07 kashrinivaasan-Inspiron-1545 kernel: [    0.000000] BIOS-e820: [mem 0x00000000ffe00000-0x00000000ffffffff] reserved
Apr 26 12:39:07 kashrinivaasan-Inspiron-1545 kernel: [    0.000000] NX (Execute Disable) protection: active
Apr 26 12:39:07 kashrinivaasan-Inspiron-1545 kernel: [    0.000000] SMBIOS 2.4 present.
Apr 26 12:39:07 kashrinivaasan-Inspiron-1545 kernel: [    0.000000] DMI: Dell Inc. Inspiron 1545                   /0J037P, BIOS A14 12/07/2009
Apr 26 12:39:07 kashrinivaasan-Inspiron-1545 kernel: [    0.000000] e820: update [mem 0x00000000-0x0000ffff] usable ==> reserved
Apr 26 12:39:07 kashrinivaasan-Inspiron-1545 kernel: [    0.000000] e820: remove [mem 0x000a0000-0x000fffff] usable
Apr 26 12:39:07 kashrinivaasan-Inspiron-1545 kernel: [    0.000000] e820: last_pfn = 0xbd8bf max_arch_pfn = 0x1000000
Apr 26 12:39:07 kashrinivaasan-Inspiron-1545 kernel: [    0.000000] MTRR default type: uncachable
Apr 26 12:39:07 kashrinivaasan-Inspiron-1545 kernel: [    0.000000] MTRR fixed ranges enabled:
Apr 26 12:39:07 kashrinivaasan-Inspiron-1545 kernel: [    0.000000]   00000-9FFFF write-back
Apr 26 12:39:07 kashrinivaasan-Inspiron-1545 kernel: [    0.000000]   A0000-BFFFF uncachable
Apr 26 12:39:07 kashrinivaasan-Inspiron-1545 kernel: [    0.000000]   C0000-CFFFF write-protect
Apr 26 12:39:07 kashrinivaasan-Inspiron-1545 kernel: [    0.000000]   D0000-EFFFF uncachable
Apr 26 12:39:07 kashrinivaasan-Inspiron-1545 kernel: [    0.000000]   F0000-FFFFF write-protect
Apr 26 12:39:07 kashrinivaasan-Inspiron-1545 kernel: [    0.000000] MTRR variable ranges enabled:
Apr 26 12:39:07 kashrinivaasan-Inspiron-1545 kernel: [    0.000000]   0 base 000000000 mask 800000000 write-back
Apr 26 12:39:07 kashrinivaasan-Inspiron-1545 kernel: [    0.000000]   1 base 0E0000000 mask FE0000000 uncachable
Apr 26 12:39:07 kashrinivaasan-Inspiron-1545 kernel: [    0.000000]   2 base 0BDC00000 mask FFFC00000 uncachable
Apr 26 12:39:07 kashrinivaasan-Inspiron-1545 kernel: [    0.000000]   3 base 0BE000000 mask FFE000000 uncachable
Apr 26 12:39:07 kashrinivaasan-Inspiron-1545 kernel: [    0.000000]   4 disabled
Apr 26 12:39:07 kashrinivaasan-Inspiron-1545 kernel: [    0.000000]   5 disabled
Apr 26 12:39:07 kashrinivaasan-Inspiron-1545 kernel: [    0.000000]   6 disabled
Apr 26 12:39:07 kashrinivaasan-Inspiron-1545 kernel: [    0.000000] x86 PAT enabled: cpu 0, old 0x7040600070406, new 0x7010600070106
Apr 26 12:39:07 kashrinivaasan-Inspiron-1545 kernel: [    0.000000] original variable MTRRs
Apr 26 12:39:07 kashrinivaasan-Inspiron-1545 kernel: [    0.000000] reg 0, base: 0GB, range: 32GB, type WB
Apr 26 12:39:07 kashrinivaasan-Inspiron-1545 kernel: [    0.000000] reg 1, base: 3584MB, range: 512MB, type UC
Apr 26 12:39:07 kashrinivaasan-Inspiron-1545 kernel: [    0.000000] reg 2, base: 3036MB, range: 4MB, type UC
Apr 26 12:39:07 kashrinivaasan-Inspiron-1545 kernel: [    0.000000] reg 3, base: 3040MB, range: 32MB, type UC
Apr 26 12:39:07 kashrinivaasan-Inspiron-1545 kernel: [    0.000000] total RAM covered: 32220M
Apr 26 12:39:07 kashrinivaasan-Inspiron-1545 kernel: [    0.000000]  gran_size: 64K 	chunk_size: 64K 	num_reg: 7  	lose cover RAM: 29188M
Apr 26 12:39:07 kashrinivaasan-Inspiron-1545 kernel: [    0.000000]  gran_size: 64K 	chunk_size: 128K 	num_reg: 7  	lose cover RAM: 29188M
Apr 26 12:39:07 kashrinivaasan-Inspiron-1545 kernel: [    0.000000]  gran_size: 64K 	chunk_size: 256K 	num_reg: 7  	lose cover RAM: 29188M
Apr 26 12:39:07 kashrinivaasan-Inspiron-1545 kernel: [    0.000000]  gran_size: 64K 	chunk_size: 512K 	num_reg: 7  	lose cover RAM: 29188M
Apr 26 12:39:07 kashrinivaasan-Inspiron-1545 kernel: [    0.000000]  gran_size: 64K 	chunk_size: 1M 	num_reg: 7  	lose cover RAM: 29188M
Apr 26 12:39:07 kashrinivaasan-Inspiron-1545 kernel: [    0.000000]  gran_size: 64K 	chunk_size: 2M 	num_reg: 7  	lose cover RAM: 29188M
Apr 26 12:39:07 kashrinivaasan-Inspiron-1545 kernel: [    0.000000]  gran_size: 64K 	chunk_size: 4M 	num_reg: 7  	lose cover RAM: 29188M
Apr 26 12:39:07 kashrinivaasan-Inspiron-1545 kernel: [    0.000000]  gran_size: 64K 	chunk_size: 8M 	num_reg: 7  	lose cover RAM: 29184M
Apr 26 12:39:07 kashrinivaasan-Inspiron-1545 kernel: [    0.000000]  gran_size: 64K 	chunk_size: 16M 	num_reg: 7  	lose cover RAM: 29184M
Apr 26 12:39:07 kashrinivaasan-Inspiron-1545 kernel: [    0.000000]  gran_size: 64K 	chunk_size: 32M 	num_reg: 7  	lose cover RAM: 29184M
Apr 26 12:39:07 kashrinivaasan-Inspiron-1545 kernel: [    0.000000]  gran_size: 64K 	chunk_size: 64M 	num_reg: 7  	lose cover RAM: 16G
Apr 26 12:39:07 kashrinivaasan-Inspiron-1545 kernel: [    0.000000]  gran_size: 64K 	chunk_size: 128M 	num_reg: 7  	lose cover RAM: 16G
Apr 26 12:39:07 kashrinivaasan-Inspiron-1545 kernel: [    0.000000]  gran_size: 64K 	chunk_size: 256M 	num_reg: 7  	lose cover RAM: 16G
Apr 26 12:39:07 kashrinivaasan-Inspiron-1545 kernel: [    0.000000]  gran_size: 64K 	chunk_size: 512M 	num_reg: 7  	lose cover RAM: 16G
Apr 26 12:39:07 kashrinivaasan-Inspiron-1545 kernel: [    0.000000]  gran_size: 64K 	chunk_size: 1G 	num_reg: 7  	lose cover RAM: 16G
Apr 26 12:39:07 kashrinivaasan-Inspiron-1545 kernel: [    0.000000]  gran_size: 64K 	chunk_size: 2G 	num_reg: 7  	lose cover RAM: 29188M
Apr 26 12:39:07 kashrinivaasan-Inspiron-1545 kernel: [    0.000000]  gran_size: 128K 	chunk_size: 128K 	num_reg: 7  	lose cover RAM: 29188M
Apr 26 12:39:07 kashrinivaasan-Inspiron-1545 kernel: [    0.000000]  gran_size: 128K 	chunk_size: 256K 	num_reg: 7  	lose cover RAM: 29188M
Apr 26 12:39:07 kashrinivaasan-Inspiron-1545 kernel: [    0.000000]  gran_size: 128K 	chunk_size: 512K 	num_reg: 7  	lose cover RAM: 29188M
Apr 26 12:39:07 kashrinivaasan-Inspiron-1545 kernel: [    0.000000]  gran_size: 128K 	chunk_size: 1M 	num_reg: 7  	lose cover RAM: 29188M
Apr 26 12:39:07 kashrinivaasan-Inspiron-1545 kernel: [    0.000000]  gran_size: 128K 	chunk_size: 2M 	num_reg: 7  	lose cover RAM: 29188M
Apr 26 12:39:07 kashrinivaasan-Inspiron-1545 kernel: [    0.000000]  gran_size: 128K 	chunk_size: 4M 	num_reg: 7  	lose cover RAM: 29188M
Apr 26 12:39:07 kashrinivaasan-Inspiron-1545 kernel: [    0.000000]  gran_size: 128K 	chunk_size: 8M 	num_reg: 7  	lose cover RAM: 29184M
Apr 26 12:39:07 kashrinivaasan-Inspiron-1545 kernel: [    0.000000]  gran_size: 128K 	chunk_size: 16M 	num_reg: 7  	lose cover RAM: 29184M
Apr 26 12:39:07 kashrinivaasan-Inspiron-1545 kernel: [    0.000000]  gran_size: 128K 	chunk_size: 32M 	num_reg: 7  	lose cover RAM: 29184M
Apr 26 12:39:07 kashrinivaasan-Inspiron-1545 kernel: [    0.000000]  gran_size: 128K 	chunk_size: 64M 	num_reg: 7  	lose cover RAM: 16G
Apr 26 12:39:07 kashrinivaasan-Inspiron-1545 kernel: [    0.000000]  gran_size: 128K 	chunk_size: 128M 	num_reg: 7  	lose cover RAM: 16G
Apr 26 12:39:07 kashrinivaasan-Inspiron-1545 kernel: [    0.000000]  gran_size: 128K 	chunk_size: 256M 	num_reg: 7  	lose cover RAM: 16G
Apr 26 12:39:07 kashrinivaasan-Inspiron-1545 kernel: [    0.000000]  gran_size: 128K 	chunk_size: 512M 	num_reg: 7  	lose cover RAM: 16G
Apr 26 12:39:07 kashrinivaasan-Inspiron-1545 kernel: [    0.000000]  gran_size: 128K 	chunk_size: 1G 	num_reg: 7  	lose cover RAM: 16G
Apr 26 12:39:07 kashrinivaasan-Inspiron-1545 kernel: [    0.000000]  gran_size: 128K 	chunk_size: 2G 	num_reg: 7  	lose cover RAM: 29188M
Apr 26 12:39:07 kashrinivaasan-Inspiron-1545 kernel: [    0.000000]  gran_size: 256K 	chunk_size: 256K 	num_reg: 7  	lose cover RAM: 29188M
Apr 26 12:39:07 kashrinivaasan-Inspiron-1545 kernel: [    0.000000]  gran_size: 256K 	chunk_size: 512K 	num_reg: 7  	lose cover RAM: 29188M
Apr 26 12:39:07 kashrinivaasan-Inspiron-1545 kernel: [    0.000000]  gran_size: 256K 	chunk_size: 1M 	num_reg: 7  	lose cover RAM: 29188M
Apr 26 12:39:07 kashrinivaasan-Inspiron-1545 kernel: [    0.000000]  gran_size: 256K 	chunk_size: 2M 	num_reg: 7  	lose cover RAM: 29188M
Apr 26 12:39:07 kashrinivaasan-Inspiron-1545 kernel: [    0.000000]  gran_size: 256K 	chunk_size: 4M 	num_reg: 7  	lose cover RAM: 29188M
Apr 26 12:39:07 kashrinivaasan-Inspiron-1545 kernel: [    0.000000]  gran_size: 256K 	chunk_size: 8M 	num_reg: 7  	lose cover RAM: 29184M
Apr 26 12:39:07 kashrinivaasan-Inspiron-1545 kernel: [    0.000000]  gran_size: 256K 	chunk_size: 16M 	num_reg: 7  	lose cover RAM: 29184M
Apr 26 12:39:07 kashrinivaasan-Inspiron-1545 kernel: [    0.000000]  gran_size: 256K 	chunk_size: 32M 	num_reg: 7  	lose cover RAM: 29184M
Apr 26 12:39:07 kashrinivaasan-Inspiron-1545 kernel: [    0.000000]  gran_size: 256K 	chunk_size: 64M 	num_reg: 7  	lose cover RAM: 16G
Apr 26 12:39:07 kashrinivaasan-Inspiron-1545 kernel: [    0.000000]  gran_size: 256K 	chunk_size: 128M 	num_reg: 7  	lose cover RAM: 16G
Apr 26 12:39:07 kashrinivaasan-Inspiron-1545 kernel: [    0.000000]  gran_size: 256K 	chunk_size: 256M 	num_reg: 7  	lose cover RAM: 16G
Apr 26 12:39:07 kashrinivaasan-Inspiron-1545 kernel: [    0.000000]  gran_size: 256K 	chunk_size: 512M 	num_reg: 7  	lose cover RAM: 16G
Apr 26 12:39:07 kashrinivaasan-Inspiron-1545 kernel: [    0.000000]  gran_size: 256K 	chunk_size: 1G 	num_reg: 7  	lose cover RAM: 16G
Apr 26 12:39:07 kashrinivaasan-Inspiron-1545 kernel: [    0.000000]  gran_size: 256K 	chunk_size: 2G 	num_reg: 7  	lose cover RAM: 29188M
Apr 26 12:39:07 kashrinivaasan-Inspiron-1545 kernel: [    0.000000]  gran_size: 512K 	chunk_size: 512K 	num_reg: 7  	lose cover RAM: 29188M
Apr 26 12:39:07 kashrinivaasan-Inspiron-1545 kernel: [    0.000000]  gran_size: 512K 	chunk_size: 1M 	num_reg: 7  	lose cover RAM: 29188M
Apr 26 12:39:07 kashrinivaasan-Inspiron-1545 kernel: [    0.000000]  gran_size: 512K 	chunk_size: 2M 	num_reg: 7  	lose cover RAM: 29188M
Apr 26 12:39:07 kashrinivaasan-Inspiron-1545 kernel: [    0.000000]  gran_size: 512K 	chunk_size: 4M 	num_reg: 7  	lose cover RAM: 29188M
Apr 26 12:39:07 kashrinivaasan-Inspiron-1545 kernel: [    0.000000]  gran_size: 512K 	chunk_size: 8M 	num_reg: 7  	lose cover RAM: 29184M
Apr 26 12:39:07 kashrinivaasan-Inspiron-1545 kernel: [    0.000000]  gran_size: 512K 	chunk_size: 16M 	num_reg: 7  	lose cover RAM: 29184M
Apr 26 12:39:07 kashrinivaasan-Inspiron-1545 kernel: [    0.000000]  gran_size: 512K 	chunk_size: 32M 	num_reg: 7  	lose cover RAM: 29184M
Apr 26 12:39:07 kashrinivaasan-Inspiron-1545 kernel: [    0.000000]  gran_size: 512K 	chunk_size: 64M 	num_reg: 7  	lose cover RAM: 16G
Apr 26 12:39:07 kashrinivaasan-Inspiron-1545 kernel: [    0.000000]  gran_size: 512K 	chunk_size: 128M 	num_reg: 7  	lose cover RAM: 16G
Apr 26 12:39:07 kashrinivaasan-Inspiron-1545 kernel: [    0.000000]  gran_size: 512K 	chunk_size: 256M 	num_reg: 7  	lose cover RAM: 16G
Apr 26 12:39:07 kashrinivaasan-Inspiron-1545 kernel: [    0.000000]  gran_size: 512K 	chunk_size: 512M 	num_reg: 7  	lose cover RAM: 16G
Apr 26 12:39:07 kashrinivaasan-Inspiron-1545 kernel: [    0.000000]  gran_size: 512K 	chunk_size: 1G 	num_reg: 7  	lose cover RAM: 16G
Apr 26 12:39:07 kashrinivaasan-Inspiron-1545 kernel: [    0.000000]  gran_size: 512K 	chunk_size: 2G 	num_reg: 7  	lose cover RAM: 29188M
Apr 26 12:39:07 kashrinivaasan-Inspiron-1545 kernel: [    0.000000]  gran_size: 1M 	chunk_size: 1M 	num_reg: 7  	lose cover RAM: 29188M
Apr 26 12:39:07 kashrinivaasan-Inspiron-1545 kernel: [    0.000000]  gran_size: 1M 	chunk_size: 2M 	num_reg: 7  	lose cover RAM: 29188M
Apr 26 12:39:07 kashrinivaasan-Inspiron-1545 kernel: [    0.000000]  gran_size: 1M 	chunk_size: 4M 	num_reg: 7  	lose cover RAM: 29188M
Apr 26 12:39:07 kashrinivaasan-Inspiron-1545 kernel: [    0.000000]  gran_size: 1M 	chunk_size: 8M 	num_reg: 7  	lose cover RAM: 29184M
Apr 26 12:39:07 kashrinivaasan-Inspiron-1545 kernel: [    0.000000]  gran_size: 1M 	chunk_size: 16M 	num_reg: 7  	lose cover RAM: 29184M
Apr 26 12:39:07 kashrinivaasan-Inspiron-1545 kernel: [    0.000000]  gran_size: 1M 	chunk_size: 32M 	num_reg: 7  	lose cover RAM: 29184M
Apr 26 12:39:07 kashrinivaasan-Inspiron-1545 kernel: [    0.000000]  gran_size: 1M 	chunk_size: 64M 	num_reg: 7  	lose cover RAM: 16G
Apr 26 12:39:07 kashrinivaasan-Inspiron-1545 kernel: [    0.000000]  gran_size: 1M 	chunk_size: 128M 	num_reg: 7  	lose cover RAM: 16G
