Mar  1 11:05:30 shrinivaasanka-Inspiron-1545 kernel: [ 2304.728903] [UFW BLOCK] IN=ppp0 OUT= MAC= SRC=91.189.92.152 DST=14.96.188.180 LEN=40 TOS=0x00 PREC=0x00 TTL=49 ID=0 DF PROTO=TCP SPT=80 DPT=33861 WINDOW=0 RES=0x00 RST URGP=0 
Mar  1 11:05:32 shrinivaasanka-Inspiron-1545 kernel: [ 2306.130880] [UFW BLOCK] IN=ppp0 OUT= MAC= SRC=74.125.236.135 DST=14.96.188.180 LEN=40 TOS=0x00 PREC=0x00 TTL=57 ID=18234 PROTO=TCP SPT=80 DPT=37609 WINDOW=0 RES=0x00 RST URGP=0 
Mar  1 11:05:42 shrinivaasanka-Inspiron-1545 kernel: [ 2316.420183] [UFW BLOCK] IN=ppp0 OUT= MAC= SRC=111.123.180.44 DST=14.96.188.180 LEN=40 TOS=0x00 PREC=0x00 TTL=112 ID=256 PROTO=TCP SPT=789 DPT=9064 WINDOW=16384 RES=0x00 SYN URGP=0 
Mar  1 11:05:45 shrinivaasanka-Inspiron-1545 kernel: [ 2319.738878] [UFW BLOCK] IN=ppp0 OUT= MAC= SRC=82.117.208.243 DST=14.96.188.180 LEN=44 TOS=0x00 PREC=0x00 TTL=24 ID=20369 PROTO=TCP SPT=41493 DPT=23 WINDOW=1024 RES=0x00 SYN URGP=0 
Mar  1 11:06:14 shrinivaasanka-Inspiron-1545 kernel: [ 2348.358896] [UFW BLOCK] IN=ppp0 OUT= MAC= SRC=185.8.15.15 DST=14.96.188.180 LEN=68 TOS=0x00 PREC=0x00 TTL=44 ID=0 DF PROTO=UDP SPT=53 DPT=55156 LEN=48 
Mar  1 11:06:37 shrinivaasanka-Inspiron-1545 kernel: [ 2370.999928] [UFW BLOCK] IN=ppp0 OUT= MAC= SRC=95.93.191.65 DST=14.96.188.180 LEN=60 TOS=0x00 PREC=0x00 TTL=51 ID=5169 DF PROTO=TCP SPT=44798 DPT=23 WINDOW=5840 RES=0x00 SYN URGP=0 
Mar  1 11:06:46 shrinivaasanka-Inspiron-1545 kernel: [ 2379.980885] [UFW BLOCK] IN=ppp0 OUT= MAC= SRC=95.93.191.65 DST=14.96.188.180 LEN=60 TOS=0x00 PREC=0x00 TTL=51 ID=5171 DF PROTO=TCP SPT=44798 DPT=23 WINDOW=5840 RES=0x00 SYN URGP=0 
Mar  1 11:06:51 shrinivaasanka-Inspiron-1545 kernel: [ 2385.133730] CPU1: Core temperature above threshold, cpu clock throttled (total events = 26219)
Mar  1 11:06:51 shrinivaasanka-Inspiron-1545 kernel: [ 2385.134381] CPU1: Core temperature/speed normal
Mar  1 11:07:06 shrinivaasanka-Inspiron-1545 kernel: [ 2399.988031] mce: [Hardware Error]: Machine check events logged
Mar  1 11:07:22 shrinivaasanka-Inspiron-1545 kernel: [ 2416.750887] [UFW BLOCK] IN=ppp0 OUT= MAC= SRC=111.123.180.45 DST=14.96.188.180 LEN=40 TOS=0x00 PREC=0x00 TTL=111 ID=256 PROTO=TCP SPT=695 DPT=5780 WINDOW=16384 RES=0x00 SYN URGP=0 
Mar  1 11:07:46 shrinivaasanka-Inspiron-1545 kernel: [ 2439.939896] [UFW BLOCK] IN=ppp0 OUT= MAC= SRC=182.254.210.91 DST=14.96.188.180 LEN=40 TOS=0x00 PREC=0x00 TTL=107 ID=256 PROTO=TCP SPT=55479 DPT=1433 WINDOW=16384 RES=0x00 SYN URGP=0 
Mar  1 11:07:47 shrinivaasanka-Inspiron-1545 kernel: [ 2440.879924] [UFW BLOCK] IN=ppp0 OUT= MAC= SRC=210.109.97.57 DST=14.96.188.180 LEN=75 TOS=0x00 PREC=0x00 TTL=113 ID=21577 PROTO=UDP SPT=53 DPT=55156 LEN=55 
Mar  1 11:08:03 shrinivaasanka-Inspiron-1545 kernel: [ 2457.400584] CPU0: Core temperature above threshold, cpu clock throttled (total events = 1897)
Mar  1 11:08:03 shrinivaasanka-Inspiron-1545 kernel: [ 2457.401237] CPU0: Core temperature/speed normal
Mar  1 11:08:03 shrinivaasanka-Inspiron-1545 kernel: [ 2457.629907] [UFW BLOCK] IN=ppp0 OUT= MAC= SRC=61.183.128.6 DST=14.96.188.180 LEN=40 TOS=0x00 PREC=0x00 TTL=239 ID=20689 PROTO=TCP SPT=44788 DPT=8080 WINDOW=1024 RES=0x00 SYN URGP=0 
Mar  1 11:08:21 shrinivaasanka-Inspiron-1545 kernel: [ 2474.988031] mce: [Hardware Error]: Machine check events logged
Mar  1 11:08:23 shrinivaasanka-Inspiron-1545 kernel: [ 2477.178904] [UFW BLOCK] IN=ppp0 OUT= MAC= SRC=123.249.24.160 DST=14.96.188.180 LEN=40 TOS=0x00 PREC=0x00 TTL=110 ID=256 PROTO=TCP SPT=684 DPT=6743 WINDOW=16384 RES=0x00 SYN URGP=0 
Mar  1 11:09:08 shrinivaasanka-Inspiron-1545 kernel: [ 2521.877933] [UFW BLOCK] IN=ppp0 OUT= MAC= SRC=218.147.75.135 DST=14.96.188.180 LEN=40 TOS=0x00 PREC=0x00 TTL=97 ID=256 PROTO=TCP SPT=6000 DPT=3389 WINDOW=16384 RES=0x00 SYN URGP=0 
Mar  1 11:09:20 shrinivaasanka-Inspiron-1545 kernel: [ 2534.197046] [UFW BLOCK] IN=ppp0 OUT= MAC= SRC=117.21.176.11 DST=14.96.188.180 LEN=40 TOS=0x08 PREC=0x00 TTL=109 ID=256 PROTO=TCP SPT=77 DPT=9064 WINDOW=16384 RES=0x00 SYN URGP=0 
Mar  1 11:10:01 shrinivaasanka-Inspiron-1545 kernel: [ 2575.209941] [UFW BLOCK] IN=ppp0 OUT= MAC= SRC=208.98.190.224 DST=14.96.188.180 LEN=44 TOS=0x08 PREC=0x00 TTL=110 ID=11948 PROTO=UDP SPT=57600 DPT=16465 LEN=24 
Mar  1 11:10:45 shrinivaasanka-Inspiron-1545 kernel: [ 2619.449929] [UFW BLOCK] IN=ppp0 OUT= MAC= SRC=60.169.78.92 DST=14.96.188.180 LEN=40 TOS=0x00 PREC=0x00 TTL=109 ID=256 PROTO=TCP SPT=2000 DPT=9064 WINDOW=16384 RES=0x00 SYN URGP=0 
Mar  1 11:10:53 shrinivaasanka-Inspiron-1545 kernel: [ 2626.889925] [UFW BLOCK] IN=ppp0 OUT= MAC= SRC=199.83.94.150 DST=14.96.188.180 LEN=40 TOS=0x00 PREC=0x00 TTL=244 ID=41081 PROTO=TCP SPT=46619 DPT=8123 WINDOW=1024 RES=0x00 SYN URGP=0 
Mar  1 11:11:23 shrinivaasanka-Inspiron-1545 kernel: [ 2656.907079] [UFW BLOCK] IN=ppp0 OUT= MAC= SRC=223.153.63.25 DST=14.96.188.180 LEN=44 TOS=0x00 PREC=0x00 TTL=103 ID=256 PROTO=TCP SPT=6000 DPT=9064 WINDOW=16384 RES=0x00 SYN URGP=0 
Mar  1 11:12:38 shrinivaasanka-Inspiron-1545 kernel: [ 2732.108923] [UFW BLOCK] IN=ppp0 OUT= MAC= SRC=173.189.143.159 DST=14.96.188.180 LEN=44 TOS=0x00 PREC=0x00 TTL=111 ID=32767 DF PROTO=UDP SPT=65377 DPT=16465 LEN=24 
Mar  1 11:12:40 shrinivaasanka-Inspiron-1545 kernel: [ 2733.828172] [UFW BLOCK] IN=ppp0 OUT= MAC= SRC=61.160.213.108 DST=14.96.188.180 LEN=40 TOS=0x00 PREC=0x00 TTL=109 ID=2560 PROTO=TCP SPT=42290 DPT=3128 WINDOW=16384 RES=0x00 SYN URGP=0 
Mar  1 11:12:43 shrinivaasanka-Inspiron-1545 kernel: [ 2737.467937] [UFW BLOCK] IN=ppp0 OUT= MAC= SRC=110.85.174.166 DST=14.96.188.180 LEN=70 TOS=0x00 PREC=0x00 TTL=48 ID=0 DF PROTO=UDP SPT=53 DPT=55156 LEN=50 
Mar  1 11:13:03 shrinivaasanka-Inspiron-1545 kernel: [ 2756.868972] [UFW BLOCK] IN=ppp0 OUT= MAC= SRC=94.107.233.152 DST=14.96.188.180 LEN=44 TOS=0x00 PREC=0x00 TTL=107 ID=6615 PROTO=UDP SPT=11886 DPT=16464 LEN=24 
Mar  1 11:13:20 shrinivaasanka-Inspiron-1545 kernel: [ 2773.847950] [UFW BLOCK] IN=ppp0 OUT= MAC= SRC=222.186.134.33 DST=14.96.188.180 LEN=40 TOS=0x00 PREC=0x00 TTL=108 ID=256 PROTO=TCP SPT=77 DPT=9064 WINDOW=16384 RES=0x00 SYN URGP=0 
Mar  1 11:13:21 shrinivaasanka-Inspiron-1545 kernel: [ 2774.846937] [UFW BLOCK] IN=ppp0 OUT= MAC= SRC=222.186.134.33 DST=14.96.188.180 LEN=40 TOS=0x00 PREC=0x00 TTL=108 ID=256 PROTO=TCP SPT=77 DPT=9064 WINDOW=16384 RES=0x00 SYN URGP=0 
Mar  1 11:13:25 shrinivaasanka-Inspiron-1545 kernel: [ 2779.387948] [UFW BLOCK] IN=ppp0 OUT= MAC= SRC=175.180.183.127 DST=14.96.188.180 LEN=40 TOS=0x00 PREC=0x00 TTL=239 ID=60262 DF PROTO=TCP SPT=2893 DPT=1080 WINDOW=512 RES=0x00 SYN URGP=0 
Mar  1 11:13:30 shrinivaasanka-Inspiron-1545 kernel: [ 2784.705965] [UFW BLOCK] IN=ppp0 OUT= MAC= SRC=82.208.124.180 DST=14.96.188.180 LEN=131 TOS=0x00 PREC=0x00 TTL=47 ID=2553 PROTO=UDP SPT=62190 DPT=1067 LEN=111 
Mar  1 11:13:31 shrinivaasanka-Inspiron-1545 kernel: [ 2785.687982] [UFW BLOCK] IN=ppp0 OUT= MAC= SRC=82.208.124.180 DST=14.96.188.180 LEN=131 TOS=0x00 PREC=0x00 TTL=47 ID=2598 PROTO=UDP SPT=62190 DPT=1067 LEN=111 
Mar  1 11:13:50 shrinivaasanka-Inspiron-1545 kernel: [ 2804.277921] CPU1: Core temperature above threshold, cpu clock throttled (total events = 44305)
Mar  1 11:13:50 shrinivaasanka-Inspiron-1545 kernel: [ 2804.278570] CPU1: Core temperature/speed normal
Mar  1 11:13:54 shrinivaasanka-Inspiron-1545 kernel: [ 2807.905050] [UFW BLOCK] IN=ppp0 OUT= MAC= SRC=111.123.180.43 DST=14.96.188.180 LEN=40 TOS=0x00 PREC=0x00 TTL=112 ID=256 PROTO=TCP SPT=776 DPT=9064 WINDOW=16384 RES=0x00 SYN URGP=0 
Mar  1 11:14:27 shrinivaasanka-Inspiron-1545 kernel: [ 2841.067963] [UFW BLOCK] IN=ppp0 OUT= MAC= SRC=82.208.124.180 DST=14.96.188.180 LEN=131 TOS=0x00 PREC=0x00 TTL=47 ID=7888 PROTO=UDP SPT=62190 DPT=1067 LEN=111 
Mar  1 11:14:30 shrinivaasanka-Inspiron-1545 kernel: [ 2844.300107] CPU0: Core temperature above threshold, cpu clock throttled (total events = 2052)
Mar  1 11:14:30 shrinivaasanka-Inspiron-1545 kernel: [ 2844.300757] CPU0: Core temperature/speed normal
Mar  1 11:14:32 shrinivaasanka-Inspiron-1545 kernel: [ 2846.024979] [UFW BLOCK] IN=ppp0 OUT= MAC= SRC=82.208.124.180 DST=14.96.188.180 LEN=131 TOS=0x00 PREC=0x00 TTL=47 ID=8418 PROTO=UDP SPT=62190 DPT=1067 LEN=111 
Mar  1 11:14:36 shrinivaasanka-Inspiron-1545 kernel: [ 2850.000053] mce: [Hardware Error]: Machine check events logged
Mar  1 11:14:42 shrinivaasanka-Inspiron-1545 kernel: [ 2856.726948] [UFW BLOCK] IN=ppp0 OUT= MAC= SRC=82.208.124.180 DST=14.96.188.180 LEN=131 TOS=0x00 PREC=0x00 TTL=47 ID=9064 PROTO=UDP SPT=62190 DPT=1067 LEN=111 
Mar  1 11:15:15 shrinivaasanka-Inspiron-1545 kernel: [ 2889.685028] [UFW BLOCK] IN=ppp0 OUT= MAC= SRC=82.208.124.180 DST=14.96.188.180 LEN=131 TOS=0x00 PREC=0x00 TTL=47 ID=13334 PROTO=UDP SPT=62190 DPT=1067 LEN=111 
Mar  1 11:15:35 shrinivaasanka-Inspiron-1545 kernel: [ 2909.666977] [UFW BLOCK] IN=ppp0 OUT= MAC= SRC=123.249.24.160 DST=14.96.188.180 LEN=40 TOS=0x00 PREC=0x00 TTL=109 ID=256 PROTO=TCP SPT=684 DPT=5780 WINDOW=16384 RES=0x00 SYN URGP=0 
Mar  1 11:15:46 shrinivaasanka-Inspiron-1545 kernel: [ 2920.167000] [UFW BLOCK] IN=ppp0 OUT= MAC= SRC=216.99.156.163 DST=14.96.188.180 LEN=40 TOS=0x00 PREC=0x00 TTL=117 ID=256 PROTO=TCP SPT=61417 DPT=3306 WINDOW=16384 RES=0x00 SYN URGP=0 
Mar  1 11:16:14 shrinivaasanka-Inspiron-1545 kernel: [ 2948.546989] [UFW BLOCK] IN=ppp0 OUT= MAC= SRC=111.123.180.43 DST=14.96.188.180 LEN=40 TOS=0x00 PREC=0x00 TTL=112 ID=256 PROTO=TCP SPT=776 DPT=6743 WINDOW=16384 RES=0x00 SYN URGP=0 
Mar  1 11:16:32 shrinivaasanka-Inspiron-1545 kernel: [ 2966.247024] [UFW BLOCK] IN=ppp0 OUT= MAC= SRC=60.13.214.240 DST=14.96.188.180 LEN=52 TOS=0x00 PREC=0x00 TTL=48 ID=20289 DF PROTO=TCP SPT=45805 DPT=3389 WINDOW=65535 RES=0x00 SYN URGP=0 
Mar  1 11:16:56 shrinivaasanka-Inspiron-1545 kernel: [ 2990.227037] [UFW BLOCK] IN=ppp0 OUT= MAC= SRC=82.208.124.180 DST=14.96.188.180 LEN=131 TOS=0x00 PREC=0x00 TTL=47 ID=25242 PROTO=UDP SPT=62190 DPT=1067 LEN=111 
Mar  1 11:17:35 shrinivaasanka-Inspiron-1545 kernel: [ 3029.588085] [UFW BLOCK] IN=ppp0 OUT= MAC= SRC=82.208.124.180 DST=14.96.188.180 LEN=131 TOS=0x00 PREC=0x00 TTL=47 ID=29168 PROTO=UDP SPT=62190 DPT=1067 LEN=111 
Mar  1 11:17:42 shrinivaasanka-Inspiron-1545 kernel: [ 3035.986958] [UFW BLOCK] IN=ppp0 OUT= MAC= SRC=82.208.124.180 DST=14.96.188.180 LEN=131 TOS=0x00 PREC=0x00 TTL=47 ID=29637 PROTO=UDP SPT=62190 DPT=1067 LEN=111 
Mar  1 11:17:56 shrinivaasanka-Inspiron-1545 kernel: [ 3050.708048] [UFW BLOCK] IN=ppp0 OUT= MAC= SRC=82.208.124.180 DST=14.96.188.180 LEN=131 TOS=0x00 PREC=0x00 TTL=47 ID=31258 PROTO=UDP SPT=62190 DPT=1067 LEN=111 
Mar  1 11:18:03 shrinivaasanka-Inspiron-1545 kernel: [ 3056.884145] [UFW BLOCK] IN=ppp0 OUT= MAC= SRC=82.208.124.180 DST=14.96.188.180 LEN=131 TOS=0x00 PREC=0x00 TTL=47 ID=32182 PROTO=UDP SPT=62190 DPT=1067 LEN=111 
Mar  1 11:18:23 shrinivaasanka-Inspiron-1545 kernel: [ 3077.663157] [UFW BLOCK] IN=ppp0 OUT= MAC= SRC=82.208.124.180 DST=14.96.188.180 LEN=131 TOS=0x00 PREC=0x00 TTL=47 ID=2471 PROTO=UDP SPT=62190 DPT=1067 LEN=111 
Mar  1 11:18:45 shrinivaasanka-Inspiron-1545 kernel: [ 3099.186149] [UFW BLOCK] IN=ppp0 OUT= MAC= SRC=82.208.124.180 DST=14.96.188.180 LEN=131 TOS=0x00 PREC=0x00 TTL=47 ID=4278 PROTO=UDP SPT=62190 DPT=1067 LEN=111 
Mar  1 11:19:06 shrinivaasanka-Inspiron-1545 kernel: [ 3120.767160] [UFW BLOCK] IN=ppp0 OUT= MAC= SRC=82.208.124.180 DST=14.96.188.180 LEN=131 TOS=0x00 PREC=0x00 TTL=47 ID=7490 PROTO=UDP SPT=62190 DPT=1067 LEN=111 
Mar  1 11:19:22 shrinivaasanka-Inspiron-1545 kernel: [ 3136.786078] [UFW BLOCK] IN=ppp0 OUT= MAC= SRC=61.160.213.31 DST=14.96.188.180 LEN=40 TOS=0x00 PREC=0x00 TTL=109 ID=2560 PROTO=TCP SPT=47489 DPT=8807 WINDOW=16384 RES=0x00 SYN URGP=0 
Mar  1 11:19:48 shrinivaasanka-Inspiron-1545 kernel: [ 3161.864085] [UFW BLOCK] IN=ppp0 OUT= MAC= SRC=82.208.124.180 DST=14.96.188.180 LEN=131 TOS=0x00 PREC=0x00 TTL=47 ID=12716 PROTO=UDP SPT=62190 DPT=1067 LEN=111 
Mar  1 11:20:08 shrinivaasanka-Inspiron-1545 kernel: [ 3182.705186] [UFW BLOCK] IN=ppp0 OUT= MAC= SRC=82.208.124.180 DST=14.96.188.180 LEN=131 TOS=0x00 PREC=0x00 TTL=47 ID=15095 PROTO=UDP SPT=62190 DPT=1067 LEN=111 
Mar  1 11:20:22 shrinivaasanka-Inspiron-1545 kernel: [ 3196.723171] [UFW BLOCK] IN=ppp0 OUT= MAC= SRC=82.208.124.180 DST=14.96.188.180 LEN=131 TOS=0x00 PREC=0x00 TTL=47 ID=17284 PROTO=UDP SPT=62190 DPT=1067 LEN=111 
Mar  1 11:20:44 shrinivaasanka-Inspiron-1545 kernel: [ 3218.282072] [UFW BLOCK] IN=ppp0 OUT= MAC= SRC=82.208.124.180 DST=14.96.188.180 LEN=131 TOS=0x00 PREC=0x00 TTL=47 ID=19416 PROTO=UDP SPT=62190 DPT=1067 LEN=111 
Mar  1 11:21:04 shrinivaasanka-Inspiron-1545 kernel: [ 3238.702188] [UFW BLOCK] IN=ppp0 OUT= MAC= SRC=82.208.124.180 DST=14.96.188.180 LEN=131 TOS=0x00 PREC=0x00 TTL=47 ID=22427 PROTO=UDP SPT=62190 DPT=1067 LEN=111 
Mar  1 11:21:27 shrinivaasanka-Inspiron-1545 kernel: [ 3261.781127] [UFW BLOCK] IN=ppp0 OUT= MAC= SRC=82.208.124.180 DST=14.96.188.180 LEN=131 TOS=0x00 PREC=0x00 TTL=47 ID=25767 PROTO=UDP SPT=62190 DPT=1067 LEN=111 
Mar  1 11:21:44 shrinivaasanka-Inspiron-1545 kernel: [ 3278.062077] [UFW BLOCK] IN=ppp0 OUT= MAC= SRC=176.194.16.121 DST=14.96.188.180 LEN=134 TOS=0x00 PREC=0x00 TTL=110 ID=31207 PROTO=UDP SPT=61610 DPT=1067 LEN=114 
Mar  1 11:22:03 shrinivaasanka-Inspiron-1545 kernel: [ 3297.764075] [UFW BLOCK] IN=ppp0 OUT= MAC= SRC=111.123.180.44 DST=14.96.188.180 LEN=40 TOS=0x00 PREC=0x00 TTL=112 ID=256 PROTO=TCP SPT=789 DPT=9064 WINDOW=16384 RES=0x00 SYN URGP=0 
Mar  1 11:22:22 shrinivaasanka-Inspiron-1545 kernel: [ 3316.001070] [UFW BLOCK] IN=ppp0 OUT= MAC= SRC=82.208.124.180 DST=14.96.188.180 LEN=131 TOS=0x00 PREC=0x00 TTL=47 ID=31602 PROTO=UDP SPT=62190 DPT=1067 LEN=111 
Mar  1 11:22:43 shrinivaasanka-Inspiron-1545 kernel: [ 3337.623079] [UFW BLOCK] IN=ppp0 OUT= MAC= SRC=82.208.124.180 DST=14.96.188.180 LEN=131 TOS=0x00 PREC=0x00 TTL=47 ID=583 PROTO=UDP SPT=62190 DPT=1067 LEN=111 
Mar  1 11:23:03 shrinivaasanka-Inspiron-1545 kernel: [ 3357.791141] [UFW BLOCK] IN=ppp0 OUT= MAC= SRC=82.208.124.180 DST=14.96.188.180 LEN=131 TOS=0x00 PREC=0x00 TTL=47 ID=3150 PROTO=UDP SPT=62190 DPT=1067 LEN=111 
Mar  1 11:23:24 shrinivaasanka-Inspiron-1545 kernel: [ 3378.720139] [UFW BLOCK] IN=ppp0 OUT= MAC= SRC=82.208.124.180 DST=14.96.188.180 LEN=131 TOS=0x00 PREC=0x00 TTL=47 ID=5960 PROTO=UDP SPT=62190 DPT=1067 LEN=111 
Mar  1 11:23:45 shrinivaasanka-Inspiron-1545 kernel: [ 3399.700210] [UFW BLOCK] IN=ppp0 OUT= MAC= SRC=82.208.124.180 DST=14.96.188.180 LEN=131 TOS=0x00 PREC=0x00 TTL=47 ID=7821 PROTO=UDP SPT=62190 DPT=1067 LEN=111 
Mar  1 11:24:04 shrinivaasanka-Inspiron-1545 kernel: [ 3418.492099] [UFW BLOCK] IN=ppp0 OUT= MAC= SRC=222.186.57.105 DST=14.96.188.180 LEN=40 TOS=0x00 PREC=0x00 TTL=99 ID=256 PROTO=TCP SPT=6000 DPT=1433 WINDOW=16384 RES=0x00 SYN URGP=0 
Mar  1 11:24:24 shrinivaasanka-Inspiron-1545 kernel: [ 3438.100141] [UFW BLOCK] IN=ppp0 OUT= MAC= SRC=123.249.24.160 DST=14.96.188.180 LEN=40 TOS=0x00 PREC=0x00 TTL=110 ID=256 PROTO=TCP SPT=684 DPT=6743 WINDOW=16384 RES=0x00 SYN URGP=0 
Mar  1 11:24:49 shrinivaasanka-Inspiron-1545 kernel: [ 3463.240149] [UFW BLOCK] IN=ppp0 OUT= MAC= SRC=82.208.124.180 DST=14.96.188.180 LEN=131 TOS=0x00 PREC=0x00 TTL=47 ID=15558 PROTO=UDP SPT=62190 DPT=1067 LEN=111 
Mar  1 11:25:03 shrinivaasanka-Inspiron-1545 kernel: [ 3477.402121] [UFW BLOCK] IN=ppp0 OUT= MAC= SRC=82.208.124.180 DST=14.96.188.180 LEN=131 TOS=0x00 PREC=0x00 TTL=47 ID=17797 PROTO=UDP SPT=62190 DPT=1067 LEN=111 
Mar  1 11:25:08 shrinivaasanka-Inspiron-1545 kernel: [ 3482.082010] option1 ttyUSB0: option_instat_callback: error -108
Mar  1 11:25:08 shrinivaasanka-Inspiron-1545 kernel: [ 3482.082033] option1 ttyUSB0: usb_wwan_indat_callback: resubmit read urb failed. (-2)
Mar  1 11:25:08 shrinivaasanka-Inspiron-1545 kernel: [ 3482.082046] option1 ttyUSB0: usb_wwan_indat_callback: resubmit read urb failed. (-2)
Mar  1 11:25:08 shrinivaasanka-Inspiron-1545 kernel: [ 3482.082057] option1 ttyUSB0: usb_wwan_indat_callback: resubmit read urb failed. (-2)
Mar  1 11:25:08 shrinivaasanka-Inspiron-1545 kernel: [ 3482.084988] option1 ttyUSB0: GSM modem (1-port) converter now disconnected from ttyUSB0
Mar  1 11:25:08 shrinivaasanka-Inspiron-1545 kernel: [ 3482.085004] option 7-1:1.0: device disconnected
Mar  1 11:25:08 shrinivaasanka-Inspiron-1545 kernel: [ 3482.085033] option1 ttyUSB1: usb_wwan_indat_callback: resubmit read urb failed. (-2)
Mar  1 11:25:08 shrinivaasanka-Inspiron-1545 kernel: [ 3482.085046] option1 ttyUSB1: usb_wwan_indat_callback: resubmit read urb failed. (-2)
Mar  1 11:25:08 shrinivaasanka-Inspiron-1545 kernel: [ 3482.085055] option1 ttyUSB1: usb_wwan_indat_callback: resubmit read urb failed. (-2)
Mar  1 11:25:08 shrinivaasanka-Inspiron-1545 kernel: [ 3482.088146] usb 7-1: USB disconnect, device number 3
Mar  1 11:25:08 shrinivaasanka-Inspiron-1545 kernel: [ 3482.088269] option1 ttyUSB1: GSM modem (1-port) converter now disconnected from ttyUSB1
Mar  1 11:25:08 shrinivaasanka-Inspiron-1545 kernel: [ 3482.088284] option 7-1:1.1: device disconnected
Mar  1 11:25:08 shrinivaasanka-Inspiron-1545 kernel: [ 3482.089019] option1 ttyUSB2: usb_wwan_indat_callback: resubmit read urb failed. (-19)
Mar  1 11:25:08 shrinivaasanka-Inspiron-1545 kernel: [ 3482.089032] option1 ttyUSB2: usb_wwan_indat_callback: resubmit read urb failed. (-19)
Mar  1 11:25:08 shrinivaasanka-Inspiron-1545 kernel: [ 3482.089041] option1 ttyUSB2: usb_wwan_indat_callback: resubmit read urb failed. (-19)
Mar  1 11:25:08 shrinivaasanka-Inspiron-1545 kernel: [ 3482.089049] option1 ttyUSB2: usb_wwan_indat_callback: resubmit read urb failed. (-19)
Mar  1 11:25:08 shrinivaasanka-Inspiron-1545 kernel: [ 3482.089911] option1 ttyUSB2: GSM modem (1-port) converter now disconnected from ttyUSB2
Mar  1 11:25:08 shrinivaasanka-Inspiron-1545 kernel: [ 3482.089932] option 7-1:1.2: device disconnected
Mar  1 11:25:08 shrinivaasanka-Inspiron-1545 kernel: [ 3482.089962] usb-storage 7-1:1.0: USB Mass Storage device detected
Mar  1 11:25:08 shrinivaasanka-Inspiron-1545 kernel: [ 3482.099246] option 7-1:1.0: GSM modem (1-port) converter detected
Mar  1 11:25:08 shrinivaasanka-Inspiron-1545 kernel: [ 3482.099377] usb 7-1: GSM modem (1-port) converter now attached to ttyUSB1
Mar  1 11:25:08 shrinivaasanka-Inspiron-1545 kernel: [ 3482.099404] usb-storage 7-1:1.1: USB Mass Storage device detected
Mar  1 11:25:08 shrinivaasanka-Inspiron-1545 kernel: [ 3482.102215] option 7-1:1.1: GSM modem (1-port) converter detected
Mar  1 11:25:08 shrinivaasanka-Inspiron-1545 kernel: [ 3482.102360] usb 7-1: GSM modem (1-port) converter now attached to ttyUSB2
Mar  1 11:25:08 shrinivaasanka-Inspiron-1545 kernel: [ 3482.102387] usb-storage 7-1:1.2: USB Mass Storage device detected
Mar  1 11:25:08 shrinivaasanka-Inspiron-1545 kernel: [ 3482.104225] option 7-1:1.2: GSM modem (1-port) converter detected
Mar  1 11:25:08 shrinivaasanka-Inspiron-1545 kernel: [ 3482.104359] usb 7-1: GSM modem (1-port) converter now attached to ttyUSB3
Mar  1 11:25:08 shrinivaasanka-Inspiron-1545 kernel: [ 3482.104563] option1 ttyUSB1: GSM modem (1-port) converter now disconnected from ttyUSB1
Mar  1 11:25:08 shrinivaasanka-Inspiron-1545 kernel: [ 3482.104580] option 7-1:1.0: device disconnected
Mar  1 11:25:08 shrinivaasanka-Inspiron-1545 kernel: [ 3482.104725] option1 ttyUSB2: GSM modem (1-port) converter now disconnected from ttyUSB2
Mar  1 11:25:08 shrinivaasanka-Inspiron-1545 kernel: [ 3482.104740] option 7-1:1.1: device disconnected
Mar  1 11:25:08 shrinivaasanka-Inspiron-1545 kernel: [ 3482.104877] option1 ttyUSB3: GSM modem (1-port) converter now disconnected from ttyUSB3
Mar  1 11:25:08 shrinivaasanka-Inspiron-1545 kernel: [ 3482.104891] option 7-1:1.2: device disconnected
Mar  1 11:25:09 shrinivaasanka-Inspiron-1545 kernel: [ 3483.247749] usbserial: USB Serial deregistering driver GSM modem (1-port)
Mar  1 11:25:09 shrinivaasanka-Inspiron-1545 kernel: [ 3483.248962] usbcore: deregistering interface driver option
Mar  1 11:25:09 shrinivaasanka-Inspiron-1545 kernel: [ 3483.256240] Request for unknown module key 'Magrathea: Glacier signing key: c546e0efa90e80c311f1078ef911c09fb48be09f' err -11
Mar  1 11:25:09 shrinivaasanka-Inspiron-1545 kernel: [ 3483.257222] usbcore: registered new interface driver option
Mar  1 11:25:09 shrinivaasanka-Inspiron-1545 kernel: [ 3483.257249] usbserial: USB Serial support registered for GSM modem (1-port)
Mar  1 11:26:58 shrinivaasanka-Inspiron-1545 kernel: [ 3592.040293] usb 2-3: new high-speed USB device number 4 using ehci-pci
Mar  1 11:26:58 shrinivaasanka-Inspiron-1545 kernel: [ 3592.174008] usb 2-3: New USB device found, idVendor=1058, idProduct=0741
Mar  1 11:26:58 shrinivaasanka-Inspiron-1545 kernel: [ 3592.174016] usb 2-3: New USB device strings: Mfr=1, Product=2, SerialNumber=5
Mar  1 11:26:58 shrinivaasanka-Inspiron-1545 kernel: [ 3592.174021] usb 2-3: Product: My Passport 0741
Mar  1 11:26:58 shrinivaasanka-Inspiron-1545 kernel: [ 3592.174025] usb 2-3: Manufacturer: Western Digital
Mar  1 11:26:58 shrinivaasanka-Inspiron-1545 kernel: [ 3592.174029] usb 2-3: SerialNumber: 575832314142333339343835
Mar  1 11:26:58 shrinivaasanka-Inspiron-1545 kernel: [ 3592.174795] usb-storage 2-3:1.0: USB Mass Storage device detected
Mar  1 11:26:58 shrinivaasanka-Inspiron-1545 kernel: [ 3592.176450] scsi15 : usb-storage 2-3:1.0
Mar  1 11:26:59 shrinivaasanka-Inspiron-1545 kernel: [ 3593.176929] scsi 15:0:0:0: Direct-Access     WD       My Passport 0741 1025 PQ: 0 ANSI: 6
Mar  1 11:26:59 shrinivaasanka-Inspiron-1545 kernel: [ 3593.177419] scsi 15:0:0:1: Enclosure         WD       SES Device       1025 PQ: 0 ANSI: 6
Mar  1 11:26:59 shrinivaasanka-Inspiron-1545 kernel: [ 3593.181106] sd 15:0:0:0: Attached scsi generic sg3 type 0
Mar  1 11:26:59 shrinivaasanka-Inspiron-1545 kernel: [ 3593.181475] scsi 15:0:0:1: Attached scsi generic sg4 type 13
Mar  1 11:26:59 shrinivaasanka-Inspiron-1545 kernel: [ 3593.191655] sd 15:0:0:0: [sdc] Spinning up disk...
Mar  1 11:26:59 shrinivaasanka-Inspiron-1545 kernel: [ 3593.195400] Request for unknown module key 'Magrathea: Glacier signing key: c546e0efa90e80c311f1078ef911c09fb48be09f' err -11
Mar  1 11:26:59 shrinivaasanka-Inspiron-1545 kernel: [ 3593.205521] Request for unknown module key 'Magrathea: Glacier signing key: c546e0efa90e80c311f1078ef911c09fb48be09f' err -11
Mar  1 11:27:04 shrinivaasanka-Inspiron-1545 kernel: [ 3594.196072] .ready
Mar  1 11:27:04 shrinivaasanka-Inspiron-1545 kernel: [ 3597.961150] sd 15:0:0:0: [sdc] 1953458176 512-byte logical blocks: (1.00 TB/931 GiB)
Mar  1 11:27:04 shrinivaasanka-Inspiron-1545 kernel: [ 3597.962502] sd 15:0:0:0: [sdc] Write Protect is off
Mar  1 11:27:04 shrinivaasanka-Inspiron-1545 kernel: [ 3597.962507] sd 15:0:0:0: [sdc] Mode Sense: 47 00 10 08
Mar  1 11:27:04 shrinivaasanka-Inspiron-1545 kernel: [ 3597.964492] sd 15:0:0:0: [sdc] No Caching mode page found
Mar  1 11:27:04 shrinivaasanka-Inspiron-1545 kernel: [ 3597.964497] sd 15:0:0:0: [sdc] Assuming drive cache: write through
Mar  1 11:27:04 shrinivaasanka-Inspiron-1545 kernel: [ 3597.981422]  sdc: sdc1
Mar  1 11:27:04 shrinivaasanka-Inspiron-1545 kernel: [ 3597.985181] ses 15:0:0:1: Attached Enclosure device
Mar  1 11:27:04 shrinivaasanka-Inspiron-1545 kernel: [ 3597.992725] sd 15:0:0:0: [sdc] Attached SCSI disk
Mar  1 11:39:17 shrinivaasanka-Inspiron-1545 kernel: [ 4330.953072] usb 2-3: USB disconnect, device number 4
Mar  2 10:00:59 shrinivaasanka-Inspiron-1545 kernel: [    0.000000] Initializing cgroup subsys cpuset
Mar  2 10:00:59 shrinivaasanka-Inspiron-1545 kernel: [    0.000000] Initializing cgroup subsys cpu
Mar  2 10:00:59 shrinivaasanka-Inspiron-1545 kernel: [    0.000000] Initializing cgroup subsys cpuacct
Mar  2 10:00:59 shrinivaasanka-Inspiron-1545 kernel: [    0.000000] Linux version 3.15.5 (root@shrinivaasanka-Inspiron-1545) (gcc version 4.8.2 (Ubuntu 4.8.2-19ubuntu1) ) #1 SMP Sat Aug 23 22:16:39 IST 2014
Mar  2 10:00:59 shrinivaasanka-Inspiron-1545 kernel: [    0.000000] KERNEL supported cpus:
Mar  2 10:00:59 shrinivaasanka-Inspiron-1545 kernel: [    0.000000]   Intel GenuineIntel
Mar  2 10:00:59 shrinivaasanka-Inspiron-1545 kernel: [    0.000000]   AMD AuthenticAMD
Mar  2 10:00:59 shrinivaasanka-Inspiron-1545 kernel: [    0.000000]   NSC Geode by NSC
Mar  2 10:00:59 shrinivaasanka-Inspiron-1545 kernel: [    0.000000]   Cyrix CyrixInstead
Mar  2 10:00:59 shrinivaasanka-Inspiron-1545 kernel: [    0.000000]   Centaur CentaurHauls
Mar  2 10:00:59 shrinivaasanka-Inspiron-1545 kernel: [    0.000000]   Transmeta GenuineTMx86
Mar  2 10:00:59 shrinivaasanka-Inspiron-1545 kernel: [    0.000000]   Transmeta TransmetaCPU
Mar  2 10:00:59 shrinivaasanka-Inspiron-1545 kernel: [    0.000000]   UMC UMC UMC UMC
Mar  2 10:00:59 shrinivaasanka-Inspiron-1545 kernel: [    0.000000] e820: BIOS-provided physical RAM map:
Mar  2 10:00:59 shrinivaasanka-Inspiron-1545 kernel: [    0.000000] BIOS-e820: [mem 0x0000000000000000-0x000000000009efff] usable
Mar  2 10:00:59 shrinivaasanka-Inspiron-1545 kernel: [    0.000000] BIOS-e820: [mem 0x000000000009f000-0x000000000009ffff] reserved
Mar  2 10:00:59 shrinivaasanka-Inspiron-1545 kernel: [    0.000000] BIOS-e820: [mem 0x0000000000100000-0x00000000bd8bf3ff] usable
Mar  2 10:00:59 shrinivaasanka-Inspiron-1545 kernel: [    0.000000] BIOS-e820: [mem 0x00000000bd8bf400-0x00000000bdac13ff] ACPI NVS
Mar  2 10:00:59 shrinivaasanka-Inspiron-1545 kernel: [    0.000000] BIOS-e820: [mem 0x00000000bdac1400-0x00000000bfffffff] reserved
Mar  2 10:00:59 shrinivaasanka-Inspiron-1545 kernel: [    0.000000] BIOS-e820: [mem 0x00000000f8000000-0x00000000fbffffff] reserved
Mar  2 10:00:59 shrinivaasanka-Inspiron-1545 kernel: [    0.000000] BIOS-e820: [mem 0x00000000fec00000-0x00000000fec0ffff] reserved
Mar  2 10:00:59 shrinivaasanka-Inspiron-1545 kernel: [    0.000000] BIOS-e820: [mem 0x00000000fed18000-0x00000000fed1bfff] reserved
Mar  2 10:00:59 shrinivaasanka-Inspiron-1545 kernel: [    0.000000] BIOS-e820: [mem 0x00000000fed20000-0x00000000fed8ffff] reserved
Mar  2 10:00:59 shrinivaasanka-Inspiron-1545 kernel: [    0.000000] BIOS-e820: [mem 0x00000000feda0000-0x00000000feda5fff] reserved
Mar  2 10:00:59 shrinivaasanka-Inspiron-1545 kernel: [    0.000000] BIOS-e820: [mem 0x00000000fee00000-0x00000000fee0ffff] reserved
Mar  2 10:00:59 shrinivaasanka-Inspiron-1545 kernel: [    0.000000] BIOS-e820: [mem 0x00000000ffe00000-0x00000000ffffffff] reserved
Mar  2 10:00:59 shrinivaasanka-Inspiron-1545 kernel: [    0.000000] NX (Execute Disable) protection: active
Mar  2 10:00:59 shrinivaasanka-Inspiron-1545 kernel: [    0.000000] SMBIOS 2.4 present.
Mar  2 10:00:59 shrinivaasanka-Inspiron-1545 kernel: [    0.000000] DMI: Dell Inc. Inspiron 1545                   /0J037P, BIOS A14 12/07/2009
Mar  2 10:00:59 shrinivaasanka-Inspiron-1545 kernel: [    0.000000] e820: update [mem 0x00000000-0x00000fff] usable ==> reserved
Mar  2 10:00:59 shrinivaasanka-Inspiron-1545 kernel: [    0.000000] e820: remove [mem 0x000a0000-0x000fffff] usable
Mar  2 10:00:59 shrinivaasanka-Inspiron-1545 kernel: [    0.000000] e820: last_pfn = 0xbd8bf max_arch_pfn = 0x1000000
Mar  2 10:00:59 shrinivaasanka-Inspiron-1545 kernel: [    0.000000] MTRR default type: uncachable
Mar  2 10:00:59 shrinivaasanka-Inspiron-1545 kernel: [    0.000000] MTRR fixed ranges enabled:
Mar  2 10:00:59 shrinivaasanka-Inspiron-1545 kernel: [    0.000000]   00000-9FFFF write-back
Mar  2 10:00:59 shrinivaasanka-Inspiron-1545 kernel: [    0.000000]   A0000-BFFFF uncachable
Mar  2 10:00:59 shrinivaasanka-Inspiron-1545 kernel: [    0.000000]   C0000-CFFFF write-protect
Mar  2 10:00:59 shrinivaasanka-Inspiron-1545 kernel: [    0.000000]   D0000-EFFFF uncachable
Mar  2 10:00:59 shrinivaasanka-Inspiron-1545 kernel: [    0.000000]   F0000-FFFFF write-protect
Mar  2 10:00:59 shrinivaasanka-Inspiron-1545 kernel: [    0.000000] MTRR variable ranges enabled:
Mar  2 10:00:59 shrinivaasanka-Inspiron-1545 kernel: [    0.000000]   0 base 000000000 mask 800000000 write-back
Mar  2 10:00:59 shrinivaasanka-Inspiron-1545 kernel: [    0.000000]   1 base 0E0000000 mask FE0000000 uncachable
Mar  2 10:00:59 shrinivaasanka-Inspiron-1545 kernel: [    0.000000]   2 base 0BDC00000 mask FFFC00000 uncachable
Mar  2 10:00:59 shrinivaasanka-Inspiron-1545 kernel: [    0.000000]   3 base 0BE000000 mask FFE000000 uncachable
Mar  2 10:00:59 shrinivaasanka-Inspiron-1545 kernel: [    0.000000]   4 disabled
Mar  2 10:00:59 shrinivaasanka-Inspiron-1545 kernel: [    0.000000]   5 disabled
Mar  2 10:00:59 shrinivaasanka-Inspiron-1545 kernel: [    0.000000]   6 disabled
Mar  2 10:00:59 shrinivaasanka-Inspiron-1545 kernel: [    0.000000] x86 PAT enabled: cpu 0, old 0x7040600070406, new 0x7010600070106
Mar  2 10:00:59 shrinivaasanka-Inspiron-1545 kernel: [    0.000000] original variable MTRRs
Mar  2 10:00:59 shrinivaasanka-Inspiron-1545 kernel: [    0.000000] reg 0, base: 0GB, range: 32GB, type WB
Mar  2 10:00:59 shrinivaasanka-Inspiron-1545 kernel: [    0.000000] reg 1, base: 3584MB, range: 512MB, type UC
Mar  2 10:00:59 shrinivaasanka-Inspiron-1545 kernel: [    0.000000] reg 2, base: 3036MB, range: 4MB, type UC
Mar  2 10:00:59 shrinivaasanka-Inspiron-1545 kernel: [    0.000000] reg 3, base: 3040MB, range: 32MB, type UC
Mar  2 10:00:59 shrinivaasanka-Inspiron-1545 kernel: [    0.000000] total RAM covered: 32220M
Mar  2 10:00:59 shrinivaasanka-Inspiron-1545 kernel: [    0.000000]  gran_size: 64K 	chunk_size: 64K 	num_reg: 7  	lose cover RAM: 29188M
Mar  2 10:00:59 shrinivaasanka-Inspiron-1545 kernel: [    0.000000]  gran_size: 64K 	chunk_size: 128K 	num_reg: 7  	lose cover RAM: 29188M
Mar  2 10:00:59 shrinivaasanka-Inspiron-1545 kernel: [    0.000000]  gran_size: 64K 	chunk_size: 256K 	num_reg: 7  	lose cover RAM: 29188M
Mar  2 10:00:59 shrinivaasanka-Inspiron-1545 kernel: [    0.000000]  gran_size: 64K 	chunk_size: 512K 	num_reg: 7  	lose cover RAM: 29188M
Mar  2 10:00:59 shrinivaasanka-Inspiron-1545 kernel: [    0.000000]  gran_size: 64K 	chunk_size: 1M 	num_reg: 7  	lose cover RAM: 29188M
Mar  2 10:00:59 shrinivaasanka-Inspiron-1545 kernel: [    0.000000]  gran_size: 64K 	chunk_size: 2M 	num_reg: 7  	lose cover RAM: 29188M
Mar  2 10:00:59 shrinivaasanka-Inspiron-1545 kernel: [    0.000000]  gran_size: 64K 	chunk_size: 4M 	num_reg: 7  	lose cover RAM: 29188M
Mar  2 10:00:59 shrinivaasanka-Inspiron-1545 kernel: [    0.000000]  gran_size: 64K 	chunk_size: 8M 	num_reg: 7  	lose cover RAM: 29184M
Mar  2 10:00:59 shrinivaasanka-Inspiron-1545 kernel: [    0.000000]  gran_size: 64K 	chunk_size: 16M 	num_reg: 7  	lose cover RAM: 29184M
Mar  2 10:00:59 shrinivaasanka-Inspiron-1545 kernel: [    0.000000]  gran_size: 64K 	chunk_size: 32M 	num_reg: 7  	lose cover RAM: 29184M
Mar  2 10:00:59 shrinivaasanka-Inspiron-1545 kernel: [    0.000000]  gran_size: 64K 	chunk_size: 64M 	num_reg: 7  	lose cover RAM: 16G
Mar  2 10:00:59 shrinivaasanka-Inspiron-1545 kernel: [    0.000000]  gran_size: 64K 	chunk_size: 128M 	num_reg: 7  	lose cover RAM: 16G
Mar  2 10:00:59 shrinivaasanka-Inspiron-1545 kernel: [    0.000000]  gran_size: 64K 	chunk_size: 256M 	num_reg: 7  	lose cover RAM: 16G
Mar  2 10:00:59 shrinivaasanka-Inspiron-1545 kernel: [    0.000000]  gran_size: 64K 	chunk_size: 512M 	num_reg: 7  	lose cover RAM: 16G
Mar  2 10:00:59 shrinivaasanka-Inspiron-1545 kernel: [    0.000000]  gran_size: 64K 	chunk_size: 1G 	num_reg: 7  	lose cover RAM: 16G
Mar  2 10:00:59 shrinivaasanka-Inspiron-1545 kernel: [    0.000000]  gran_size: 64K 	chunk_size: 2G 	num_reg: 7  	lose cover RAM: 29188M
Mar  2 10:00:59 shrinivaasanka-Inspiron-1545 kernel: [    0.000000]  gran_size: 128K 	chunk_size: 128K 	num_reg: 7  	lose cover RAM: 29188M
Mar  2 10:00:59 shrinivaasanka-Inspiron-1545 kernel: [    0.000000]  gran_size: 128K 	chunk_size: 256K 	num_reg: 7  	lose cover RAM: 29188M
Mar  2 10:00:59 shrinivaasanka-Inspiron-1545 kernel: [    0.000000]  gran_size: 128K 	chunk_size: 512K 	num_reg: 7  	lose cover RAM: 29188M
Mar  2 10:00:59 shrinivaasanka-Inspiron-1545 kernel: [    0.000000]  gran_size: 128K 	chunk_size: 1M 	num_reg: 7  	lose cover RAM: 29188M
Mar  2 10:00:59 shrinivaasanka-Inspiron-1545 kernel: [    0.000000]  gran_size: 128K 	chunk_size: 2M 	num_reg: 7  	lose cover RAM: 29188M
Mar  2 10:00:59 shrinivaasanka-Inspiron-1545 kernel: [    0.000000]  gran_size: 128K 	chunk_size: 4M 	num_reg: 7  	lose cover RAM: 29188M
Mar  2 10:00:59 shrinivaasanka-Inspiron-1545 kernel: [    0.000000]  gran_size: 128K 	chunk_size: 8M 	num_reg: 7  	lose cover RAM: 29184M
Mar  2 10:00:59 shrinivaasanka-Inspiron-1545 kernel: [    0.000000]  gran_size: 128K 	chunk_size: 16M 	num_reg: 7  	lose cover RAM: 29184M
Mar  2 10:00:59 shrinivaasanka-Inspiron-1545 kernel: [    0.000000]  gran_size: 128K 	chunk_size: 32M 	num_reg: 7  	lose cover RAM: 29184M
Mar  2 10:00:59 shrinivaasanka-Inspiron-1545 kernel: [    0.000000]  gran_size: 128K 	chunk_size: 64M 	num_reg: 7  	lose cover RAM: 16G
Mar  2 10:00:59 shrinivaasanka-Inspiron-1545 kernel: [    0.000000]  gran_size: 128K 	chunk_size: 128M 	num_reg: 7  	lose cover RAM: 16G
Mar  2 10:00:59 shrinivaasanka-Inspiron-1545 kernel: [    0.000000]  gran_size: 128K 	chunk_size: 256M 	num_reg: 7  	lose cover RAM: 16G
Mar  2 10:00:59 shrinivaasanka-Inspiron-1545 kernel: [    0.000000]  gran_size: 128K 	chunk_size: 512M 	num_reg: 7  	lose cover RAM: 16G
Mar  2 10:00:59 shrinivaasanka-Inspiron-1545 kernel: [    0.000000]  gran_size: 128K 	chunk_size: 1G 	num_reg: 7  	lose cover RAM: 16G
Mar  2 10:00:59 shrinivaasanka-Inspiron-1545 kernel: [    0.000000]  gran_size: 128K 	chunk_size: 2G 	num_reg: 7  	lose cover RAM: 29188M
Mar  2 10:00:59 shrinivaasanka-Inspiron-1545 kernel: [    0.000000]  gran_size: 256K 	chunk_size: 256K 	num_reg: 7  	lose cover RAM: 29188M
Mar  2 10:00:59 shrinivaasanka-Inspiron-1545 kernel: [    0.000000]  gran_size: 256K 	chunk_size: 512K 	num_reg: 7  	lose cover RAM: 29188M
Mar  2 10:00:59 shrinivaasanka-Inspiron-1545 kernel: [    0.000000]  gran_size: 256K 	chunk_size: 1M 	num_reg: 7  	lose cover RAM: 29188M
Mar  2 10:00:59 shrinivaasanka-Inspiron-1545 kernel: [    0.000000]  gran_size: 256K 	chunk_size: 2M 	num_reg: 7  	lose cover RAM: 29188M
Mar  2 10:00:59 shrinivaasanka-Inspiron-1545 kernel: [    0.000000]  gran_size: 256K 	chunk_size: 4M 	num_reg: 7  	lose cover RAM: 29188M
Mar  2 10:00:59 shrinivaasanka-Inspiron-1545 kernel: [    0.000000]  gran_size: 256K 	chunk_size: 8M 	num_reg: 7  	lose cover RAM: 29184M
Mar  2 10:00:59 shrinivaasanka-Inspiron-1545 kernel: [    0.000000]  gran_size: 256K 	chunk_size: 16M 	num_reg: 7  	lose cover RAM: 29184M
Mar  2 10:00:59 shrinivaasanka-Inspiron-1545 kernel: [    0.000000]  gran_size: 256K 	chunk_size: 32M 	num_reg: 7  	lose cover RAM: 29184M
Mar  2 10:00:59 shrinivaasanka-Inspiron-1545 kernel: [    0.000000]  gran_size: 256K 	chunk_size: 64M 	num_reg: 7  	lose cover RAM: 16G
Mar  2 10:00:59 shrinivaasanka-Inspiron-1545 kernel: [    0.000000]  gran_size: 256K 	chunk_size: 128M 	num_reg: 7  	lose cover RAM: 16G
Mar  2 10:00:59 shrinivaasanka-Inspiron-1545 kernel: [    0.000000]  gran_size: 256K 	chunk_size: 256M 	num_reg: 7  	lose cover RAM: 16G
Mar  2 10:00:59 shrinivaasanka-Inspiron-1545 kernel: [    0.000000]  gran_size: 256K 	chunk_size: 512M 	num_reg: 7  	lose cover RAM: 16G
Mar  2 10:00:59 shrinivaasanka-Inspiron-1545 kernel: [    0.000000]  gran_size: 256K 	chunk_size: 1G 	num_reg: 7  	lose cover RAM: 16G
Mar  2 10:00:59 shrinivaasanka-Inspiron-1545 kernel: [    0.000000]  gran_size: 256K 	chunk_size: 2G 	num_reg: 7  	lose cover RAM: 29188M
Mar  2 10:00:59 shrinivaasanka-Inspiron-1545 kernel: [    0.000000]  gran_size: 512K 	chunk_size: 512K 	num_reg: 7  	lose cover RAM: 29188M
Mar  2 10:00:59 shrinivaasanka-Inspiron-1545 kernel: [    0.000000]  gran_size: 512K 	chunk_size: 1M 	num_reg: 7  	lose cover RAM: 29188M
Mar  2 10:00:59 shrinivaasanka-Inspiron-1545 kernel: [    0.000000]  gran_size: 512K 	chunk_size: 2M 	num_reg: 7  	lose cover RAM: 29188M
Mar  2 10:00:59 shrinivaasanka-Inspiron-1545 kernel: [    0.000000]  gran_size: 512K 	chunk_size: 4M 	num_reg: 7  	lose cover RAM: 29188M
Mar  2 10:00:59 shrinivaasanka-Inspiron-1545 kernel: [    0.000000]  gran_size: 512K 	chunk_size: 8M 	num_reg: 7  	lose cover RAM: 29184M
Mar  2 10:00:59 shrinivaasanka-Inspiron-1545 kernel: [    0.000000]  gran_size: 512K 	chunk_size: 16M 	num_reg: 7  	lose cover RAM: 29184M
Mar  2 10:00:59 shrinivaasanka-Inspiron-1545 kernel: [    0.000000]  gran_size: 512K 	chunk_size: 32M 	num_reg: 7  	lose cover RAM: 29184M
Mar  2 10:00:59 shrinivaasanka-Inspiron-1545 kernel: [    0.000000]  gran_size: 512K 	chunk_size: 64M 	num_reg: 7  	lose cover RAM: 16G
Mar  2 10:00:59 shrinivaasanka-Inspiron-1545 kernel: [    0.000000]  gran_size: 512K 	chunk_size: 128M 	num_reg: 7  	lose cover RAM: 16G
Mar  2 10:00:59 shrinivaasanka-Inspiron-1545 kernel: [    0.000000]  gran_size: 512K 	chunk_size: 256M 	num_reg: 7  	lose cover RAM: 16G
Mar  2 10:00:59 shrinivaasanka-Inspiron-1545 kernel: [    0.000000]  gran_size: 512K 	chunk_size: 512M 	num_reg: 7  	lose cover RAM: 16G
Mar  2 10:00:59 shrinivaasanka-Inspiron-1545 kernel: [    0.000000]  gran_size: 512K 	chunk_size: 1G 	num_reg: 7  	lose cover RAM: 16G
Mar  2 10:00:59 shrinivaasanka-Inspiron-1545 kernel: [    0.000000]  gran_size: 512K 	chunk_size: 2G 	num_reg: 7  	lose cover RAM: 29188M
Mar  2 10:00:59 shrinivaasanka-Inspiron-1545 kernel: [    0.000000]  gran_size: 1M 	chunk_size: 1M 	num_reg: 7  	lose cover RAM: 29188M
Mar  2 10:00:59 shrinivaasanka-Inspiron-1545 kernel: [    0.000000]  gran_size: 1M 	chunk_size: 2M 	num_reg: 7  	lose cover RAM: 29188M
Mar  2 10:00:59 shrinivaasanka-Inspiron-1545 kernel: [    0.000000]  gran_size: 1M 	chunk_size: 4M 	num_reg: 7  	lose cover RAM: 29188M
Mar  2 10:00:59 shrinivaasanka-Inspiron-1545 kernel: [    0.000000]  gran_size: 1M 	chunk_size: 8M 	num_reg: 7  	lose cover RAM: 29184M
Mar  2 10:00:59 shrinivaasanka-Inspiron-1545 kernel: [    0.000000]  gran_size: 1M 	chunk_size: 16M 	num_reg: 7  	lose cover RAM: 29184M
Mar  2 10:00:59 shrinivaasanka-Inspiron-1545 kernel: [    0.000000]  gran_size: 1M 	chunk_size: 32M 	num_reg: 7  	lose cover RAM: 29184M
Mar  2 10:00:59 shrinivaasanka-Inspiron-1545 kernel: [    0.000000]  gran_size: 1M 	chunk_size: 64M 	num_reg: 7  	lose cover RAM: 16G
Mar  2 10:00:59 shrinivaasanka-Inspiron-1545 kernel: [    0.000000]  gran_size: 1M 	chunk_size: 128M 	num_reg: 7  	lose cover RAM: 16G
Mar  2 10:00:59 shrinivaasanka-Inspiron-1545 kernel: [    0.000000]  gran_size: 1M 	chunk_size: 256M 	num_reg: 7  	lose cover RAM: 16G
Mar  2 10:00:59 shrinivaasanka-Inspiron-1545 kernel: [    0.000000]  gran_size: 1M 	chunk_size: 512M 	num_reg: 7  	lose cover RAM: 16G
Mar  2 10:00:59 shrinivaasanka-Inspiron-1545 kernel: [    0.000000]  gran_size: 1M 	chunk_size: 1G 	num_reg: 7  	lose cover RAM: 16G
Mar  2 10:00:59 shrinivaasanka-Inspiron-1545 kernel: [    0.000000]  gran_size: 1M 	chunk_size: 2G 	num_reg: 7  	lose cover RAM: 29188M
Mar  2 10:00:59 shrinivaasanka-Inspiron-1545 kernel: [    0.000000]  gran_size: 2M 	chunk_size: 2M 	num_reg: 7  	lose cover RAM: 29188M
Mar  2 10:00:59 shrinivaasanka-Inspiron-1545 kernel: [    0.000000]  gran_size: 2M 	chunk_size: 4M 	num_reg: 7  	lose cover RAM: 29188M
Mar  2 10:00:59 shrinivaasanka-Inspiron-1545 kernel: [    0.000000]  gran_size: 2M 	chunk_size: 8M 	num_reg: 7  	lose cover RAM: 29184M
Mar  2 10:00:59 shrinivaasanka-Inspiron-1545 kernel: [    0.000000]  gran_size: 2M 	chunk_size: 16M 	num_reg: 7  	lose cover RAM: 29184M
Mar  2 10:00:59 shrinivaasanka-Inspiron-1545 kernel: [    0.000000]  gran_size: 2M 	chunk_size: 32M 	num_reg: 7  	lose cover RAM: 29184M
Mar  2 10:00:59 shrinivaasanka-Inspiron-1545 kernel: [    0.000000]  gran_size: 2M 	chunk_size: 64M 	num_reg: 7  	lose cover RAM: 16G
Mar  2 10:00:59 shrinivaasanka-Inspiron-1545 kernel: [    0.000000]  gran_size: 2M 	chunk_size: 128M 	num_reg: 7  	lose cover RAM: 16G
Mar  2 10:00:59 shrinivaasanka-Inspiron-1545 kernel: [    0.000000]  gran_size: 2M 	chunk_size: 256M 	num_reg: 7  	lose cover RAM: 16G
Mar  2 10:00:59 shrinivaasanka-Inspiron-1545 kernel: [    0.000000]  gran_size: 2M 	chunk_size: 512M 	num_reg: 7  	lose cover RAM: 16G
Mar  2 10:00:59 shrinivaasanka-Inspiron-1545 kernel: [    0.000000]  gran_size: 2M 	chunk_size: 1G 	num_reg: 7  	lose cover RAM: 16G
Mar  2 10:00:59 shrinivaasanka-Inspiron-1545 kernel: [    0.000000]  gran_size: 2M 	chunk_size: 2G 	num_reg: 7  	lose cover RAM: 29188M
Mar  2 10:00:59 shrinivaasanka-Inspiron-1545 kernel: [    0.000000]  gran_size: 4M 	chunk_size: 4M 	num_reg: 7  	lose cover RAM: 29188M
Mar  2 10:00:59 shrinivaasanka-Inspiron-1545 kernel: [    0.000000]  gran_size: 4M 	chunk_size: 8M 	num_reg: 7  	lose cover RAM: 29184M
Mar  2 10:00:59 shrinivaasanka-Inspiron-1545 kernel: [    0.000000]  gran_size: 4M 	chunk_size: 16M 	num_reg: 7  	lose cover RAM: 29184M
Mar  2 10:00:59 shrinivaasanka-Inspiron-1545 kernel: [    0.000000]  gran_size: 4M 	chunk_size: 32M 	num_reg: 7  	lose cover RAM: 29184M
Mar  2 10:00:59 shrinivaasanka-Inspiron-1545 kernel: [    0.000000]  gran_size: 4M 	chunk_size: 64M 	num_reg: 7  	lose cover RAM: 16G
Mar  2 10:00:59 shrinivaasanka-Inspiron-1545 kernel: [    0.000000]  gran_size: 4M 	chunk_size: 128M 	num_reg: 7  	lose cover RAM: 16G
Mar  2 10:00:59 shrinivaasanka-Inspiron-1545 kernel: [    0.000000]  gran_size: 4M 	chunk_size: 256M 	num_reg: 7  	lose cover RAM: 16G
Mar  2 10:00:59 shrinivaasanka-Inspiron-1545 kernel: [    0.000000]  gran_size: 4M 	chunk_size: 512M 	num_reg: 7  	lose cover RAM: 16G
Mar  2 10:00:59 shrinivaasanka-Inspiron-1545 kernel: [    0.000000]  gran_size: 4M 	chunk_size: 1G 	num_reg: 7  	lose cover RAM: 16G
Mar  2 10:00:59 shrinivaasanka-Inspiron-1545 kernel: [    0.000000]  gran_size: 4M 	chunk_size: 2G 	num_reg: 7  	lose cover RAM: 29188M
Mar  2 10:00:59 shrinivaasanka-Inspiron-1545 kernel: [    0.000000]  gran_size: 8M 	chunk_size: 8M 	num_reg: 7  	lose cover RAM: 29188M
Mar  2 10:00:59 shrinivaasanka-Inspiron-1545 kernel: [    0.000000]  gran_size: 8M 	chunk_size: 16M 	num_reg: 7  	lose cover RAM: 29188M
Mar  2 10:00:59 shrinivaasanka-Inspiron-1545 kernel: [    0.000000]  gran_size: 8M 	chunk_size: 32M 	num_reg: 7  	lose cover RAM: 29188M
Mar  2 10:00:59 shrinivaasanka-Inspiron-1545 kernel: [    0.000000]  gran_size: 8M 	chunk_size: 64M 	num_reg: 7  	lose cover RAM: 16388M
Mar  2 10:00:59 shrinivaasanka-Inspiron-1545 kernel: [    0.000000]  gran_size: 8M 	chunk_size: 128M 	num_reg: 7  	lose cover RAM: 16388M
Mar  2 10:00:59 shrinivaasanka-Inspiron-1545 kernel: [    0.000000]  gran_size: 8M 	chunk_size: 256M 	num_reg: 7  	lose cover RAM: 16388M
Mar  2 10:00:59 shrinivaasanka-Inspiron-1545 kernel: [    0.000000]  gran_size: 8M 	chunk_size: 512M 	num_reg: 7  	lose cover RAM: 16388M
Mar  2 10:00:59 shrinivaasanka-Inspiron-1545 kernel: [    0.000000]  gran_size: 8M 	chunk_size: 1G 	num_reg: 7  	lose cover RAM: 16388M
Mar  2 10:00:59 shrinivaasanka-Inspiron-1545 kernel: [    0.000000]  gran_size: 8M 	chunk_size: 2G 	num_reg: 7  	lose cover RAM: 29188M
Mar  2 10:00:59 shrinivaasanka-Inspiron-1545 kernel: [    0.000000]  gran_size: 16M 	chunk_size: 16M 	num_reg: 7  	lose cover RAM: 28684M
Mar  2 10:00:59 shrinivaasanka-Inspiron-1545 kernel: [    0.000000]  gran_size: 16M 	chunk_size: 32M 	num_reg: 7  	lose cover RAM: 29196M
Mar  2 10:00:59 shrinivaasanka-Inspiron-1545 kernel: [    0.000000]  gran_size: 16M 	chunk_size: 64M 	num_reg: 7  	lose cover RAM: 16396M
Mar  2 10:00:59 shrinivaasanka-Inspiron-1545 kernel: [    0.000000]  gran_size: 16M 	chunk_size: 128M 	num_reg: 7  	lose cover RAM: 16396M
Mar  2 10:00:59 shrinivaasanka-Inspiron-1545 kernel: [    0.000000]  gran_size: 16M 	chunk_size: 256M 	num_reg: 7  	lose cover RAM: 16396M
Mar  2 10:00:59 shrinivaasanka-Inspiron-1545 kernel: [    0.000000]  gran_size: 16M 	chunk_size: 512M 	num_reg: 7  	lose cover RAM: 16396M
Mar  2 10:00:59 shrinivaasanka-Inspiron-1545 kernel: [    0.000000]  gran_size: 16M 	chunk_size: 1G 	num_reg: 7  	lose cover RAM: 16396M
Mar  2 10:00:59 shrinivaasanka-Inspiron-1545 kernel: [    0.000000]  gran_size: 16M 	chunk_size: 2G 	num_reg: 7  	lose cover RAM: 28172M
Mar  2 10:00:59 shrinivaasanka-Inspiron-1545 kernel: [    0.000000]  gran_size: 32M 	chunk_size: 32M 	num_reg: 7  	lose cover RAM: 24604M
Mar  2 10:00:59 shrinivaasanka-Inspiron-1545 kernel: [    0.000000]  gran_size: 32M 	chunk_size: 64M 	num_reg: 7  	lose cover RAM: 24604M
Mar  2 10:00:59 shrinivaasanka-Inspiron-1545 kernel: [    0.000000]  gran_size: 32M 	chunk_size: 128M 	num_reg: 7  	lose cover RAM: 28M
Mar  2 10:00:59 shrinivaasanka-Inspiron-1545 kernel: [    0.000000]  gran_size: 32M 	chunk_size: 256M 	num_reg: 7  	lose cover RAM: 28M
Mar  2 10:00:59 shrinivaasanka-Inspiron-1545 kernel: [    0.000000]  gran_size: 32M 	chunk_size: 512M 	num_reg: 7  	lose cover RAM: 28M
Mar  2 10:00:59 shrinivaasanka-Inspiron-1545 kernel: [    0.000000]  gran_size: 32M 	chunk_size: 1G 	num_reg: 7  	lose cover RAM: 28M
Mar  2 10:00:59 shrinivaasanka-Inspiron-1545 kernel: [    0.000000]  gran_size: 32M 	chunk_size: 2G 	num_reg: 7  	lose cover RAM: 27164M
Mar  2 10:00:59 shrinivaasanka-Inspiron-1545 kernel: [    0.000000]  gran_size: 64M 	chunk_size: 64M 	num_reg: 7  	lose cover RAM: 24604M
Mar  2 10:00:59 shrinivaasanka-Inspiron-1545 kernel: [    0.000000]  gran_size: 64M 	chunk_size: 128M 	num_reg: 7  	lose cover RAM: 28M
Mar  2 10:00:59 shrinivaasanka-Inspiron-1545 kernel: [    0.000000]  gran_size: 64M 	chunk_size: 256M 	num_reg: 7  	lose cover RAM: 28M
Mar  2 10:00:59 shrinivaasanka-Inspiron-1545 kernel: [    0.000000]  gran_size: 64M 	chunk_size: 512M 	num_reg: 7  	lose cover RAM: 28M
Mar  2 10:00:59 shrinivaasanka-Inspiron-1545 kernel: [    0.000000]  gran_size: 64M 	chunk_size: 1G 	num_reg: 7  	lose cover RAM: 28M
Mar  2 10:00:59 shrinivaasanka-Inspiron-1545 kernel: [    0.000000]  gran_size: 64M 	chunk_size: 2G 	num_reg: 7  	lose cover RAM: 27164M
Mar  2 10:00:59 shrinivaasanka-Inspiron-1545 kernel: [    0.000000]  gran_size: 128M 	chunk_size: 128M 	num_reg: 7  	lose cover RAM: 16476M
Mar  2 10:00:59 shrinivaasanka-Inspiron-1545 kernel: [    0.000000]  gran_size: 128M 	chunk_size: 256M 	num_reg: 7  	lose cover RAM: 92M
Mar  2 10:00:59 shrinivaasanka-Inspiron-1545 kernel: [    0.000000]  gran_size: 128M 	chunk_size: 512M 	num_reg: 7  	lose cover RAM: 92M
Mar  2 10:00:59 shrinivaasanka-Inspiron-1545 kernel: [    0.000000]  gran_size: 128M 	chunk_size: 1G 	num_reg: 7  	lose cover RAM: 92M
Mar  2 10:00:59 shrinivaasanka-Inspiron-1545 kernel: [    0.000000]  gran_size: 128M 	chunk_size: 2G 	num_reg: 7  	lose cover RAM: 27740M
Mar  2 10:00:59 shrinivaasanka-Inspiron-1545 kernel: [    0.000000]  gran_size: 256M 	chunk_size: 256M 	num_reg: 7  	lose cover RAM: 220M
Mar  2 10:00:59 shrinivaasanka-Inspiron-1545 kernel: [    0.000000]  gran_size: 256M 	chunk_size: 512M 	num_reg: 7  	lose cover RAM: 220M
Mar  2 10:00:59 shrinivaasanka-Inspiron-1545 kernel: [    0.000000]  gran_size: 256M 	chunk_size: 1G 	num_reg: 7  	lose cover RAM: 220M
Mar  2 10:00:59 shrinivaasanka-Inspiron-1545 kernel: [    0.000000]  gran_size: 256M 	chunk_size: 2G 	num_reg: 7  	lose cover RAM: 26844M
Mar  2 10:00:59 shrinivaasanka-Inspiron-1545 kernel: [    0.000000]  gran_size: 512M 	chunk_size: 512M 	num_reg: 6  	lose cover RAM: 476M
Mar  2 10:00:59 shrinivaasanka-Inspiron-1545 kernel: [    0.000000]  gran_size: 512M 	chunk_size: 1G 	num_reg: 7  	lose cover RAM: 476M
Mar  2 10:00:59 shrinivaasanka-Inspiron-1545 kernel: [    0.000000]  gran_size: 512M 	chunk_size: 2G 	num_reg: 7  	lose cover RAM: 25052M
Mar  2 10:00:59 shrinivaasanka-Inspiron-1545 kernel: [    0.000000]  gran_size: 1G 	chunk_size: 1G 	num_reg: 4  	lose cover RAM: 1500M
Mar  2 10:00:59 shrinivaasanka-Inspiron-1545 kernel: [    0.000000]  gran_size: 1G 	chunk_size: 2G 	num_reg: 4  	lose cover RAM: 1500M
Mar  2 10:00:59 shrinivaasanka-Inspiron-1545 kernel: [    0.000000]  gran_size: 2G 	chunk_size: 2G 	num_reg: 4  	lose cover RAM: 1500M
Mar  2 10:00:59 shrinivaasanka-Inspiron-1545 kernel: [    0.000000] mtrr_cleanup: can not find optimal value
Mar  2 10:00:59 shrinivaasanka-Inspiron-1545 kernel: [    0.000000] please specify mtrr_gran_size/mtrr_chunk_size
Mar  2 10:00:59 shrinivaasanka-Inspiron-1545 kernel: [    0.000000] e820: update [mem 0xbdc00000-0xbfffffff] usable ==> reserved
Mar  2 10:00:59 shrinivaasanka-Inspiron-1545 kernel: [    0.000000] e820: update [mem 0xe0000000-0xffffffff] usable ==> reserved
Mar  2 10:00:59 shrinivaasanka-Inspiron-1545 kernel: [    0.000000] Scanning 1 areas for low memory corruption
Mar  2 10:00:59 shrinivaasanka-Inspiron-1545 kernel: [    0.000000] initial memory mapped: [mem 0x00000000-0x021fffff]
Mar  2 10:00:59 shrinivaasanka-Inspiron-1545 kernel: [    0.000000] Base memory trampoline at [c009b000] 9b000 size 16384
Mar  2 10:00:59 shrinivaasanka-Inspiron-1545 kernel: [    0.000000] init_memory_mapping: [mem 0x00000000-0x000fffff]
Mar  2 10:00:59 shrinivaasanka-Inspiron-1545 kernel: [    0.000000]  [mem 0x00000000-0x000fffff] page 4k
Mar  2 10:00:59 shrinivaasanka-Inspiron-1545 kernel: [    0.000000] init_memory_mapping: [mem 0x37800000-0x379fffff]
Mar  2 10:00:59 shrinivaasanka-Inspiron-1545 kernel: [    0.000000]  [mem 0x37800000-0x379fffff] page 2M
Mar  2 10:00:59 shrinivaasanka-Inspiron-1545 kernel: [    0.000000] init_memory_mapping: [mem 0x34000000-0x377fffff]
Mar  2 10:00:59 shrinivaasanka-Inspiron-1545 kernel: [    0.000000]  [mem 0x34000000-0x377fffff] page 2M
Mar  2 10:00:59 shrinivaasanka-Inspiron-1545 kernel: [    0.000000] init_memory_mapping: [mem 0x00100000-0x33ffffff]
Mar  2 10:00:59 shrinivaasanka-Inspiron-1545 kernel: [    0.000000]  [mem 0x00100000-0x001fffff] page 4k
Mar  2 10:00:59 shrinivaasanka-Inspiron-1545 kernel: [    0.000000]  [mem 0x00200000-0x33ffffff] page 2M
Mar  2 10:00:59 shrinivaasanka-Inspiron-1545 kernel: [    0.000000] init_memory_mapping: [mem 0x37a00000-0x37bfdfff]
Mar  2 10:00:59 shrinivaasanka-Inspiron-1545 kernel: [    0.000000]  [mem 0x37a00000-0x37bfdfff] page 4k
Mar  2 10:00:59 shrinivaasanka-Inspiron-1545 kernel: [    0.000000] BRK [0x01c0a000, 0x01c0afff] PGTABLE
Mar  2 10:00:59 shrinivaasanka-Inspiron-1545 kernel: [    0.000000] RAMDISK: [mem 0x1dcfc000-0x2ae75fff]
Mar  2 10:00:59 shrinivaasanka-Inspiron-1545 kernel: [    0.000000] ACPI: RSDP 0x000FBDD0 000024 (v02 DELL  )
Mar  2 10:00:59 shrinivaasanka-Inspiron-1545 kernel: [    0.000000] ACPI: XSDT 0xBDAC3E00 000054 (v01 DELL   WN09     27D90C07 ASL  00000061)
Mar  2 10:00:59 shrinivaasanka-Inspiron-1545 kernel: [    0.000000] ACPI: FACP 0xBDAC3C9C 0000F4 (v04 DELL   WN09     27D90C07 ASL  00000061)
Mar  2 10:00:59 shrinivaasanka-Inspiron-1545 kernel: [    0.000000] ACPI BIOS Warning (bug): 32/64X length mismatch in FADT/Gpe0Block: 128/64 (20140214/tbfadt-603)
Mar  2 10:00:59 shrinivaasanka-Inspiron-1545 kernel: [    0.000000] ACPI: DSDT 0xBDAC4400 005451 (v02 INT430 SYSFexxx 00001001 INTL 20050624)
Mar  2 10:00:59 shrinivaasanka-Inspiron-1545 kernel: [    0.000000] ACPI: FACS 0xBDAD2C00 000040
Mar  2 10:00:59 shrinivaasanka-Inspiron-1545 kernel: [    0.000000] ACPI: HPET 0xBDAC3F00 000038 (v01 DELL   WN09     00000001 ASL  00000061)
Mar  2 10:00:59 shrinivaasanka-Inspiron-1545 kernel: [    0.000000] ACPI: APIC 0xBDAC4000 000068 (v01 DELL   WN09     27D90C07 ASL  00000047)
Mar  2 10:00:59 shrinivaasanka-Inspiron-1545 kernel: [    0.000000] ACPI: MCFG 0xBDAC3FC0 00003E (v16 DELL   WN09     27D90C07 ASL  00000061)
Mar  2 10:00:59 shrinivaasanka-Inspiron-1545 kernel: [    0.000000] ACPI: SLIC 0xBDAC409C 000176 (v01 DELL   WN09     27D90C07 ASL  00000061)
Mar  2 10:00:59 shrinivaasanka-Inspiron-1545 kernel: [    0.000000] ACPI: SSDT 0xBDAC2363 00066C (v01 PmRef  CpuPm    00003000 INTL 20050624)
Mar  2 10:00:59 shrinivaasanka-Inspiron-1545 kernel: [    0.000000] ACPI: Local APIC address 0xfee00000
Mar  2 10:00:59 shrinivaasanka-Inspiron-1545 kernel: [    0.000000] 2140MB HIGHMEM available.
Mar  2 10:00:59 shrinivaasanka-Inspiron-1545 kernel: [    0.000000] 891MB LOWMEM available.
Mar  2 10:00:59 shrinivaasanka-Inspiron-1545 kernel: [    0.000000]   mapped low ram: 0 - 37bfe000
Mar  2 10:00:59 shrinivaasanka-Inspiron-1545 kernel: [    0.000000]   low ram: 0 - 37bfe000
Mar  2 10:00:59 shrinivaasanka-Inspiron-1545 kernel: [    0.000000] BRK [0x01c0b000, 0x01c0bfff] PGTABLE
Mar  2 10:00:59 shrinivaasanka-Inspiron-1545 kernel: [    0.000000] Zone ranges:
Mar  2 10:00:59 shrinivaasanka-Inspiron-1545 kernel: [    0.000000]   DMA      [mem 0x00001000-0x00ffffff]
Mar  2 10:00:59 shrinivaasanka-Inspiron-1545 kernel: [    0.000000]   Normal   [mem 0x01000000-0x37bfdfff]
Mar  2 10:00:59 shrinivaasanka-Inspiron-1545 kernel: [    0.000000]   HighMem  [mem 0x37bfe000-0xbd8befff]
Mar  2 10:00:59 shrinivaasanka-Inspiron-1545 kernel: [    0.000000] Movable zone start for each node
Mar  2 10:00:59 shrinivaasanka-Inspiron-1545 kernel: [    0.000000] Early memory node ranges
Mar  2 10:00:59 shrinivaasanka-Inspiron-1545 kernel: [    0.000000]   node   0: [mem 0x00001000-0x0009efff]
Mar  2 10:00:59 shrinivaasanka-Inspiron-1545 kernel: [    0.000000]   node   0: [mem 0x00100000-0xbd8befff]
Mar  2 10:00:59 shrinivaasanka-Inspiron-1545 kernel: [    0.000000] On node 0 totalpages: 776285
Mar  2 10:00:59 shrinivaasanka-Inspiron-1545 kernel: [    0.000000]   DMA zone: 32 pages used for memmap
Mar  2 10:00:59 shrinivaasanka-Inspiron-1545 kernel: [    0.000000]   DMA zone: 0 pages reserved
Mar  2 10:00:59 shrinivaasanka-Inspiron-1545 kernel: [    0.000000]   DMA zone: 3998 pages, LIFO batch:0
Mar  2 10:00:59 shrinivaasanka-Inspiron-1545 kernel: [    0.000000]   Normal zone: 1752 pages used for memmap
Mar  2 10:00:59 shrinivaasanka-Inspiron-1545 kernel: [    0.000000]   Normal zone: 224254 pages, LIFO batch:31
Mar  2 10:00:59 shrinivaasanka-Inspiron-1545 kernel: [    0.000000]   HighMem zone: 4282 pages used for memmap
Mar  2 10:00:59 shrinivaasanka-Inspiron-1545 kernel: [    0.000000]   HighMem zone: 548033 pages, LIFO batch:31
Mar  2 10:00:59 shrinivaasanka-Inspiron-1545 kernel: [    0.000000] Using APIC driver default
Mar  2 10:00:59 shrinivaasanka-Inspiron-1545 kernel: [    0.000000] Reserving Intel graphics stolen memory at 0xbe000000-0xbfffffff
Mar  2 10:00:59 shrinivaasanka-Inspiron-1545 kernel: [    0.000000] ACPI: PM-Timer IO Port: 0x1008
Mar  2 10:00:59 shrinivaasanka-Inspiron-1545 kernel: [    0.000000] ACPI: Local APIC address 0xfee00000
Mar  2 10:00:59 shrinivaasanka-Inspiron-1545 kernel: [    0.000000] ACPI: LAPIC (acpi_id[0x00] lapic_id[0x00] enabled)
Mar  2 10:00:59 shrinivaasanka-Inspiron-1545 kernel: [    0.000000] ACPI: LAPIC (acpi_id[0x01] lapic_id[0x01] enabled)
Mar  2 10:00:59 shrinivaasanka-Inspiron-1545 kernel: [    0.000000] ACPI: LAPIC_NMI (acpi_id[0x00] high edge lint[0x1])
Mar  2 10:00:59 shrinivaasanka-Inspiron-1545 kernel: [    0.000000] ACPI: LAPIC_NMI (acpi_id[0x01] high edge lint[0x1])
Mar  2 10:00:59 shrinivaasanka-Inspiron-1545 kernel: [    0.000000] ACPI: IOAPIC (id[0x02] address[0xfec00000] gsi_base[0])
Mar  2 10:00:59 shrinivaasanka-Inspiron-1545 kernel: [    0.000000] IOAPIC[0]: apic_id 2, version 32, address 0xfec00000, GSI 0-23
Mar  2 10:00:59 shrinivaasanka-Inspiron-1545 kernel: [    0.000000] ACPI: INT_SRC_OVR (bus 0 bus_irq 0 global_irq 2 dfl dfl)
Mar  2 10:00:59 shrinivaasanka-Inspiron-1545 kernel: [    0.000000] ACPI: INT_SRC_OVR (bus 0 bus_irq 9 global_irq 9 high level)
Mar  2 10:00:59 shrinivaasanka-Inspiron-1545 kernel: [    0.000000] ACPI: IRQ0 used by override.
Mar  2 10:00:59 shrinivaasanka-Inspiron-1545 kernel: [    0.000000] ACPI: IRQ2 used by override.
Mar  2 10:00:59 shrinivaasanka-Inspiron-1545 kernel: [    0.000000] ACPI: IRQ9 used by override.
Mar  2 10:00:59 shrinivaasanka-Inspiron-1545 kernel: [    0.000000] Using ACPI (MADT) for SMP configuration information
Mar  2 10:00:59 shrinivaasanka-Inspiron-1545 kernel: [    0.000000] ACPI: HPET id: 0x8086a201 base: 0xfed00000
Mar  2 10:00:59 shrinivaasanka-Inspiron-1545 kernel: [    0.000000] smpboot: Allowing 2 CPUs, 0 hotplug CPUs
Mar  2 10:00:59 shrinivaasanka-Inspiron-1545 kernel: [    0.000000] nr_irqs_gsi: 40
Mar  2 10:00:59 shrinivaasanka-Inspiron-1545 kernel: [    0.000000] PM: Registered nosave memory: [mem 0x0009f000-0x0009ffff]
Mar  2 10:00:59 shrinivaasanka-Inspiron-1545 kernel: [    0.000000] PM: Registered nosave memory: [mem 0x000a0000-0x000fffff]
Mar  2 10:00:59 shrinivaasanka-Inspiron-1545 kernel: [    0.000000] e820: [mem 0xc0000000-0xf7ffffff] available for PCI devices
Mar  2 10:00:59 shrinivaasanka-Inspiron-1545 kernel: [    0.000000] Booting paravirtualized kernel on bare hardware
Mar  2 10:00:59 shrinivaasanka-Inspiron-1545 kernel: [    0.000000] setup_percpu: NR_CPUS:8 nr_cpumask_bits:8 nr_cpu_ids:2 nr_node_ids:1
Mar  2 10:00:59 shrinivaasanka-Inspiron-1545 kernel: [    0.000000] PERCPU: Embedded 14 pages/cpu @f63bb000 s36032 r0 d21312 u57344
Mar  2 10:00:59 shrinivaasanka-Inspiron-1545 kernel: [    0.000000] pcpu-alloc: s36032 r0 d21312 u57344 alloc=14*4096
Mar  2 10:00:59 shrinivaasanka-Inspiron-1545 kernel: [    0.000000] pcpu-alloc: [0] 0 [0] 1 
Mar  2 10:00:59 shrinivaasanka-Inspiron-1545 kernel: [    0.000000] Built 1 zonelists in Zone order, mobility grouping on.  Total pages: 774501
Mar  2 10:00:59 shrinivaasanka-Inspiron-1545 kernel: [    0.000000] Kernel command line: BOOT_IMAGE=/boot/vmlinuz-3.15.5.old root=UUID=a17d2cbc-55c6-4d07-9ff0-e058fee06d24 ro recovery nomodeset
Mar  2 10:00:59 shrinivaasanka-Inspiron-1545 kernel: [    0.000000] PID hash table entries: 4096 (order: 2, 16384 bytes)
Mar  2 10:00:59 shrinivaasanka-Inspiron-1545 kernel: [    0.000000] Dentry cache hash table entries: 131072 (order: 7, 524288 bytes)
Mar  2 10:00:59 shrinivaasanka-Inspiron-1545 kernel: [    0.000000] Inode-cache hash table entries: 65536 (order: 6, 262144 bytes)
Mar  2 10:00:59 shrinivaasanka-Inspiron-1545 kernel: [    0.000000] Initializing CPU#0
Mar  2 10:00:59 shrinivaasanka-Inspiron-1545 kernel: [    0.000000] xsave: enabled xstate_bv 0x3, cntxt size 0x240
Mar  2 10:00:59 shrinivaasanka-Inspiron-1545 kernel: [    0.000000] Initializing HighMem for node 0 (00037bfe:000bd8bf)
Mar  2 10:00:59 shrinivaasanka-Inspiron-1545 kernel: [    0.000000] Initializing Movable for node 0 (00000000:00000000)
Mar  2 10:00:59 shrinivaasanka-Inspiron-1545 kernel: [    0.000000] Memory: 2852584K/3105140K available (6666K kernel code, 670K rwdata, 2984K rodata, 876K init, 1016K bss, 252556K reserved, 2192132K highmem)
Mar  2 10:00:59 shrinivaasanka-Inspiron-1545 kernel: [    0.000000] virtual kernel memory layout:
Mar  2 10:00:59 shrinivaasanka-Inspiron-1545 kernel: [    0.000000]     fixmap  : 0xfff15000 - 0xfffff000   ( 936 kB)
Mar  2 10:00:59 shrinivaasanka-Inspiron-1545 kernel: [    0.000000]     pkmap   : 0xffc00000 - 0xffe00000   (2048 kB)
Mar  2 10:00:59 shrinivaasanka-Inspiron-1545 kernel: [    0.000000]     vmalloc : 0xf83fe000 - 0xffbfe000   ( 120 MB)
Mar  2 10:00:59 shrinivaasanka-Inspiron-1545 kernel: [    0.000000]     lowmem  : 0xc0000000 - 0xf7bfe000   ( 891 MB)
Mar  2 10:00:59 shrinivaasanka-Inspiron-1545 kernel: [    0.000000]       .init : 0xc1a17000 - 0xc1af2000   ( 876 kB)
Mar  2 10:00:59 shrinivaasanka-Inspiron-1545 kernel: [    0.000000]       .data : 0xc1682c22 - 0xc1a15a80   (3659 kB)
Mar  2 10:00:59 shrinivaasanka-Inspiron-1545 kernel: [    0.000000]       .text : 0xc1000000 - 0xc1682c22   (6667 kB)
Mar  2 10:00:59 shrinivaasanka-Inspiron-1545 kernel: [    0.000000] Checking if this processor honours the WP bit even in supervisor mode...Ok.
Mar  2 10:00:59 shrinivaasanka-Inspiron-1545 kernel: [    0.000000] SLUB: HWalign=64, Order=0-3, MinObjects=0, CPUs=2, Nodes=1
Mar  2 10:00:59 shrinivaasanka-Inspiron-1545 kernel: [    0.000000] Hierarchical RCU implementation.
Mar  2 10:00:59 shrinivaasanka-Inspiron-1545 kernel: [    0.000000] 	RCU dyntick-idle grace-period acceleration is enabled.
Mar  2 10:00:59 shrinivaasanka-Inspiron-1545 kernel: [    0.000000] 	RCU restricting CPUs from NR_CPUS=8 to nr_cpu_ids=2.
Mar  2 10:00:59 shrinivaasanka-Inspiron-1545 kernel: [    0.000000] RCU: Adjusting geometry for rcu_fanout_leaf=16, nr_cpu_ids=2
Mar  2 10:00:59 shrinivaasanka-Inspiron-1545 kernel: [    0.000000] NR_IRQS:2304 nr_irqs:512 16
Mar  2 10:00:59 shrinivaasanka-Inspiron-1545 kernel: [    0.000000] CPU 0 irqstacks, hard=f5c08000 soft=f5c0a000
Mar  2 10:00:59 shrinivaasanka-Inspiron-1545 kernel: [    0.000000] Console: colour VGA+ 80x25
Mar  2 10:00:59 shrinivaasanka-Inspiron-1545 kernel: [    0.000000] console [tty0] enabled
Mar  2 10:00:59 shrinivaasanka-Inspiron-1545 kernel: [    0.000000] allocated 6291456 bytes of page_cgroup
Mar  2 10:00:59 shrinivaasanka-Inspiron-1545 kernel: [    0.000000] please try 'cgroup_disable=memory' option if you don't want memory cgroups
Mar  2 10:00:59 shrinivaasanka-Inspiron-1545 kernel: [    0.000000] hpet clockevent registered
Mar  2 10:00:59 shrinivaasanka-Inspiron-1545 kernel: [    0.000000] tsc: Fast TSC calibration using PIT
Mar  2 10:00:59 shrinivaasanka-Inspiron-1545 kernel: [    0.000000] tsc: Detected 1995.003 MHz processor
Mar  2 10:00:59 shrinivaasanka-Inspiron-1545 kernel: [    0.004013] Calibrating delay loop (skipped), value calculated using timer frequency.. 3990.00 BogoMIPS (lpj=7980012)
Mar  2 10:00:59 shrinivaasanka-Inspiron-1545 kernel: [    0.004109] pid_max: default: 32768 minimum: 301
Mar  2 10:00:59 shrinivaasanka-Inspiron-1545 kernel: [    0.004167] ACPI: Core revision 20140214
Mar  2 10:00:59 shrinivaasanka-Inspiron-1545 kernel: [    0.012165] ACPI: All ACPI Tables successfully acquired
Mar  2 10:00:59 shrinivaasanka-Inspiron-1545 kernel: [    0.016028] Security Framework initialized
Mar  2 10:00:59 shrinivaasanka-Inspiron-1545 kernel: [    0.016094] AppArmor: AppArmor initialized
Mar  2 10:00:59 shrinivaasanka-Inspiron-1545 kernel: [    0.016141] Yama: becoming mindful.
Mar  2 10:00:59 shrinivaasanka-Inspiron-1545 kernel: [    0.016241] Mount-cache hash table entries: 2048 (order: 1, 8192 bytes)
Mar  2 10:00:59 shrinivaasanka-Inspiron-1545 kernel: [    0.016294] Mountpoint-cache hash table entries: 2048 (order: 1, 8192 bytes)
Mar  2 10:00:59 shrinivaasanka-Inspiron-1545 kernel: [    0.020258] Initializing cgroup subsys memory
Mar  2 10:00:59 shrinivaasanka-Inspiron-1545 kernel: [    0.020313] Initializing cgroup subsys devices
Mar  2 10:00:59 shrinivaasanka-Inspiron-1545 kernel: [    0.020362] Initializing cgroup subsys freezer
Mar  2 10:00:59 shrinivaasanka-Inspiron-1545 kernel: [    0.020412] Initializing cgroup subsys net_cls
Mar  2 10:00:59 shrinivaasanka-Inspiron-1545 kernel: [    0.020462] Initializing cgroup subsys blkio
Mar  2 10:00:59 shrinivaasanka-Inspiron-1545 kernel: [    0.020511] Initializing cgroup subsys perf_event
Mar  2 10:00:59 shrinivaasanka-Inspiron-1545 kernel: [    0.020560] Initializing cgroup subsys net_prio
Mar  2 10:00:59 shrinivaasanka-Inspiron-1545 kernel: [    0.020609] Initializing cgroup subsys hugetlb
Mar  2 10:00:59 shrinivaasanka-Inspiron-1545 kernel: [    0.020683] CPU: Physical Processor ID: 0
Mar  2 10:00:59 shrinivaasanka-Inspiron-1545 kernel: [    0.020731] CPU: Processor Core ID: 0
Mar  2 10:00:59 shrinivaasanka-Inspiron-1545 kernel: [    0.020780] mce: CPU supports 6 MCE banks
Mar  2 10:00:59 shrinivaasanka-Inspiron-1545 kernel: [    0.020834] CPU0: Thermal monitoring enabled (TM2)
Mar  2 10:00:59 shrinivaasanka-Inspiron-1545 kernel: [    0.020893] Last level iTLB entries: 4KB 128, 2MB 4, 4MB 4
Mar  2 10:00:59 shrinivaasanka-Inspiron-1545 kernel: [    0.020893] Last level dTLB entries: 4KB 256, 2MB 0, 4MB 32, 1GB 0
Mar  2 10:00:59 shrinivaasanka-Inspiron-1545 kernel: [    0.020893] tlb_flushall_shift: -1
Mar  2 10:00:59 shrinivaasanka-Inspiron-1545 kernel: [    0.021485] Freeing SMP alternatives memory: 32K (c1af2000 - c1afa000)
Mar  2 10:00:59 shrinivaasanka-Inspiron-1545 kernel: [    0.022671] ftrace: allocating 28358 entries in 56 pages
Mar  2 10:00:59 shrinivaasanka-Inspiron-1545 kernel: [    0.032098] Enabling APIC mode:  Flat.  Using 1 I/O APICs
Mar  2 10:00:59 shrinivaasanka-Inspiron-1545 kernel: [    0.032593] ..TIMER: vector=0x30 apic1=0 pin1=2 apic2=-1 pin2=-1
Mar  2 10:00:59 shrinivaasanka-Inspiron-1545 kernel: [    0.075662] smpboot: CPU0: Intel(R) Core(TM)2 Duo CPU     T6400  @ 2.00GHz (fam: 06, model: 17, stepping: 0a)
Mar  2 10:00:59 shrinivaasanka-Inspiron-1545 kernel: [    0.076000] Performance Events: PEBS fmt0+, 4-deep LBR, Core2 events, Intel PMU driver.
Mar  2 10:00:59 shrinivaasanka-Inspiron-1545 kernel: [    0.076000] ... version:                2
Mar  2 10:00:59 shrinivaasanka-Inspiron-1545 kernel: [    0.076000] ... bit width:              40
Mar  2 10:00:59 shrinivaasanka-Inspiron-1545 kernel: [    0.076000] ... generic registers:      2
Mar  2 10:00:59 shrinivaasanka-Inspiron-1545 kernel: [    0.076000] ... value mask:             000000ffffffffff
Mar  2 10:00:59 shrinivaasanka-Inspiron-1545 kernel: [    0.076000] ... max period:             000000007fffffff
Mar  2 10:00:59 shrinivaasanka-Inspiron-1545 kernel: [    0.076000] ... fixed-purpose events:   3
Mar  2 10:00:59 shrinivaasanka-Inspiron-1545 kernel: [    0.076000] ... event mask:             0000000700000003
Mar  2 10:00:59 shrinivaasanka-Inspiron-1545 kernel: [    0.076000] CPU 1 irqstacks, hard=f5ce6000 soft=f5cf0000
Mar  2 10:00:59 shrinivaasanka-Inspiron-1545 kernel: [    0.076000] x86: Booting SMP configuration:
Mar  2 10:00:59 shrinivaasanka-Inspiron-1545 kernel: [    0.076000] .... node  #0, CPUs:      #1
Mar  2 10:00:59 shrinivaasanka-Inspiron-1545 kernel: [    0.008000] Initializing CPU#1
Mar  2 10:00:59 shrinivaasanka-Inspiron-1545 kernel: [    0.088038] x86: Booted up 1 node, 2 CPUs
Mar  2 10:00:59 shrinivaasanka-Inspiron-1545 kernel: [    0.088177] smpboot: Total of 2 processors activated (7980.01 BogoMIPS)
Mar  2 10:00:59 shrinivaasanka-Inspiron-1545 kernel: [    0.088315] NMI watchdog: enabled on all CPUs, permanently consumes one hw-PMU counter.
Mar  2 10:00:59 shrinivaasanka-Inspiron-1545 kernel: [    0.089907] devtmpfs: initialized
Mar  2 10:00:59 shrinivaasanka-Inspiron-1545 kernel: [    0.089907] evm: security.selinux
Mar  2 10:00:59 shrinivaasanka-Inspiron-1545 kernel: [    0.089907] evm: security.SMACK64
Mar  2 10:00:59 shrinivaasanka-Inspiron-1545 kernel: [    0.089907] evm: security.ima
Mar  2 10:00:59 shrinivaasanka-Inspiron-1545 kernel: [    0.089907] evm: security.capability
Mar  2 10:00:59 shrinivaasanka-Inspiron-1545 kernel: [    0.089907] PM: Registering ACPI NVS region [mem 0xbd8bf400-0xbdac13ff] (2105344 bytes)
Mar  2 10:00:59 shrinivaasanka-Inspiron-1545 kernel: [    0.092276] pinctrl core: initialized pinctrl subsystem
Mar  2 10:00:59 shrinivaasanka-Inspiron-1545 kernel: [    0.092430] regulator-dummy: no parameters
Mar  2 10:00:59 shrinivaasanka-Inspiron-1545 kernel: [    0.092522] RTC time: 10:00:33, date: 03/02/15
Mar  2 10:00:59 shrinivaasanka-Inspiron-1545 kernel: [    0.092623] NET: Registered protocol family 16
Mar  2 10:00:59 shrinivaasanka-Inspiron-1545 kernel: [    0.092881] EISA bus registered
Mar  2 10:00:59 shrinivaasanka-Inspiron-1545 kernel: [    0.092928] cpuidle: using governor ladder
Mar  2 10:00:59 shrinivaasanka-Inspiron-1545 kernel: [    0.092975] cpuidle: using governor menu
Mar  2 10:00:59 shrinivaasanka-Inspiron-1545 kernel: [    0.093113] ACPI: bus type PCI registered
Mar  2 10:00:59 shrinivaasanka-Inspiron-1545 kernel: [    0.093162] acpiphp: ACPI Hot Plug PCI Controller Driver version: 0.5
Mar  2 10:00:59 shrinivaasanka-Inspiron-1545 kernel: [    0.093306] PCI: MMCONFIG for domain 0000 [bus 00-3f] at [mem 0xf8000000-0xfbffffff] (base 0xf8000000)
Mar  2 10:00:59 shrinivaasanka-Inspiron-1545 kernel: [    0.093374] PCI: MMCONFIG at [mem 0xf8000000-0xfbffffff] reserved in E820
Mar  2 10:00:59 shrinivaasanka-Inspiron-1545 kernel: [    0.093425] PCI: Using MMCONFIG for extended config space
Mar  2 10:00:59 shrinivaasanka-Inspiron-1545 kernel: [    0.093475] PCI: Using configuration type 1 for base access
Mar  2 10:00:59 shrinivaasanka-Inspiron-1545 kernel: [    0.093536] dmi type 0xB1 record - unknown flag
Mar  2 10:00:59 shrinivaasanka-Inspiron-1545 kernel: [    0.096119] ACPI: Added _OSI(Module Device)
Mar  2 10:00:59 shrinivaasanka-Inspiron-1545 kernel: [    0.096167] ACPI: Added _OSI(Processor Device)
Mar  2 10:00:59 shrinivaasanka-Inspiron-1545 kernel: [    0.096215] ACPI: Added _OSI(3.0 _SCP Extensions)
Mar  2 10:00:59 shrinivaasanka-Inspiron-1545 kernel: [    0.096215] ACPI: Added _OSI(Processor Aggregator Device)
Mar  2 10:00:59 shrinivaasanka-Inspiron-1545 kernel: [    0.116127] [Firmware Bug]: ACPI: BIOS _OSI(Linux) query ignored
Mar  2 10:00:59 shrinivaasanka-Inspiron-1545 kernel: [    0.119807] ACPI: SSDT 0xBDAC29CF 00023F (v01 PmRef  BspIst   00003000 INTL 20050624)
Mar  2 10:00:59 shrinivaasanka-Inspiron-1545 kernel: [    0.120270] ACPI: Dynamic OEM Table Load:
Mar  2 10:00:59 shrinivaasanka-Inspiron-1545 kernel: [    0.120378] ACPI: SSDT 0x00000000 00023F (v01 PmRef  BspIst   00003000 INTL 20050624)
Mar  2 10:00:59 shrinivaasanka-Inspiron-1545 kernel: [    0.120632] ACPI: SSDT 0xBDAC2DE5 0005C6 (v01 PmRef  BspCst   00003001 INTL 20050624)
Mar  2 10:00:59 shrinivaasanka-Inspiron-1545 kernel: [    0.121197] ACPI: Dynamic OEM Table Load:
Mar  2 10:00:59 shrinivaasanka-Inspiron-1545 kernel: [    0.121306] ACPI: SSDT 0x00000000 0005C6 (v01 PmRef  BspCst   00003001 INTL 20050624)
Mar  2 10:00:59 shrinivaasanka-Inspiron-1545 kernel: [    0.121710] ACPI: SSDT 0xBDAC2C0E 0001D7 (v01 PmRef  ApIst    00003000 INTL 20050624)
Mar  2 10:00:59 shrinivaasanka-Inspiron-1545 kernel: [    0.122182] ACPI: Dynamic OEM Table Load:
Mar  2 10:00:59 shrinivaasanka-Inspiron-1545 kernel: [    0.122290] ACPI: SSDT 0x00000000 0001D7 (v01 PmRef  ApIst    00003000 INTL 20050624)
Mar  2 10:00:59 shrinivaasanka-Inspiron-1545 kernel: [    0.122491] ACPI: SSDT 0xBDAC33AB 00008D (v01 PmRef  ApCst    00003000 INTL 20050624)
Mar  2 10:00:59 shrinivaasanka-Inspiron-1545 kernel: [    0.122889] ACPI: Dynamic OEM Table Load:
Mar  2 10:00:59 shrinivaasanka-Inspiron-1545 kernel: [    0.122996] ACPI: SSDT 0x00000000 00008D (v01 PmRef  ApCst    00003000 INTL 20050624)
Mar  2 10:00:59 shrinivaasanka-Inspiron-1545 kernel: [    0.123336] ACPI: Interpreter enabled
Mar  2 10:00:59 shrinivaasanka-Inspiron-1545 kernel: [    0.123394] ACPI Exception: AE_NOT_FOUND, While evaluating Sleep State [\_S1_] (20140214/hwxface-580)
Mar  2 10:00:59 shrinivaasanka-Inspiron-1545 kernel: [    0.123522] ACPI Exception: AE_NOT_FOUND, While evaluating Sleep State [\_S2_] (20140214/hwxface-580)
Mar  2 10:00:59 shrinivaasanka-Inspiron-1545 kernel: [    0.123660] ACPI: (supports S0 S3 S4 S5)
Mar  2 10:00:59 shrinivaasanka-Inspiron-1545 kernel: [    0.123708] ACPI: Using IOAPIC for interrupt routing
Mar  2 10:00:59 shrinivaasanka-Inspiron-1545 kernel: [    0.123789] PCI: Using host bridge windows from ACPI; if necessary, use "pci=nocrs" and report a bug
Mar  2 10:00:59 shrinivaasanka-Inspiron-1545 kernel: [    0.209676] ACPI: PCI Root Bridge [PCI0] (domain 0000 [bus 00-ff])
Mar  2 10:00:59 shrinivaasanka-Inspiron-1545 kernel: [    0.209732] acpi PNP0A03:00: _OSC: OS supports [ExtendedConfig ASPM ClockPM Segments MSI]
Mar  2 10:00:59 shrinivaasanka-Inspiron-1545 kernel: [    0.209802] acpi PNP0A03:00: _OSC failed (AE_NOT_FOUND); disabling ASPM
Mar  2 10:00:59 shrinivaasanka-Inspiron-1545 kernel: [    0.244509] acpi PNP0A03:00: [Firmware Info]: MMCONFIG for domain 0000 [bus 00-3f] only partially covers this bridge
Mar  2 10:00:59 shrinivaasanka-Inspiron-1545 kernel: [    0.244839] PCI host bridge to bus 0000:00
Mar  2 10:00:59 shrinivaasanka-Inspiron-1545 kernel: [    0.244890] pci_bus 0000:00: root bus resource [bus 00-ff]
Mar  2 10:00:59 shrinivaasanka-Inspiron-1545 kernel: [    0.244941] pci_bus 0000:00: root bus resource [io  0x0000-0x0cf7]
Mar  2 10:00:59 shrinivaasanka-Inspiron-1545 kernel: [    0.244991] pci_bus 0000:00: root bus resource [io  0x0d00-0xffff]
Mar  2 10:00:59 shrinivaasanka-Inspiron-1545 kernel: [    0.245043] pci_bus 0000:00: root bus resource [mem 0x000a0000-0x000bffff]
Mar  2 10:00:59 shrinivaasanka-Inspiron-1545 kernel: [    0.245095] pci_bus 0000:00: root bus resource [mem 0x000d0000-0x000dffff]
Mar  2 10:00:59 shrinivaasanka-Inspiron-1545 kernel: [    0.245148] pci_bus 0000:00: root bus resource [mem 0xc0000000-0xf7ffffff]
Mar  2 10:00:59 shrinivaasanka-Inspiron-1545 kernel: [    0.245201] pci_bus 0000:00: root bus resource [mem 0xfc000000-0xfebfffff]
Mar  2 10:00:59 shrinivaasanka-Inspiron-1545 kernel: [    0.245253] pci_bus 0000:00: root bus resource [mem 0xfec10000-0xfecfffff]
Mar  2 10:00:59 shrinivaasanka-Inspiron-1545 kernel: [    0.245306] pci_bus 0000:00: root bus resource [mem 0xfed1c000-0xfed1ffff]
Mar  2 10:00:59 shrinivaasanka-Inspiron-1545 kernel: [    0.245357] pci_bus 0000:00: root bus resource [mem 0xfed90000-0xfed9ffff]
Mar  2 10:00:59 shrinivaasanka-Inspiron-1545 kernel: [    0.245409] pci_bus 0000:00: root bus resource [mem 0xfeda7000-0xfedfffff]
Mar  2 10:00:59 shrinivaasanka-Inspiron-1545 kernel: [    0.245462] pci_bus 0000:00: root bus resource [mem 0xfee10000-0xff9fffff]
Mar  2 10:00:59 shrinivaasanka-Inspiron-1545 kernel: [    0.245514] pci_bus 0000:00: root bus resource [mem 0xffc00000-0xffdfffff]
Mar  2 10:00:59 shrinivaasanka-Inspiron-1545 kernel: [    0.245576] pci 0000:00:00.0: [8086:2a40] type 00 class 0x060000
Mar  2 10:00:59 shrinivaasanka-Inspiron-1545 kernel: [    0.245602] DMAR: Forcing write-buffer flush capability
Mar  2 10:00:59 shrinivaasanka-Inspiron-1545 kernel: [    0.245651] DMAR: Disabling IOMMU for graphics on this chipset
Mar  2 10:00:59 shrinivaasanka-Inspiron-1545 kernel: [    0.245816] pci 0000:00:02.0: [8086:2a42] type 00 class 0x030000
Mar  2 10:00:59 shrinivaasanka-Inspiron-1545 kernel: [    0.245833] pci 0000:00:02.0: reg 0x10: [mem 0xf6c00000-0xf6ffffff 64bit]
Mar  2 10:00:59 shrinivaasanka-Inspiron-1545 kernel: [    0.245843] pci 0000:00:02.0: reg 0x18: [mem 0xe0000000-0xefffffff 64bit pref]
Mar  2 10:00:59 shrinivaasanka-Inspiron-1545 kernel: [    0.245850] pci 0000:00:02.0: reg 0x20: [io  0xefe8-0xefef]
Mar  2 10:00:59 shrinivaasanka-Inspiron-1545 kernel: [    0.245980] pci 0000:00:02.1: [8086:2a43] type 00 class 0x038000
Mar  2 10:00:59 shrinivaasanka-Inspiron-1545 kernel: [    0.245994] pci 0000:00:02.1: reg 0x10: [mem 0xf6b00000-0xf6bfffff 64bit]
Mar  2 10:00:59 shrinivaasanka-Inspiron-1545 kernel: [    0.246182] pci 0000:00:1a.0: [8086:2937] type 00 class 0x0c0300
Mar  2 10:00:59 shrinivaasanka-Inspiron-1545 kernel: [    0.246246] pci 0000:00:1a.0: reg 0x20: [io  0x6f60-0x6f7f]
Mar  2 10:00:59 shrinivaasanka-Inspiron-1545 kernel: [    0.249958] pci 0000:00:1a.0: System wakeup disabled by ACPI
Mar  2 10:00:59 shrinivaasanka-Inspiron-1545 kernel: [    0.250077] pci 0000:00:1a.1: [8086:2938] type 00 class 0x0c0300
Mar  2 10:00:59 shrinivaasanka-Inspiron-1545 kernel: [    0.250142] pci 0000:00:1a.1: reg 0x20: [io  0x6f80-0x6f9f]
Mar  2 10:00:59 shrinivaasanka-Inspiron-1545 kernel: [    0.253852] pci 0000:00:1a.1: System wakeup disabled by ACPI
Mar  2 10:00:59 shrinivaasanka-Inspiron-1545 kernel: [    0.253971] pci 0000:00:1a.2: [8086:2939] type 00 class 0x0c0300
Mar  2 10:00:59 shrinivaasanka-Inspiron-1545 kernel: [    0.254035] pci 0000:00:1a.2: reg 0x20: [io  0x6fa0-0x6fbf]
Mar  2 10:00:59 shrinivaasanka-Inspiron-1545 kernel: [    0.258197] pci 0000:00:1a.2: System wakeup disabled by ACPI
Mar  2 10:00:59 shrinivaasanka-Inspiron-1545 kernel: [    0.258326] pci 0000:00:1a.7: [8086:293c] type 00 class 0x0c0320
Mar  2 10:00:59 shrinivaasanka-Inspiron-1545 kernel: [    0.258356] pci 0000:00:1a.7: reg 0x10: [mem 0xfed1c400-0xfed1c7ff]
Mar  2 10:00:59 shrinivaasanka-Inspiron-1545 kernel: [    0.258482] pci 0000:00:1a.7: PME# supported from D0 D3hot D3cold
Mar  2 10:00:59 shrinivaasanka-Inspiron-1545 kernel: [    0.262074] pci 0000:00:1a.7: System wakeup disabled by ACPI
Mar  2 10:00:59 shrinivaasanka-Inspiron-1545 kernel: [    0.262199] pci 0000:00:1b.0: [8086:293e] type 00 class 0x040300
Mar  2 10:00:59 shrinivaasanka-Inspiron-1545 kernel: [    0.262225] pci 0000:00:1b.0: reg 0x10: [mem 0xf6afc000-0xf6afffff 64bit]
Mar  2 10:00:59 shrinivaasanka-Inspiron-1545 kernel: [    0.262346] pci 0000:00:1b.0: PME# supported from D0 D3hot D3cold
Mar  2 10:00:59 shrinivaasanka-Inspiron-1545 kernel: [    0.262416] pci 0000:00:1b.0: System wakeup disabled by ACPI
Mar  2 10:00:59 shrinivaasanka-Inspiron-1545 kernel: [    0.262533] pci 0000:00:1c.0: [8086:2940] type 01 class 0x060400
Mar  2 10:00:59 shrinivaasanka-Inspiron-1545 kernel: [    0.262658] pci 0000:00:1c.0: PME# supported from D0 D3hot D3cold
Mar  2 10:00:59 shrinivaasanka-Inspiron-1545 kernel: [    0.262730] pci 0000:00:1c.0: System wakeup disabled by ACPI
Mar  2 10:00:59 shrinivaasanka-Inspiron-1545 kernel: [    0.262846] pci 0000:00:1c.1: [8086:2942] type 01 class 0x060400
Mar  2 10:00:59 shrinivaasanka-Inspiron-1545 kernel: [    0.262971] pci 0000:00:1c.1: PME# supported from D0 D3hot D3cold
Mar  2 10:00:59 shrinivaasanka-Inspiron-1545 kernel: [    0.263043] pci 0000:00:1c.1: System wakeup disabled by ACPI
Mar  2 10:00:59 shrinivaasanka-Inspiron-1545 kernel: [    0.263157] pci 0000:00:1c.2: [8086:2944] type 01 class 0x060400
Mar  2 10:00:59 shrinivaasanka-Inspiron-1545 kernel: [    0.263282] pci 0000:00:1c.2: PME# supported from D0 D3hot D3cold
Mar  2 10:00:59 shrinivaasanka-Inspiron-1545 kernel: [    0.263354] pci 0000:00:1c.2: System wakeup disabled by ACPI
Mar  2 10:00:59 shrinivaasanka-Inspiron-1545 kernel: [    0.263472] pci 0000:00:1c.4: [8086:2948] type 01 class 0x060400
Mar  2 10:00:59 shrinivaasanka-Inspiron-1545 kernel: [    0.263597] pci 0000:00:1c.4: PME# supported from D0 D3hot D3cold
Mar  2 10:00:59 shrinivaasanka-Inspiron-1545 kernel: [    0.263668] pci 0000:00:1c.4: System wakeup disabled by ACPI
Mar  2 10:00:59 shrinivaasanka-Inspiron-1545 kernel: [    0.264033] pci 0000:00:1d.0: [8086:2934] type 00 class 0x0c0300
Mar  2 10:00:59 shrinivaasanka-Inspiron-1545 kernel: [    0.264097] pci 0000:00:1d.0: reg 0x20: [io  0x6f00-0x6f1f]
Mar  2 10:00:59 shrinivaasanka-Inspiron-1545 kernel: [    0.267872] pci 0000:00:1d.0: System wakeup disabled by ACPI
Mar  2 10:00:59 shrinivaasanka-Inspiron-1545 kernel: [    0.267992] pci 0000:00:1d.1: [8086:2935] type 00 class 0x0c0300
Mar  2 10:00:59 shrinivaasanka-Inspiron-1545 kernel: [    0.268061] pci 0000:00:1d.1: reg 0x20: [io  0x6f20-0x6f3f]
Mar  2 10:00:59 shrinivaasanka-Inspiron-1545 kernel: [    0.272080] pci 0000:00:1d.1: System wakeup disabled by ACPI
Mar  2 10:00:59 shrinivaasanka-Inspiron-1545 kernel: [    0.272197] pci 0000:00:1d.2: [8086:2936] type 00 class 0x0c0300
Mar  2 10:00:59 shrinivaasanka-Inspiron-1545 kernel: [    0.272262] pci 0000:00:1d.2: reg 0x20: [io  0x6f40-0x6f5f]
Mar  2 10:00:59 shrinivaasanka-Inspiron-1545 kernel: [    0.276530] pci 0000:00:1d.2: System wakeup disabled by ACPI
Mar  2 10:00:59 shrinivaasanka-Inspiron-1545 kernel: [    0.276659] pci 0000:00:1d.7: [8086:293a] type 00 class 0x0c0320
Mar  2 10:00:59 shrinivaasanka-Inspiron-1545 kernel: [    0.276689] pci 0000:00:1d.7: reg 0x10: [mem 0xfed1c000-0xfed1c3ff]
Mar  2 10:00:59 shrinivaasanka-Inspiron-1545 kernel: [    0.276813] pci 0000:00:1d.7: PME# supported from D0 D3hot D3cold
Mar  2 10:00:59 shrinivaasanka-Inspiron-1545 kernel: [    0.280453] pci 0000:00:1d.7: System wakeup disabled by ACPI
Mar  2 10:00:59 shrinivaasanka-Inspiron-1545 kernel: [    0.280573] pci 0000:00:1e.0: [8086:2448] type 01 class 0x060401
Mar  2 10:00:59 shrinivaasanka-Inspiron-1545 kernel: [    0.280711] pci 0000:00:1e.0: System wakeup disabled by ACPI
Mar  2 10:00:59 shrinivaasanka-Inspiron-1545 kernel: [    0.280830] pci 0000:00:1f.0: [8086:2919] type 00 class 0x060100
Mar  2 10:00:59 shrinivaasanka-Inspiron-1545 kernel: [    0.281099] pci 0000:00:1f.2: [8086:2929] type 00 class 0x010601
Mar  2 10:00:59 shrinivaasanka-Inspiron-1545 kernel: [    0.281131] pci 0000:00:1f.2: reg 0x10: [io  0x6e70-0x6e77]
Mar  2 10:00:59 shrinivaasanka-Inspiron-1545 kernel: [    0.281144] pci 0000:00:1f.2: reg 0x14: [io  0x6e78-0x6e7b]
Mar  2 10:00:59 shrinivaasanka-Inspiron-1545 kernel: [    0.281157] pci 0000:00:1f.2: reg 0x18: [io  0x6e80-0x6e87]
Mar  2 10:00:59 shrinivaasanka-Inspiron-1545 kernel: [    0.281170] pci 0000:00:1f.2: reg 0x1c: [io  0x6e88-0x6e8b]
Mar  2 10:00:59 shrinivaasanka-Inspiron-1545 kernel: [    0.281182] pci 0000:00:1f.2: reg 0x20: [io  0x6ea0-0x6ebf]
Mar  2 10:00:59 shrinivaasanka-Inspiron-1545 kernel: [    0.281195] pci 0000:00:1f.2: reg 0x24: [mem 0xfed1c800-0xfed1cfff]
Mar  2 10:00:59 shrinivaasanka-Inspiron-1545 kernel: [    0.281274] pci 0000:00:1f.2: PME# supported from D3hot
Mar  2 10:00:59 shrinivaasanka-Inspiron-1545 kernel: [    0.281399] pci 0000:00:1f.3: [8086:2930] type 00 class 0x0c0500
Mar  2 10:00:59 shrinivaasanka-Inspiron-1545 kernel: [    0.281424] pci 0000:00:1f.3: reg 0x10: [mem 0xf6afbf00-0xf6afbfff 64bit]
Mar  2 10:00:59 shrinivaasanka-Inspiron-1545 kernel: [    0.281458] pci 0000:00:1f.3: reg 0x20: [io  0x1100-0x111f]
Mar  2 10:00:59 shrinivaasanka-Inspiron-1545 kernel: [    0.281681] pci 0000:00:1c.0: PCI bridge to [bus 0b]
Mar  2 10:00:59 shrinivaasanka-Inspiron-1545 kernel: [    0.282101] pci 0000:0c:00.0: [14e4:4315] type 00 class 0x028000
Mar  2 10:00:59 shrinivaasanka-Inspiron-1545 kernel: [    0.282174] pci 0000:0c:00.0: reg 0x10: [mem 0xf69fc000-0xf69fffff 64bit]
Mar  2 10:00:59 shrinivaasanka-Inspiron-1545 kernel: [    0.282627] pci 0000:0c:00.0: supports D1 D2
Mar  2 10:00:59 shrinivaasanka-Inspiron-1545 kernel: [    0.282630] pci 0000:0c:00.0: PME# supported from D0 D3hot D3cold
Mar  2 10:00:59 shrinivaasanka-Inspiron-1545 kernel: [    0.283049] pci 0000:00:1c.1: PCI bridge to [bus 0c]
Mar  2 10:00:59 shrinivaasanka-Inspiron-1545 kernel: [    0.283105] pci 0000:00:1c.1:   bridge window [mem 0xf6900000-0xf69fffff]
Mar  2 10:00:59 shrinivaasanka-Inspiron-1545 kernel: [    0.283242] pci 0000:09:00.0: [11ab:4354] type 00 class 0x020000
Mar  2 10:00:59 shrinivaasanka-Inspiron-1545 kernel: [    0.283279] pci 0000:09:00.0: reg 0x10: [mem 0xf68fc000-0xf68fffff 64bit]
Mar  2 10:00:59 shrinivaasanka-Inspiron-1545 kernel: [    0.283298] pci 0000:09:00.0: reg 0x18: [io  0xde00-0xdeff]
Mar  2 10:00:59 shrinivaasanka-Inspiron-1545 kernel: [    0.283467] pci 0000:09:00.0: supports D1 D2
Mar  2 10:00:59 shrinivaasanka-Inspiron-1545 kernel: [    0.283469] pci 0000:09:00.0: PME# supported from D0 D1 D2 D3hot D3cold
Mar  2 10:00:59 shrinivaasanka-Inspiron-1545 kernel: [    0.288024] pci 0000:00:1c.2: PCI bridge to [bus 09]
Mar  2 10:00:59 shrinivaasanka-Inspiron-1545 kernel: [    0.288077] pci 0000:00:1c.2:   bridge window [io  0xd000-0xdfff]
Mar  2 10:00:59 shrinivaasanka-Inspiron-1545 kernel: [    0.288083] pci 0000:00:1c.2:   bridge window [mem 0xf6800000-0xf68fffff]
Mar  2 10:00:59 shrinivaasanka-Inspiron-1545 kernel: [    0.288213] acpiphp: Slot [1] registered
Mar  2 10:00:59 shrinivaasanka-Inspiron-1545 kernel: [    0.288266] pci 0000:00:1c.4: PCI bridge to [bus 0d-0e]
Mar  2 10:00:59 shrinivaasanka-Inspiron-1545 kernel: [    0.288319] pci 0000:00:1c.4:   bridge window [io  0xc000-0xcfff]
Mar  2 10:00:59 shrinivaasanka-Inspiron-1545 kernel: [    0.288325] pci 0000:00:1c.4:   bridge window [mem 0xf6600000-0xf67fffff]
Mar  2 10:00:59 shrinivaasanka-Inspiron-1545 kernel: [    0.288334] pci 0000:00:1c.4:   bridge window [mem 0xf0000000-0xf01fffff 64bit pref]
Mar  2 10:00:59 shrinivaasanka-Inspiron-1545 kernel: [    0.288471] pci 0000:00:1e.0: PCI bridge to [bus 03] (subtractive decode)
Mar  2 10:00:59 shrinivaasanka-Inspiron-1545 kernel: [    0.288535] pci 0000:00:1e.0:   bridge window [io  0x0000-0x0cf7] (subtractive decode)
Mar  2 10:00:59 shrinivaasanka-Inspiron-1545 kernel: [    0.288538] pci 0000:00:1e.0:   bridge window [io  0x0d00-0xffff] (subtractive decode)
Mar  2 10:00:59 shrinivaasanka-Inspiron-1545 kernel: [    0.288541] pci 0000:00:1e.0:   bridge window [mem 0x000a0000-0x000bffff] (subtractive decode)
Mar  2 10:00:59 shrinivaasanka-Inspiron-1545 kernel: [    0.288544] pci 0000:00:1e.0:   bridge window [mem 0x000d0000-0x000dffff] (subtractive decode)
Mar  2 10:00:59 shrinivaasanka-Inspiron-1545 kernel: [    0.288546] pci 0000:00:1e.0:   bridge window [mem 0xc0000000-0xf7ffffff] (subtractive decode)
Mar  2 10:00:59 shrinivaasanka-Inspiron-1545 kernel: [    0.288549] pci 0000:00:1e.0:   bridge window [mem 0xfc000000-0xfebfffff] (subtractive decode)
Mar  2 10:00:59 shrinivaasanka-Inspiron-1545 kernel: [    0.288552] pci 0000:00:1e.0:   bridge window [mem 0xfec10000-0xfecfffff] (subtractive decode)
Mar  2 10:00:59 shrinivaasanka-Inspiron-1545 kernel: [    0.288554] pci 0000:00:1e.0:   bridge window [mem 0xfed1c000-0xfed1ffff] (subtractive decode)
Mar  2 10:00:59 shrinivaasanka-Inspiron-1545 kernel: [    0.288557] pci 0000:00:1e.0:   bridge window [mem 0xfed90000-0xfed9ffff] (subtractive decode)
Mar  2 10:00:59 shrinivaasanka-Inspiron-1545 kernel: [    0.288560] pci 0000:00:1e.0:   bridge window [mem 0xfeda7000-0xfedfffff] (subtractive decode)
Mar  2 10:00:59 shrinivaasanka-Inspiron-1545 kernel: [    0.288562] pci 0000:00:1e.0:   bridge window [mem 0xfee10000-0xff9fffff] (subtractive decode)
Mar  2 10:00:59 shrinivaasanka-Inspiron-1545 kernel: [    0.288565] pci 0000:00:1e.0:   bridge window [mem 0xffc00000-0xffdfffff] (subtractive decode)
Mar  2 10:00:59 shrinivaasanka-Inspiron-1545 kernel: [    0.288799] pci_bus 0000:00: on NUMA node 0
Mar  2 10:00:59 shrinivaasanka-Inspiron-1545 kernel: [    0.289098] ACPI: PCI Interrupt Link [LNKA] (IRQs *10 11)
Mar  2 10:00:59 shrinivaasanka-Inspiron-1545 kernel: [    0.289365] ACPI: PCI Interrupt Link [LNKB] (IRQs 5 7) *4
Mar  2 10:00:59 shrinivaasanka-Inspiron-1545 kernel: [    0.289661] ACPI: PCI Interrupt Link [LNKC] (IRQs *10 11)
Mar  2 10:00:59 shrinivaasanka-Inspiron-1545 kernel: [    0.289914] ACPI: PCI Interrupt Link [LNKD] (IRQs 5 7 10 11) *0, disabled.
Mar  2 10:00:59 shrinivaasanka-Inspiron-1545 kernel: [    0.290301] ACPI: PCI Interrupt Link [LNKE] (IRQs 3 4 5 6 7 10 *11 12 14 15)
Mar  2 10:00:59 shrinivaasanka-Inspiron-1545 kernel: [    0.290810] ACPI: PCI Interrupt Link [LNKF] (IRQs 3 4 5 6 *7 10 11 12 14 15)
Mar  2 10:00:59 shrinivaasanka-Inspiron-1545 kernel: [    0.291315] ACPI: PCI Interrupt Link [LNKG] (IRQs 3 4 *5 6 7 10 11 12 14 15)
Mar  2 10:00:59 shrinivaasanka-Inspiron-1545 kernel: [    0.291806] ACPI: PCI Interrupt Link [LNKH] (IRQs 3 4 5 6 7 10 11 12 14 15) *0, disabled.
Mar  2 10:00:59 shrinivaasanka-Inspiron-1545 kernel: [    0.292354] ACPI: Enabled 4 GPEs in block 00 to 3F
Mar  2 10:00:59 shrinivaasanka-Inspiron-1545 kernel: [    0.292593] vgaarb: device added: PCI:0000:00:02.0,decodes=io+mem,owns=io+mem,locks=none
Mar  2 10:00:59 shrinivaasanka-Inspiron-1545 kernel: [    0.292593] vgaarb: loaded
Mar  2 10:00:59 shrinivaasanka-Inspiron-1545 kernel: [    0.292593] vgaarb: bridge control possible 0000:00:02.0
Mar  2 10:00:59 shrinivaasanka-Inspiron-1545 kernel: [    0.292593] SCSI subsystem initialized
Mar  2 10:00:59 shrinivaasanka-Inspiron-1545 kernel: [    0.292593] libata version 3.00 loaded.
Mar  2 10:00:59 shrinivaasanka-Inspiron-1545 kernel: [    0.292593] ACPI: bus type USB registered
Mar  2 10:00:59 shrinivaasanka-Inspiron-1545 kernel: [    0.292593] usbcore: registered new interface driver usbfs
Mar  2 10:00:59 shrinivaasanka-Inspiron-1545 kernel: [    0.292593] usbcore: registered new interface driver hub
Mar  2 10:00:59 shrinivaasanka-Inspiron-1545 kernel: [    0.292593] usbcore: registered new device driver usb
Mar  2 10:00:59 shrinivaasanka-Inspiron-1545 kernel: [    0.292593] PCI: Using ACPI for IRQ routing
Mar  2 10:00:59 shrinivaasanka-Inspiron-1545 kernel: [    0.296373] PCI: pci_cache_line_size set to 64 bytes
Mar  2 10:00:59 shrinivaasanka-Inspiron-1545 kernel: [    0.296837] e820: reserve RAM buffer [mem 0x0009f000-0x0009ffff]
Mar  2 10:00:59 shrinivaasanka-Inspiron-1545 kernel: [    0.296840] e820: reserve RAM buffer [mem 0xbd8bf400-0xbfffffff]
Mar  2 10:00:59 shrinivaasanka-Inspiron-1545 kernel: [    0.296982] NetLabel: Initializing
Mar  2 10:00:59 shrinivaasanka-Inspiron-1545 kernel: [    0.297029] NetLabel:  domain hash size = 128
Mar  2 10:00:59 shrinivaasanka-Inspiron-1545 kernel: [    0.297077] NetLabel:  protocols = UNLABELED CIPSOv4
Mar  2 10:00:59 shrinivaasanka-Inspiron-1545 kernel: [    0.297138] NetLabel:  unlabeled traffic allowed by default
Mar  2 10:00:59 shrinivaasanka-Inspiron-1545 kernel: [    0.297206] HPET: 4 timers in total, 0 timers will be used for per-cpu timer
Mar  2 10:00:59 shrinivaasanka-Inspiron-1545 kernel: [    0.297206] hpet0: at MMIO 0xfed00000, IRQs 2, 8, 0, 0
Mar  2 10:00:59 shrinivaasanka-Inspiron-1545 kernel: [    0.297206] hpet0: 4 comparators, 64-bit 14.318180 MHz counter
Mar  2 10:00:59 shrinivaasanka-Inspiron-1545 kernel: [    0.300035] Switched to clocksource hpet
Mar  2 10:00:59 shrinivaasanka-Inspiron-1545 kernel: [    0.311124] AppArmor: AppArmor Filesystem Enabled
Mar  2 10:00:59 shrinivaasanka-Inspiron-1545 kernel: [    0.311216] pnp: PnP ACPI init
Mar  2 10:00:59 shrinivaasanka-Inspiron-1545 kernel: [    0.311285] ACPI: bus type PNP registered
Mar  2 10:00:59 shrinivaasanka-Inspiron-1545 kernel: [    0.311453] system 00:00: [mem 0xff800000-0xff8fffff] has been reserved
Mar  2 10:00:59 shrinivaasanka-Inspiron-1545 kernel: [    0.311507] system 00:00: [mem 0xffc00000-0xffcfffff] has been reserved
Mar  2 10:00:59 shrinivaasanka-Inspiron-1545 kernel: [    0.311562] system 00:00: Plug and Play ACPI device, IDs PNP0c02 (active)
Mar  2 10:00:59 shrinivaasanka-Inspiron-1545 kernel: [    0.311635] pnp 00:01: Plug and Play ACPI device, IDs PNP0f13 (active)
Mar  2 10:00:59 shrinivaasanka-Inspiron-1545 kernel: [    0.311689] pnp 00:02: Plug and Play ACPI device, IDs PNP0303 (active)
Mar  2 10:00:59 shrinivaasanka-Inspiron-1545 kernel: [    0.311746] pnp 00:03: Plug and Play ACPI device, IDs PNP0b00 (active)
Mar  2 10:00:59 shrinivaasanka-Inspiron-1545 kernel: [    0.311798] pnp 00:04: Plug and Play ACPI device, IDs PNP0800 (active)
Mar  2 10:00:59 shrinivaasanka-Inspiron-1545 kernel: [    0.311863] system 00:05: Plug and Play ACPI device, IDs PNP0c01 (active)
Mar  2 10:00:59 shrinivaasanka-Inspiron-1545 kernel: [    0.311884] pnp 00:06: [dma 4]
Mar  2 10:00:59 shrinivaasanka-Inspiron-1545 kernel: [    0.311922] pnp 00:06: Plug and Play ACPI device, IDs PNP0200 (active)
Mar  2 10:00:59 shrinivaasanka-Inspiron-1545 kernel: [    0.311976] pnp 00:07: Plug and Play ACPI device, IDs PNP0c04 (active)
Mar  2 10:00:59 shrinivaasanka-Inspiron-1545 kernel: [    0.312094] system 00:08: [mem 0xfed00000-0xfed003ff] has been reserved
Mar  2 10:00:59 shrinivaasanka-Inspiron-1545 kernel: [    0.312147] system 00:08: Plug and Play ACPI device, IDs PNP0103 PNP0c01 (active)
Mar  2 10:00:59 shrinivaasanka-Inspiron-1545 kernel: [    0.312383] system 00:09: [io  0x0900-0x097f] has been reserved
Mar  2 10:00:59 shrinivaasanka-Inspiron-1545 kernel: [    0.312435] system 00:09: [io  0x04d0-0x04d1] has been reserved
Mar  2 10:00:59 shrinivaasanka-Inspiron-1545 kernel: [    0.312487] system 00:09: [io  0x1000-0x1005] has been reserved
Mar  2 10:00:59 shrinivaasanka-Inspiron-1545 kernel: [    0.312539] system 00:09: [io  0x1008-0x100f] has been reserved
Mar  2 10:00:59 shrinivaasanka-Inspiron-1545 kernel: [    0.312591] system 00:09: Plug and Play ACPI device, IDs PNP0c01 (active)
Mar  2 10:00:59 shrinivaasanka-Inspiron-1545 kernel: [    0.312676] system 00:0a: [io  0xf400-0xf4fe] has been reserved
Mar  2 10:00:59 shrinivaasanka-Inspiron-1545 kernel: [    0.312728] system 00:0a: [io  0x1006-0x1007] has been reserved
Mar  2 10:00:59 shrinivaasanka-Inspiron-1545 kernel: [    0.312780] system 00:0a: [io  0x100a-0x1059] could not be reserved
Mar  2 10:00:59 shrinivaasanka-Inspiron-1545 kernel: [    0.312832] system 00:0a: [io  0x1060-0x107f] has been reserved
Mar  2 10:00:59 shrinivaasanka-Inspiron-1545 kernel: [    0.312883] system 00:0a: [io  0x1080-0x10bf] has been reserved
Mar  2 10:00:59 shrinivaasanka-Inspiron-1545 kernel: [    0.312934] system 00:0a: [io  0x1100-0x111f] has been reserved
Mar  2 10:00:59 shrinivaasanka-Inspiron-1545 kernel: [    0.312985] system 00:0a: [io  0x1010-0x102f] could not be reserved
Mar  2 10:00:59 shrinivaasanka-Inspiron-1545 kernel: [    0.313038] system 00:0a: [io  0x0809] has been reserved
Mar  2 10:00:59 shrinivaasanka-Inspiron-1545 kernel: [    0.313090] system 00:0a: Plug and Play ACPI device, IDs PNP0c01 (active)
Mar  2 10:00:59 shrinivaasanka-Inspiron-1545 kernel: [    0.331149] system 00:0b: [mem 0x00000000-0x0009efff] could not be reserved
Mar  2 10:00:59 shrinivaasanka-Inspiron-1545 kernel: [    0.331203] system 00:0b: [mem 0x0009f000-0x0009ffff] could not be reserved
Mar  2 10:00:59 shrinivaasanka-Inspiron-1545 kernel: [    0.331256] system 00:0b: [mem 0x000c0000-0x000cffff] could not be reserved
Mar  2 10:00:59 shrinivaasanka-Inspiron-1545 kernel: [    0.331309] system 00:0b: [mem 0x000e0000-0x000fffff] could not be reserved
Mar  2 10:00:59 shrinivaasanka-Inspiron-1545 kernel: [    0.331361] system 00:0b: [mem 0x00100000-0xbd8bf3ff] could not be reserved
Mar  2 10:00:59 shrinivaasanka-Inspiron-1545 kernel: [    0.331415] system 00:0b: [mem 0xbd8bf400-0xbdafffff] could not be reserved
Mar  2 10:00:59 shrinivaasanka-Inspiron-1545 kernel: [    0.331469] system 00:0b: [mem 0xbdb00000-0xbdbfffff] has been reserved
Mar  2 10:00:59 shrinivaasanka-Inspiron-1545 kernel: [    0.331522] system 00:0b: [mem 0xffe00000-0xffffffff] has been reserved
Mar  2 10:00:59 shrinivaasanka-Inspiron-1545 kernel: [    0.331573] system 00:0b: [mem 0xffa00000-0xffbfffff] has been reserved
Mar  2 10:00:59 shrinivaasanka-Inspiron-1545 kernel: [    0.331626] system 00:0b: [mem 0xfec00000-0xfec0ffff] could not be reserved
Mar  2 10:00:59 shrinivaasanka-Inspiron-1545 kernel: [    0.331678] system 00:0b: [mem 0xfee00000-0xfee0ffff] has been reserved
Mar  2 10:00:59 shrinivaasanka-Inspiron-1545 kernel: [    0.331730] system 00:0b: [mem 0xfed20000-0xfed8ffff] has been reserved
Mar  2 10:00:59 shrinivaasanka-Inspiron-1545 kernel: [    0.331783] system 00:0b: [mem 0xfeda0000-0xfeda3fff] has been reserved
Mar  2 10:00:59 shrinivaasanka-Inspiron-1545 kernel: [    0.331835] system 00:0b: [mem 0xfeda4000-0xfeda4fff] has been reserved
Mar  2 10:00:59 shrinivaasanka-Inspiron-1545 kernel: [    0.331888] system 00:0b: [mem 0xfeda5000-0xfeda5fff] has been reserved
Mar  2 10:00:59 shrinivaasanka-Inspiron-1545 kernel: [    0.331940] system 00:0b: [mem 0xfeda6000-0xfeda6fff] has been reserved
Mar  2 10:00:59 shrinivaasanka-Inspiron-1545 kernel: [    0.331992] system 00:0b: [mem 0xfed1c800-0xfed1cfff] has been reserved
Mar  2 10:00:59 shrinivaasanka-Inspiron-1545 kernel: [    0.332057] system 00:0b: [mem 0xfed18000-0xfed1bfff] has been reserved
Mar  2 10:00:59 shrinivaasanka-Inspiron-1545 kernel: [    0.332110] system 00:0b: [mem 0xf8000000-0xfbffffff] has been reserved
Mar  2 10:00:59 shrinivaasanka-Inspiron-1545 kernel: [    0.332162] system 00:0b: Plug and Play ACPI device, IDs PNP0c01 (active)
Mar  2 10:00:59 shrinivaasanka-Inspiron-1545 kernel: [    0.332206] pnp: PnP ACPI: found 12 devices
Mar  2 10:00:59 shrinivaasanka-Inspiron-1545 kernel: [    0.332254] ACPI: bus type PNP unregistered
Mar  2 10:00:59 shrinivaasanka-Inspiron-1545 kernel: [    0.332304] PnPBIOS: Disabled by ACPI PNP
Mar  2 10:00:59 shrinivaasanka-Inspiron-1545 kernel: [    0.370192] pci 0000:00:1c.0: bridge window [io  0x1000-0x0fff] to [bus 0b] add_size 1000
Mar  2 10:00:59 shrinivaasanka-Inspiron-1545 kernel: [    0.370198] pci 0000:00:1c.0: bridge window [mem 0x00100000-0x000fffff 64bit pref] to [bus 0b] add_size 200000
Mar  2 10:00:59 shrinivaasanka-Inspiron-1545 kernel: [    0.370202] pci 0000:00:1c.0: bridge window [mem 0x00100000-0x000fffff] to [bus 0b] add_size 200000
Mar  2 10:00:59 shrinivaasanka-Inspiron-1545 kernel: [    0.370214] pci 0000:00:1c.1: bridge window [io  0x1000-0x0fff] to [bus 0c] add_size 1000
Mar  2 10:00:59 shrinivaasanka-Inspiron-1545 kernel: [    0.370217] pci 0000:00:1c.1: bridge window [mem 0x00100000-0x000fffff 64bit pref] to [bus 0c] add_size 200000
Mar  2 10:00:59 shrinivaasanka-Inspiron-1545 kernel: [    0.370230] pci 0000:00:1c.2: bridge window [mem 0x00100000-0x000fffff 64bit pref] to [bus 09] add_size 200000
Mar  2 10:00:59 shrinivaasanka-Inspiron-1545 kernel: [    0.370257] pci 0000:00:1c.0: res[14]=[mem 0x00100000-0x000fffff] get_res_add_size add_size 200000
Mar  2 10:00:59 shrinivaasanka-Inspiron-1545 kernel: [    0.370260] pci 0000:00:1c.0: res[15]=[mem 0x00100000-0x000fffff 64bit pref] get_res_add_size add_size 200000
Mar  2 10:00:59 shrinivaasanka-Inspiron-1545 kernel: [    0.370263] pci 0000:00:1c.1: res[15]=[mem 0x00100000-0x000fffff 64bit pref] get_res_add_size add_size 200000
Mar  2 10:00:59 shrinivaasanka-Inspiron-1545 kernel: [    0.370266] pci 0000:00:1c.2: res[15]=[mem 0x00100000-0x000fffff 64bit pref] get_res_add_size add_size 200000
Mar  2 10:00:59 shrinivaasanka-Inspiron-1545 kernel: [    0.370269] pci 0000:00:1c.0: res[13]=[io  0x1000-0x0fff] get_res_add_size add_size 1000
Mar  2 10:00:59 shrinivaasanka-Inspiron-1545 kernel: [    0.370272] pci 0000:00:1c.1: res[13]=[io  0x1000-0x0fff] get_res_add_size add_size 1000
Mar  2 10:00:59 shrinivaasanka-Inspiron-1545 kernel: [    0.370280] pci 0000:00:1c.0: BAR 14: assigned [mem 0xc0000000-0xc01fffff]
Mar  2 10:00:59 shrinivaasanka-Inspiron-1545 kernel: [    0.370340] pci 0000:00:1c.0: BAR 15: assigned [mem 0xc0200000-0xc03fffff 64bit pref]
Mar  2 10:00:59 shrinivaasanka-Inspiron-1545 kernel: [    0.370412] pci 0000:00:1c.1: BAR 15: assigned [mem 0xc0400000-0xc05fffff 64bit pref]
Mar  2 10:00:59 shrinivaasanka-Inspiron-1545 kernel: [    0.370483] pci 0000:00:1c.2: BAR 15: assigned [mem 0xc0600000-0xc07fffff 64bit pref]
Mar  2 10:00:59 shrinivaasanka-Inspiron-1545 kernel: [    0.370550] pci 0000:00:1c.0: BAR 13: assigned [io  0x2000-0x2fff]
Mar  2 10:00:59 shrinivaasanka-Inspiron-1545 kernel: [    0.370603] pci 0000:00:1c.1: BAR 13: assigned [io  0x3000-0x3fff]
Mar  2 10:00:59 shrinivaasanka-Inspiron-1545 kernel: [    0.370655] pci 0000:00:1c.0: PCI bridge to [bus 0b]
Mar  2 10:00:59 shrinivaasanka-Inspiron-1545 kernel: [    0.370706] pci 0000:00:1c.0:   bridge window [io  0x2000-0x2fff]
Mar  2 10:00:59 shrinivaasanka-Inspiron-1545 kernel: [    0.370762] pci 0000:00:1c.0:   bridge window [mem 0xc0000000-0xc01fffff]
Mar  2 10:00:59 shrinivaasanka-Inspiron-1545 kernel: [    0.370818] pci 0000:00:1c.0:   bridge window [mem 0xc0200000-0xc03fffff 64bit pref]
Mar  2 10:00:59 shrinivaasanka-Inspiron-1545 kernel: [    0.370889] pci 0000:00:1c.1: PCI bridge to [bus 0c]
Mar  2 10:00:59 shrinivaasanka-Inspiron-1545 kernel: [    0.370939] pci 0000:00:1c.1:   bridge window [io  0x3000-0x3fff]
Mar  2 10:00:59 shrinivaasanka-Inspiron-1545 kernel: [    0.370994] pci 0000:00:1c.1:   bridge window [mem 0xf6900000-0xf69fffff]
Mar  2 10:00:59 shrinivaasanka-Inspiron-1545 kernel: [    0.371049] pci 0000:00:1c.1:   bridge window [mem 0xc0400000-0xc05fffff 64bit pref]
Mar  2 10:00:59 shrinivaasanka-Inspiron-1545 kernel: [    0.371120] pci 0000:00:1c.2: PCI bridge to [bus 09]
Mar  2 10:00:59 shrinivaasanka-Inspiron-1545 kernel: [    0.371171] pci 0000:00:1c.2:   bridge window [io  0xd000-0xdfff]
Mar  2 10:00:59 shrinivaasanka-Inspiron-1545 kernel: [    0.371227] pci 0000:00:1c.2:   bridge window [mem 0xf6800000-0xf68fffff]
Mar  2 10:00:59 shrinivaasanka-Inspiron-1545 kernel: [    0.371282] pci 0000:00:1c.2:   bridge window [mem 0xc0600000-0xc07fffff 64bit pref]
Mar  2 10:00:59 shrinivaasanka-Inspiron-1545 kernel: [    0.371352] pci 0000:00:1c.4: PCI bridge to [bus 0d-0e]
Mar  2 10:00:59 shrinivaasanka-Inspiron-1545 kernel: [    0.371403] pci 0000:00:1c.4:   bridge window [io  0xc000-0xcfff]
Mar  2 10:00:59 shrinivaasanka-Inspiron-1545 kernel: [    0.371459] pci 0000:00:1c.4:   bridge window [mem 0xf6600000-0xf67fffff]
Mar  2 10:00:59 shrinivaasanka-Inspiron-1545 kernel: [    0.371514] pci 0000:00:1c.4:   bridge window [mem 0xf0000000-0xf01fffff 64bit pref]
