Apr 11 16:45:06 localhost kernel: [  167.264492] ==================================================================
Apr 11 16:45:06 localhost kernel: [  167.264558] BUG: KASAN: slab-out-of-bounds in b43_generate_txhdr+0x140/0x10e0 [b43] at addr ffff8800a096f692
Apr 11 16:45:06 localhost kernel: [  167.264568] Write of size 118 by task kworker/u4:3/149
Apr 11 16:45:06 localhost kernel: [  167.264580] page:ffffea0002825b00 count:1 mapcount:0 mapping:          (null) index:0x0 compound_mapcount: 0
Apr 11 16:45:06 localhost kernel: [  167.264593] flags: 0x4000000000008000(head)
Apr 11 16:45:06 localhost kernel: [  167.264606] raw: 4000000000008000 0000000000000000 0000000000000000 00000001ffffffff
Apr 11 16:45:06 localhost kernel: [  167.264618] raw: dead000000000100 dead000000000200 0000000000000000 0000000000000000
Apr 11 16:45:06 localhost kernel: [  167.264624] page dumped because: kasan: bad access detected
Apr 11 16:45:06 localhost kernel: [  167.264637] CPU: 0 PID: 149 Comm: kworker/u4:3 Not tainted 4.10.3 #13
Apr 11 16:45:06 localhost kernel: [  167.264641] Hardware name: Dell Inc. Inspiron 1545                   /0J037P, BIOS A14 12/07/2009
Apr 11 16:45:06 localhost kernel: [  167.264679] Workqueue: phy0 b43_tx_work [b43]
Apr 11 16:45:06 localhost kernel: [  167.264684] Call Trace:
Apr 11 16:45:06 localhost kernel: [  167.264696]  dump_stack+0x63/0x8b
Apr 11 16:45:06 localhost kernel: [  167.264704]  kasan_report.part.1+0x4bc/0x4f0
Apr 11 16:45:06 localhost kernel: [  167.264746]  ? b43_generate_txhdr+0x140/0x10e0 [b43]
Apr 11 16:45:06 localhost kernel: [  167.264872]  ? fq_skb_free_func+0x20/0x20 [mac80211]
Apr 11 16:45:06 localhost kernel: [  167.264989]  ? invoke_tx_handlers_late+0xd22/0xfd0 [mac80211]
Apr 11 16:45:06 localhost kernel: [  167.264996]  kasan_report+0x25/0x30
Apr 11 16:45:06 localhost kernel: [  167.265004]  check_memory_region+0x13e/0x1a0
Apr 11 16:45:06 localhost kernel: [  167.265009]  memset+0x23/0x40
Apr 11 16:45:06 localhost kernel: [  167.265052]  b43_generate_txhdr+0x140/0x10e0 [b43]
Apr 11 16:45:06 localhost kernel: [  167.265096]  ? b43_generate_plcp_hdr+0x130/0x130 [b43]
Apr 11 16:45:06 localhost kernel: [  167.265102]  ? add_timer+0x281/0x460
Apr 11 16:45:06 localhost kernel: [  167.265144]  b43_dma_tx+0x2d8/0xde0 [b43]
Apr 11 16:45:06 localhost kernel: [  167.265188]  ? b43_dma_init+0x640/0x640 [b43]
Apr 11 16:45:06 localhost kernel: [  167.265300]  ? ieee80211_scan_work+0x116/0x930 [mac80211]
Apr 11 16:45:06 localhost kernel: [  167.265307]  ? put_prev_task_fair+0x3a/0x50
Apr 11 16:45:06 localhost kernel: [  167.265344]  b43_tx_work+0xe8/0x1b0 [b43]
Apr 11 16:45:06 localhost kernel: [  167.265353]  process_one_work+0x2c6/0x7d0
Apr 11 16:45:06 localhost kernel: [  167.265360]  worker_thread+0x90/0x850
Apr 11 16:45:06 localhost kernel: [  167.265367]  kthread+0x178/0x1d0
Apr 11 16:45:06 localhost kernel: [  167.265374]  ? process_one_work+0x7d0/0x7d0
Apr 11 16:45:06 localhost kernel: [  167.265380]  ? kthread_create_on_node+0xd0/0xd0
Apr 11 16:45:06 localhost kernel: [  167.265387]  ret_from_fork+0x2c/0x40
Apr 11 16:45:06 localhost kernel: [  167.265391] Memory state around the buggy address:
Apr 11 16:45:06 localhost kernel: [  167.265403]  ffff8800a096f600: 00 00 00 00 00 00 00 00 00 00 00 00 00 00 00 00
Apr 11 16:45:06 localhost kernel: [  167.265412]  ffff8800a096f680: 00 00 00 00 00 00 00 00 00 00 00 00 00 00 00 00
Apr 11 16:45:06 localhost kernel: [  167.265422] >ffff8800a096f700: fe fe fe fe fe fe fe fe fe fe fe fe fe fe fe fe
Apr 11 16:45:06 localhost kernel: [  167.265430]                    ^
Apr 11 16:45:06 localhost kernel: [  167.265439]  ffff8800a096f780: fe fe fe fe fe fe fe fe fe fe fe fe fe fe fe fe
Apr 11 16:45:06 localhost kernel: [  167.265448]  ffff8800a096f800: fe fe fe fe fe fe fe fe fe fe fe fe fe fe fe fe
Apr 11 16:45:06 localhost kernel: [  167.265454] ==================================================================
Apr 11 16:45:06 localhost kernel: [  167.265459] Disabling lock debugging due to kernel taint
Apr 11 16:45:14 localhost kernel: [  175.534445] nf_conntrack: default automatic helper assignment has been turned off for security reasons and CT-based  firewall rule not found. Use the iptables CT target to attach helpers instead.
Apr 11 16:45:15 localhost kernel: [  176.257106] EXT4-fs (sdb5): recovery complete
Apr 11 16:45:15 localhost kernel: [  176.275867] EXT4-fs (sdb5): mounted filesystem with ordered data mode. Opts: (null)
Apr 11 16:45:23 localhost kernel: [  184.601428] do_trap: 39 callbacks suppressed
Apr 11 16:45:23 localhost kernel: [  184.601437] traps: pool[2025] trap int3 ip:f6801699 sp:f0f83da0 error:0
Apr 11 16:45:23 localhost kernel: [  184.601450]  in libglib-2.0.so.0.4800.0[f67b4000+127000]
Apr 11 16:45:25 localhost kernel: [  186.470554] ==================================================================
Apr 11 16:45:25 localhost kernel: [  186.470617] BUG: KASAN: slab-out-of-bounds in b43_generate_txhdr+0x140/0x10e0 [b43] at addr ffff880020393692
Apr 11 16:45:25 localhost kernel: [  186.470627] Write of size 118 by task kworker/u4:5/163
Apr 11 16:45:25 localhost kernel: [  186.470639] page:ffffea000080e400 count:1 mapcount:0 mapping:          (null) index:0x0 compound_mapcount: 0
Apr 11 16:45:25 localhost kernel: [  186.470652] flags: 0x4000000000008000(head)
Apr 11 16:45:25 localhost kernel: [  186.470665] raw: 4000000000008000 0000000000000000 0000000000000000 00000001ffffffff
Apr 11 16:45:25 localhost kernel: [  186.470677] raw: dead000000000100 dead000000000200 0000000000000000 0000000000000000
Apr 11 16:45:25 localhost kernel: [  186.470684] page dumped because: kasan: bad access detected
Apr 11 16:45:25 localhost kernel: [  186.470696] CPU: 0 PID: 163 Comm: kworker/u4:5 Tainted: G    B           4.10.3 #13
Apr 11 16:45:25 localhost kernel: [  186.470700] Hardware name: Dell Inc. Inspiron 1545                   /0J037P, BIOS A14 12/07/2009
Apr 11 16:45:25 localhost kernel: [  186.470738] Workqueue: phy0 b43_tx_work [b43]
Apr 11 16:45:25 localhost kernel: [  186.470742] Call Trace:
Apr 11 16:45:25 localhost kernel: [  186.470754]  dump_stack+0x63/0x8b
Apr 11 16:45:25 localhost kernel: [  186.470762]  kasan_report.part.1+0x4bc/0x4f0
Apr 11 16:45:25 localhost kernel: [  186.470804]  ? b43_generate_txhdr+0x140/0x10e0 [b43]
Apr 11 16:45:25 localhost kernel: [  186.470811]  kasan_report+0x25/0x30
Apr 11 16:45:25 localhost kernel: [  186.470819]  check_memory_region+0x13e/0x1a0
Apr 11 16:45:25 localhost kernel: [  186.470824]  memset+0x23/0x40
Apr 11 16:45:25 localhost kernel: [  186.470865]  b43_generate_txhdr+0x140/0x10e0 [b43]
Apr 11 16:45:25 localhost kernel: [  186.470909]  ? b43_generate_plcp_hdr+0x130/0x130 [b43]
Apr 11 16:45:25 localhost kernel: [  186.470948]  ? b43_bus_ssb_write32+0x48/0x60 [b43]
Apr 11 16:45:25 localhost kernel: [  186.470990]  b43_dma_tx+0x2d8/0xde0 [b43]
Apr 11 16:45:25 localhost kernel: [  186.470998]  ? check_addr+0xa0/0xa0
Apr 11 16:45:25 localhost kernel: [  186.471041]  ? b43_dma_init+0x640/0x640 [b43]
Apr 11 16:45:25 localhost kernel: [  186.471048]  ? finish_task_switch+0x96/0x300
Apr 11 16:45:25 localhost kernel: [  186.471057]  ? switch_mm_irqs_off+0xfc/0x3c0
Apr 11 16:45:25 localhost kernel: [  186.471094]  b43_tx_work+0xe8/0x1b0 [b43]
Apr 11 16:45:25 localhost kernel: [  186.471102]  process_one_work+0x2c6/0x7d0
Apr 11 16:45:25 localhost kernel: [  186.471110]  worker_thread+0x90/0x850
Apr 11 16:45:25 localhost kernel: [  186.471116]  kthread+0x178/0x1d0
Apr 11 16:45:25 localhost kernel: [  186.471123]  ? process_one_work+0x7d0/0x7d0
Apr 11 16:45:25 localhost kernel: [  186.471129]  ? kthread_create_on_node+0xd0/0xd0
Apr 11 16:45:25 localhost kernel: [  186.471136]  ret_from_fork+0x2c/0x40
Apr 11 16:45:25 localhost kernel: [  186.471140] Memory state around the buggy address:
Apr 11 16:45:25 localhost kernel: [  186.471151]  ffff880020393600: 00 00 00 00 00 00 00 00 00 00 00 00 00 00 00 00
Apr 11 16:45:25 localhost kernel: [  186.471160]  ffff880020393680: 00 00 00 00 00 00 00 00 00 00 00 00 00 00 00 00
Apr 11 16:45:25 localhost kernel: [  186.471170] >ffff880020393700: fe fe fe fe fe fe fe fe fe fe fe fe fe fe fe fe
Apr 11 16:45:25 localhost kernel: [  186.471176]                    ^
Apr 11 16:45:25 localhost kernel: [  186.471184]  ffff880020393780: fe fe fe fe fe fe fe fe fe fe fe fe fe fe fe fe
Apr 11 16:45:25 localhost kernel: [  186.471193]  ffff880020393800: fe fe fe fe fe fe fe fe fe fe fe fe fe fe fe fe
Apr 11 16:45:25 localhost kernel: [  186.471199] ==================================================================
Apr 11 16:45:49 localhost kernel: [  210.908344] virgo_cloud_eventnet_kernelspace: loading out-of-tree module taints kernel.
Apr 11 16:45:49 localhost kernel: [  210.908750] virgo_cloud_eventnet_kernelspace: module verification failed: signature and/or required key missing - tainting kernel
Apr 11 16:45:49 localhost kernel: [  210.916159] virgo_cloud_eventnet_kernelspace_init(): doing init() of virgo cloud kernel space test module and opening EventNet vertices and edges files in kernelspace
Apr 11 16:50:24 localhost kernel: [  485.657295] perf: interrupt took too long (3972 > 3965), lowering kernel.perf_event_max_sample_rate to 50250
Apr 11 16:51:10 localhost kernel: [  531.096425] ==================================================================
Apr 11 16:51:10 localhost kernel: [  531.096487] BUG: KASAN: slab-out-of-bounds in b43_generate_txhdr+0x140/0x10e0 [b43] at addr ffff8800a096f692
Apr 11 16:51:10 localhost kernel: [  531.096496] Write of size 118 by task kworker/u4:3/149
Apr 11 16:51:10 localhost kernel: [  531.096508] page:ffffea0002825b00 count:1 mapcount:0 mapping:          (null) index:0x0 compound_mapcount: 0
Apr 11 16:51:10 localhost kernel: [  531.096521] flags: 0x4000000000008000(head)
Apr 11 16:51:10 localhost kernel: [  531.096534] raw: 4000000000008000 0000000000000000 0000000000000000 00000001ffffffff
Apr 11 16:51:10 localhost kernel: [  531.096546] raw: dead000000000100 dead000000000200 0000000000000000 0000000000000000
Apr 11 16:51:10 localhost kernel: [  531.096553] page dumped because: kasan: bad access detected
Apr 11 16:51:10 localhost kernel: [  531.096565] CPU: 1 PID: 149 Comm: kworker/u4:3 Tainted: G    B      OE   4.10.3 #13
Apr 11 16:51:10 localhost kernel: [  531.096569] Hardware name: Dell Inc. Inspiron 1545                   /0J037P, BIOS A14 12/07/2009
Apr 11 16:51:10 localhost kernel: [  531.096607] Workqueue: phy0 b43_tx_work [b43]
Apr 11 16:51:10 localhost kernel: [  531.096611] Call Trace:
Apr 11 16:51:10 localhost kernel: [  531.096622]  dump_stack+0x63/0x8b
Apr 11 16:51:10 localhost kernel: [  531.096630]  kasan_report.part.1+0x4bc/0x4f0
Apr 11 16:51:10 localhost kernel: [  531.096673]  ? b43_generate_txhdr+0x140/0x10e0 [b43]
Apr 11 16:51:10 localhost kernel: [  531.096680]  ? migrate_swap_stop+0x2e0/0x2e0
Apr 11 16:51:10 localhost kernel: [  531.096686]  kasan_report+0x25/0x30
Apr 11 16:51:10 localhost kernel: [  531.096694]  check_memory_region+0x13e/0x1a0
Apr 11 16:51:10 localhost kernel: [  531.096699]  memset+0x23/0x40
Apr 11 16:51:10 localhost kernel: [  531.096741]  b43_generate_txhdr+0x140/0x10e0 [b43]
Apr 11 16:51:10 localhost kernel: [  531.096784]  ? b43_generate_plcp_hdr+0x130/0x130 [b43]
Apr 11 16:51:10 localhost kernel: [  531.096791]  ? add_timer+0x281/0x460
Apr 11 16:51:10 localhost kernel: [  531.096833]  b43_dma_tx+0x2d8/0xde0 [b43]
Apr 11 16:51:10 localhost kernel: [  531.096840]  ? _find_next_bit.part.0+0x2c/0xb0
Apr 11 16:51:10 localhost kernel: [  531.096883]  ? b43_dma_init+0x640/0x640 [b43]
Apr 11 16:51:10 localhost kernel: [  531.096998]  ? ieee80211_scan_work+0x116/0x930 [mac80211]
Apr 11 16:51:10 localhost kernel: [  531.097035]  b43_tx_work+0xe8/0x1b0 [b43]
Apr 11 16:51:10 localhost kernel: [  531.097043]  process_one_work+0x2c6/0x7d0
Apr 11 16:51:10 localhost kernel: [  531.097051]  worker_thread+0x90/0x850
Apr 11 16:51:10 localhost kernel: [  531.097057]  kthread+0x178/0x1d0
Apr 11 16:51:10 localhost kernel: [  531.097064]  ? process_one_work+0x7d0/0x7d0
Apr 11 16:51:10 localhost kernel: [  531.097070]  ? kthread_create_on_node+0xd0/0xd0
Apr 11 16:51:10 localhost kernel: [  531.097077]  ret_from_fork+0x2c/0x40
Apr 11 16:51:10 localhost kernel: [  531.097081] Memory state around the buggy address:
Apr 11 16:51:10 localhost kernel: [  531.097091]  ffff8800a096f600: 00 00 00 00 00 00 00 00 00 00 00 00 00 00 00 00
Apr 11 16:51:10 localhost kernel: [  531.097101]  ffff8800a096f680: 00 00 00 00 00 00 00 00 00 00 00 00 00 00 00 00
Apr 11 16:51:10 localhost kernel: [  531.097110] >ffff8800a096f700: fe fe fe fe fe fe fe fe fe fe fe fe fe fe fe fe
Apr 11 16:51:10 localhost kernel: [  531.097116]                    ^
Apr 11 16:51:10 localhost kernel: [  531.097124]  ffff8800a096f780: fe fe fe fe fe fe fe fe fe fe fe fe fe fe fe fe
Apr 11 16:51:10 localhost kernel: [  531.097134]  ffff8800a096f800: fe fe fe fe fe fe fe fe fe fe fe fe fe fe fe fe
Apr 11 16:51:10 localhost kernel: [  531.097139] ==================================================================
Apr 11 16:55:14 localhost kernel: [  775.140222] kworker/dying (88) used greatest stack depth: 23856 bytes left
Apr 11 16:57:10 localhost kernel: [  891.908675] ==================================================================
Apr 11 16:57:10 localhost kernel: [  891.908738] BUG: KASAN: slab-out-of-bounds in b43_generate_txhdr+0x140/0x10e0 [b43] at addr ffff8800a096f692
Apr 11 16:57:10 localhost kernel: [  891.908748] Write of size 118 by task kworker/u4:1/3237
Apr 11 16:57:10 localhost kernel: [  891.908759] page:ffffea0002825b00 count:1 mapcount:0 mapping:          (null) index:0x0 compound_mapcount: 0
Apr 11 16:57:10 localhost kernel: [  891.908772] flags: 0x4000000000008000(head)
Apr 11 16:57:10 localhost kernel: [  891.908785] raw: 4000000000008000 0000000000000000 0000000000000000 00000001ffffffff
Apr 11 16:57:10 localhost kernel: [  891.908797] raw: dead000000000100 dead000000000200 0000000000000000 0000000000000000
Apr 11 16:57:10 localhost kernel: [  891.908804] page dumped because: kasan: bad access detected
Apr 11 16:57:10 localhost kernel: [  891.908817] CPU: 0 PID: 3237 Comm: kworker/u4:1 Tainted: G    B      OE   4.10.3 #13
Apr 11 16:57:10 localhost kernel: [  891.908821] Hardware name: Dell Inc. Inspiron 1545                   /0J037P, BIOS A14 12/07/2009
Apr 11 16:57:10 localhost kernel: [  891.908858] Workqueue: phy0 b43_tx_work [b43]
Apr 11 16:57:10 localhost kernel: [  891.908862] Call Trace:
Apr 11 16:57:10 localhost kernel: [  891.908877]  dump_stack+0x63/0x8b
Apr 11 16:57:10 localhost kernel: [  891.908885]  kasan_report.part.1+0x4bc/0x4f0
Apr 11 16:57:10 localhost kernel: [  891.908927]  ? b43_generate_txhdr+0x140/0x10e0 [b43]
Apr 11 16:57:10 localhost kernel: [  891.908935]  ? migrate_swap_stop+0x2e0/0x2e0
Apr 11 16:57:10 localhost kernel: [  891.908941]  kasan_report+0x25/0x30
Apr 11 16:57:10 localhost kernel: [  891.908949]  check_memory_region+0x13e/0x1a0
Apr 11 16:57:10 localhost kernel: [  891.908954]  memset+0x23/0x40
Apr 11 16:57:10 localhost kernel: [  891.908996]  b43_generate_txhdr+0x140/0x10e0 [b43]
Apr 11 16:57:10 localhost kernel: [  891.909039]  ? b43_generate_plcp_hdr+0x130/0x130 [b43]
Apr 11 16:57:10 localhost kernel: [  891.909081]  b43_dma_tx+0x2d8/0xde0 [b43]
Apr 11 16:57:10 localhost kernel: [  891.909089]  ? __switch_to+0x3f9/0x750
Apr 11 16:57:10 localhost kernel: [  891.909096]  ? compat_start_thread+0x60/0x60
Apr 11 16:57:10 localhost kernel: [  891.909142]  ? b43_dma_init+0x640/0x640 [b43]
Apr 11 16:57:10 localhost kernel: [  891.909179]  b43_tx_work+0xe8/0x1b0 [b43]
Apr 11 16:57:10 localhost kernel: [  891.909187]  process_one_work+0x2c6/0x7d0
Apr 11 16:57:10 localhost kernel: [  891.909195]  worker_thread+0x90/0x850
Apr 11 16:57:10 localhost kernel: [  891.909201]  kthread+0x178/0x1d0
Apr 11 16:57:10 localhost kernel: [  891.909208]  ? process_one_work+0x7d0/0x7d0
Apr 11 16:57:10 localhost kernel: [  891.909214]  ? kthread_create_on_node+0xd0/0xd0
Apr 11 16:57:10 localhost kernel: [  891.909223]  ret_from_fork+0x2c/0x40
Apr 11 16:57:10 localhost kernel: [  891.909226] Memory state around the buggy address:
Apr 11 16:57:10 localhost kernel: [  891.909237]  ffff8800a096f600: 00 00 00 00 00 00 00 00 00 00 00 00 00 00 00 00
Apr 11 16:57:10 localhost kernel: [  891.909246]  ffff8800a096f680: 00 00 00 00 00 00 00 00 00 00 00 00 00 00 00 00
Apr 11 16:57:10 localhost kernel: [  891.909256] >ffff8800a096f700: fe fe fe fe fe fe fe fe fe fe fe fe fe fe fe fe
Apr 11 16:57:10 localhost kernel: [  891.909262]                    ^
Apr 11 16:57:10 localhost kernel: [  891.909270]  ffff8800a096f780: fe fe fe fe fe fe fe fe fe fe fe fe fe fe fe fe
Apr 11 16:57:10 localhost kernel: [  891.909279]  ffff8800a096f800: fe fe fe fe fe fe fe fe fe fe fe fe fe fe fe fe
Apr 11 16:57:10 localhost kernel: [  891.909285] ==================================================================
Apr 11 17:01:26 localhost kernel: [    0.000000] microcode: microcode updated early to revision 0xa0b, date = 2010-09-28
Apr 11 17:01:26 localhost kernel: [    0.000000] Linux version 4.10.3 (root@kashrinivaasan-Inspiron-1545) (gcc version 5.4.0 20160609 (Ubuntu 5.4.0-6ubuntu1~16.04.4) ) #13 SMP Thu Apr 6 17:38:36 IST 2017
Apr 11 17:01:26 localhost kernel: [    0.000000] Command line: BOOT_IMAGE=/boot/vmlinuz-4.10.3 root=UUID=ce5df76c-5e0c-4c0a-8bb8-f1e3e5a2a97d ro quiet splash vt.handoff=7
Apr 11 17:01:26 localhost kernel: [    0.000000] KERNEL supported cpus:
Apr 11 17:01:26 localhost kernel: [    0.000000]   Intel GenuineIntel
Apr 11 17:01:26 localhost kernel: [    0.000000]   AMD AuthenticAMD
Apr 11 17:01:26 localhost kernel: [    0.000000]   Centaur CentaurHauls
Apr 11 17:01:26 localhost kernel: [    0.000000] x86/fpu: Supporting XSAVE feature 0x001: 'x87 floating point registers'
Apr 11 17:01:26 localhost kernel: [    0.000000] x86/fpu: Supporting XSAVE feature 0x002: 'SSE registers'
Apr 11 17:01:26 localhost kernel: [    0.000000] x86/fpu: Enabled xstate features 0x3, context size is 576 bytes, using 'standard' format.
Apr 11 17:01:26 localhost kernel: [    0.000000] e820: BIOS-provided physical RAM map:
Apr 11 17:01:26 localhost kernel: [    0.000000] BIOS-e820: [mem 0x0000000000000000-0x000000000009efff] usable
Apr 11 17:01:26 localhost kernel: [    0.000000] BIOS-e820: [mem 0x000000000009f000-0x000000000009ffff] reserved
Apr 11 17:01:26 localhost kernel: [    0.000000] BIOS-e820: [mem 0x0000000000100000-0x00000000bd8bf3ff] usable
Apr 11 17:01:26 localhost kernel: [    0.000000] BIOS-e820: [mem 0x00000000bd8bf400-0x00000000bdac13ff] ACPI NVS
Apr 11 17:01:26 localhost kernel: [    0.000000] BIOS-e820: [mem 0x00000000bdac1400-0x00000000bfffffff] reserved
Apr 11 17:01:26 localhost kernel: [    0.000000] BIOS-e820: [mem 0x00000000f8000000-0x00000000fbffffff] reserved
Apr 11 17:01:26 localhost kernel: [    0.000000] BIOS-e820: [mem 0x00000000fec00000-0x00000000fec0ffff] reserved
Apr 11 17:01:26 localhost kernel: [    0.000000] BIOS-e820: [mem 0x00000000fed18000-0x00000000fed1bfff] reserved
Apr 11 17:01:26 localhost kernel: [    0.000000] BIOS-e820: [mem 0x00000000fed20000-0x00000000fed8ffff] reserved
Apr 11 17:01:26 localhost kernel: [    0.000000] BIOS-e820: [mem 0x00000000feda0000-0x00000000feda5fff] reserved
Apr 11 17:01:26 localhost kernel: [    0.000000] BIOS-e820: [mem 0x00000000fee00000-0x00000000fee0ffff] reserved
Apr 11 17:01:26 localhost kernel: [    0.000000] BIOS-e820: [mem 0x00000000ffe00000-0x00000000ffffffff] reserved
Apr 11 17:01:26 localhost kernel: [    0.000000] NX (Execute Disable) protection: active
Apr 11 17:01:26 localhost kernel: [    0.000000] SMBIOS 2.4 present.
Apr 11 17:01:26 localhost kernel: [    0.000000] DMI: Dell Inc. Inspiron 1545                   /0J037P, BIOS A14 12/07/2009
Apr 11 17:01:26 localhost kernel: [    0.000000] e820: update [mem 0x00000000-0x00000fff] usable ==> reserved
Apr 11 17:01:26 localhost kernel: [    0.000000] e820: remove [mem 0x000a0000-0x000fffff] usable
Apr 11 17:01:26 localhost kernel: [    0.000000] e820: last_pfn = 0xbd8bf max_arch_pfn = 0x400000000
Apr 11 17:01:26 localhost kernel: [    0.000000] MTRR default type: uncachable
Apr 11 17:01:26 localhost kernel: [    0.000000] MTRR fixed ranges enabled:
Apr 11 17:01:26 localhost kernel: [    0.000000]   00000-9FFFF write-back
Apr 11 17:01:26 localhost kernel: [    0.000000]   A0000-BFFFF uncachable
Apr 11 17:01:26 localhost kernel: [    0.000000]   C0000-CFFFF write-protect
Apr 11 17:01:26 localhost kernel: [    0.000000]   D0000-EFFFF uncachable
Apr 11 17:01:26 localhost kernel: [    0.000000]   F0000-FFFFF write-protect
Apr 11 17:01:26 localhost kernel: [    0.000000] MTRR variable ranges enabled:
Apr 11 17:01:26 localhost kernel: [    0.000000]   0 base 000000000 mask 800000000 write-back
Apr 11 17:01:26 localhost kernel: [    0.000000]   1 base 0E0000000 mask FE0000000 uncachable
Apr 11 17:01:26 localhost kernel: [    0.000000]   2 base 0BDC00000 mask FFFC00000 uncachable
Apr 11 17:01:26 localhost kernel: [    0.000000]   3 base 0BE000000 mask FFE000000 uncachable
Apr 11 17:01:26 localhost kernel: [    0.000000]   4 disabled
Apr 11 17:01:26 localhost kernel: [    0.000000]   5 disabled
Apr 11 17:01:26 localhost kernel: [    0.000000]   6 disabled
Apr 11 17:01:26 localhost kernel: [    0.000000] x86/PAT: Configuration [0-7]: WB  WC  UC- UC  WB  WC  UC- WT  
Apr 11 17:01:26 localhost kernel: [    0.000000] total RAM covered: 32220M
Apr 11 17:01:26 localhost kernel: [    0.000000]  gran_size: 64K 	chunk_size: 64K 	num_reg: 7  	lose cover RAM: 29188M
Apr 11 17:01:26 localhost kernel: [    0.000000]  gran_size: 64K 	chunk_size: 128K 	num_reg: 7  	lose cover RAM: 29188M
Apr 11 17:01:26 localhost kernel: [    0.000000]  gran_size: 64K 	chunk_size: 256K 	num_reg: 7  	lose cover RAM: 29188M
Apr 11 17:01:26 localhost kernel: [    0.000000]  gran_size: 64K 	chunk_size: 512K 	num_reg: 7  	lose cover RAM: 29188M
Apr 11 17:01:26 localhost kernel: [    0.000000]  gran_size: 64K 	chunk_size: 1M 	num_reg: 7  	lose cover RAM: 29188M
Apr 11 17:01:26 localhost kernel: [    0.000000]  gran_size: 64K 	chunk_size: 2M 	num_reg: 7  	lose cover RAM: 29188M
Apr 11 17:01:26 localhost kernel: [    0.000000]  gran_size: 64K 	chunk_size: 4M 	num_reg: 7  	lose cover RAM: 29188M
Apr 11 17:01:26 localhost kernel: [    0.000000]  gran_size: 64K 	chunk_size: 8M 	num_reg: 7  	lose cover RAM: 29184M
Apr 11 17:01:26 localhost kernel: [    0.000000]  gran_size: 64K 	chunk_size: 16M 	num_reg: 7  	lose cover RAM: 29184M
Apr 11 17:01:26 localhost kernel: [    0.000000]  gran_size: 64K 	chunk_size: 32M 	num_reg: 7  	lose cover RAM: 29184M
Apr 11 17:01:26 localhost kernel: [    0.000000]  gran_size: 64K 	chunk_size: 64M 	num_reg: 7  	lose cover RAM: 16G
Apr 11 17:01:26 localhost kernel: [    0.000000]  gran_size: 64K 	chunk_size: 128M 	num_reg: 7  	lose cover RAM: 16G
Apr 11 17:01:26 localhost kernel: [    0.000000]  gran_size: 64K 	chunk_size: 256M 	num_reg: 7  	lose cover RAM: 16G
Apr 11 17:01:26 localhost kernel: [    0.000000]  gran_size: 64K 	chunk_size: 512M 	num_reg: 7  	lose cover RAM: 16G
Apr 11 17:01:26 localhost kernel: [    0.000000]  gran_size: 64K 	chunk_size: 1G 	num_reg: 7  	lose cover RAM: 16G
Apr 11 17:01:26 localhost kernel: [    0.000000]  gran_size: 64K 	chunk_size: 2G 	num_reg: 7  	lose cover RAM: 29188M
Apr 11 17:01:26 localhost kernel: [    0.000000]  gran_size: 128K 	chunk_size: 128K 	num_reg: 7  	lose cover RAM: 29188M
Apr 11 17:01:26 localhost kernel: [    0.000000]  gran_size: 128K 	chunk_size: 256K 	num_reg: 7  	lose cover RAM: 29188M
Apr 11 17:01:26 localhost kernel: [    0.000000]  gran_size: 128K 	chunk_size: 512K 	num_reg: 7  	lose cover RAM: 29188M
Apr 11 17:01:26 localhost kernel: [    0.000000]  gran_size: 128K 	chunk_size: 1M 	num_reg: 7  	lose cover RAM: 29188M
Apr 11 17:01:26 localhost kernel: [    0.000000]  gran_size: 128K 	chunk_size: 2M 	num_reg: 7  	lose cover RAM: 29188M
Apr 11 17:01:26 localhost kernel: [    0.000000]  gran_size: 128K 	chunk_size: 4M 	num_reg: 7  	lose cover RAM: 29188M
Apr 11 17:01:26 localhost kernel: [    0.000000]  gran_size: 128K 	chunk_size: 8M 	num_reg: 7  	lose cover RAM: 29184M
Apr 11 17:01:26 localhost kernel: [    0.000000]  gran_size: 128K 	chunk_size: 16M 	num_reg: 7  	lose cover RAM: 29184M
Apr 11 17:01:26 localhost kernel: [    0.000000]  gran_size: 128K 	chunk_size: 32M 	num_reg: 7  	lose cover RAM: 29184M
Apr 11 17:01:26 localhost kernel: [    0.000000]  gran_size: 128K 	chunk_size: 64M 	num_reg: 7  	lose cover RAM: 16G
Apr 11 17:01:26 localhost kernel: [    0.000000]  gran_size: 128K 	chunk_size: 128M 	num_reg: 7  	lose cover RAM: 16G
Apr 11 17:01:26 localhost kernel: [    0.000000]  gran_size: 128K 	chunk_size: 256M 	num_reg: 7  	lose cover RAM: 16G
Apr 11 17:01:26 localhost kernel: [    0.000000]  gran_size: 128K 	chunk_size: 512M 	num_reg: 7  	lose cover RAM: 16G
Apr 11 17:01:26 localhost kernel: [    0.000000]  gran_size: 128K 	chunk_size: 1G 	num_reg: 7  	lose cover RAM: 16G
Apr 11 17:01:26 localhost kernel: [    0.000000]  gran_size: 128K 	chunk_size: 2G 	num_reg: 7  	lose cover RAM: 29188M
Apr 11 17:01:26 localhost kernel: [    0.000000]  gran_size: 256K 	chunk_size: 256K 	num_reg: 7  	lose cover RAM: 29188M
Apr 11 17:01:26 localhost kernel: [    0.000000]  gran_size: 256K 	chunk_size: 512K 	num_reg: 7  	lose cover RAM: 29188M
Apr 11 17:01:26 localhost kernel: [    0.000000]  gran_size: 256K 	chunk_size: 1M 	num_reg: 7  	lose cover RAM: 29188M
Apr 11 17:01:26 localhost kernel: [    0.000000]  gran_size: 256K 	chunk_size: 2M 	num_reg: 7  	lose cover RAM: 29188M
Apr 11 17:01:26 localhost kernel: [    0.000000]  gran_size: 256K 	chunk_size: 4M 	num_reg: 7  	lose cover RAM: 29188M
Apr 11 17:01:26 localhost kernel: [    0.000000]  gran_size: 256K 	chunk_size: 8M 	num_reg: 7  	lose cover RAM: 29184M
Apr 11 17:01:26 localhost kernel: [    0.000000]  gran_size: 256K 	chunk_size: 16M 	num_reg: 7  	lose cover RAM: 29184M
Apr 11 17:01:26 localhost kernel: [    0.000000]  gran_size: 256K 	chunk_size: 32M 	num_reg: 7  	lose cover RAM: 29184M
Apr 11 17:01:26 localhost kernel: [    0.000000]  gran_size: 256K 	chunk_size: 64M 	num_reg: 7  	lose cover RAM: 16G
Apr 11 17:01:26 localhost kernel: [    0.000000]  gran_size: 256K 	chunk_size: 128M 	num_reg: 7  	lose cover RAM: 16G
Apr 11 17:01:26 localhost kernel: [    0.000000]  gran_size: 256K 	chunk_size: 256M 	num_reg: 7  	lose cover RAM: 16G
Apr 11 17:01:26 localhost kernel: [    0.000000]  gran_size: 256K 	chunk_size: 512M 	num_reg: 7  	lose cover RAM: 16G
Apr 11 17:01:26 localhost kernel: [    0.000000]  gran_size: 256K 	chunk_size: 1G 	num_reg: 7  	lose cover RAM: 16G
Apr 11 17:01:26 localhost kernel: [    0.000000]  gran_size: 256K 	chunk_size: 2G 	num_reg: 7  	lose cover RAM: 29188M
Apr 11 17:01:26 localhost kernel: [    0.000000]  gran_size: 512K 	chunk_size: 512K 	num_reg: 7  	lose cover RAM: 29188M
Apr 11 17:01:26 localhost kernel: [    0.000000]  gran_size: 512K 	chunk_size: 1M 	num_reg: 7  	lose cover RAM: 29188M
Apr 11 17:01:26 localhost kernel: [    0.000000]  gran_size: 512K 	chunk_size: 2M 	num_reg: 7  	lose cover RAM: 29188M
Apr 11 17:01:26 localhost kernel: [    0.000000]  gran_size: 512K 	chunk_size: 4M 	num_reg: 7  	lose cover RAM: 29188M
Apr 11 17:01:26 localhost kernel: [    0.000000]  gran_size: 512K 	chunk_size: 8M 	num_reg: 7  	lose cover RAM: 29184M
Apr 11 17:01:26 localhost kernel: [    0.000000]  gran_size: 512K 	chunk_size: 16M 	num_reg: 7  	lose cover RAM: 29184M
Apr 11 17:01:26 localhost kernel: [    0.000000]  gran_size: 512K 	chunk_size: 32M 	num_reg: 7  	lose cover RAM: 29184M
Apr 11 17:01:26 localhost kernel: [    0.000000]  gran_size: 512K 	chunk_size: 64M 	num_reg: 7  	lose cover RAM: 16G
Apr 11 17:01:26 localhost kernel: [    0.000000]  gran_size: 512K 	chunk_size: 128M 	num_reg: 7  	lose cover RAM: 16G
Apr 11 17:01:26 localhost kernel: [    0.000000]  gran_size: 512K 	chunk_size: 256M 	num_reg: 7  	lose cover RAM: 16G
Apr 11 17:01:26 localhost kernel: [    0.000000]  gran_size: 512K 	chunk_size: 512M 	num_reg: 7  	lose cover RAM: 16G
Apr 11 17:01:26 localhost kernel: [    0.000000]  gran_size: 512K 	chunk_size: 1G 	num_reg: 7  	lose cover RAM: 16G
Apr 11 17:01:26 localhost kernel: [    0.000000]  gran_size: 512K 	chunk_size: 2G 	num_reg: 7  	lose cover RAM: 29188M
Apr 11 17:01:26 localhost kernel: [    0.000000]  gran_size: 1M 	chunk_size: 1M 	num_reg: 7  	lose cover RAM: 29188M
Apr 11 17:01:26 localhost kernel: [    0.000000]  gran_size: 1M 	chunk_size: 2M 	num_reg: 7  	lose cover RAM: 29188M
Apr 11 17:01:26 localhost kernel: [    0.000000]  gran_size: 1M 	chunk_size: 4M 	num_reg: 7  	lose cover RAM: 29188M
Apr 11 17:01:26 localhost kernel: [    0.000000]  gran_size: 1M 	chunk_size: 8M 	num_reg: 7  	lose cover RAM: 29184M
Apr 11 17:01:26 localhost kernel: [    0.000000]  gran_size: 1M 	chunk_size: 16M 	num_reg: 7  	lose cover RAM: 29184M
Apr 11 17:01:26 localhost kernel: [    0.000000]  gran_size: 1M 	chunk_size: 32M 	num_reg: 7  	lose cover RAM: 29184M
Apr 11 17:01:26 localhost kernel: [    0.000000]  gran_size: 1M 	chunk_size: 64M 	num_reg: 7  	lose cover RAM: 16G
Apr 11 17:01:26 localhost kernel: [    0.000000]  gran_size: 1M 	chunk_size: 128M 	num_reg: 7  	lose cover RAM: 16G
Apr 11 17:01:26 localhost kernel: [    0.000000]  gran_size: 1M 	chunk_size: 256M 	num_reg: 7  	lose cover RAM: 16G
Apr 11 17:01:26 localhost kernel: [    0.000000]  gran_size: 1M 	chunk_size: 512M 	num_reg: 7  	lose cover RAM: 16G
Apr 11 17:01:26 localhost kernel: [    0.000000]  gran_size: 1M 	chunk_size: 1G 	num_reg: 7  	lose cover RAM: 16G
Apr 11 17:01:26 localhost kernel: [    0.000000]  gran_size: 1M 	chunk_size: 2G 	num_reg: 7  	lose cover RAM: 29188M
Apr 11 17:01:26 localhost kernel: [    0.000000]  gran_size: 2M 	chunk_size: 2M 	num_reg: 7  	lose cover RAM: 29188M
Apr 11 17:01:26 localhost kernel: [    0.000000]  gran_size: 2M 	chunk_size: 4M 	num_reg: 7  	lose cover RAM: 29188M
Apr 11 17:01:26 localhost kernel: [    0.000000]  gran_size: 2M 	chunk_size: 8M 	num_reg: 7  	lose cover RAM: 29184M
Apr 11 17:01:26 localhost kernel: [    0.000000]  gran_size: 2M 	chunk_size: 16M 	num_reg: 7  	lose cover RAM: 29184M
Apr 11 17:01:26 localhost kernel: [    0.000000]  gran_size: 2M 	chunk_size: 32M 	num_reg: 7  	lose cover RAM: 29184M
Apr 11 17:01:26 localhost kernel: [    0.000000]  gran_size: 2M 	chunk_size: 64M 	num_reg: 7  	lose cover RAM: 16G
Apr 11 17:01:26 localhost kernel: [    0.000000]  gran_size: 2M 	chunk_size: 128M 	num_reg: 7  	lose cover RAM: 16G
Apr 11 17:01:26 localhost kernel: [    0.000000]  gran_size: 2M 	chunk_size: 256M 	num_reg: 7  	lose cover RAM: 16G
Apr 11 17:01:26 localhost kernel: [    0.000000]  gran_size: 2M 	chunk_size: 512M 	num_reg: 7  	lose cover RAM: 16G
Apr 11 17:01:26 localhost kernel: [    0.000000]  gran_size: 2M 	chunk_size: 1G 	num_reg: 7  	lose cover RAM: 16G
Apr 11 17:01:26 localhost kernel: [    0.000000]  gran_size: 2M 	chunk_size: 2G 	num_reg: 7  	lose cover RAM: 29188M
Apr 11 17:01:26 localhost kernel: [    0.000000]  gran_size: 4M 	chunk_size: 4M 	num_reg: 7  	lose cover RAM: 29188M
Apr 11 17:01:26 localhost kernel: [    0.000000]  gran_size: 4M 	chunk_size: 8M 	num_reg: 7  	lose cover RAM: 29184M
Apr 11 17:01:26 localhost kernel: [    0.000000]  gran_size: 4M 	chunk_size: 16M 	num_reg: 7  	lose cover RAM: 29184M
Apr 11 17:01:26 localhost kernel: [    0.000000]  gran_size: 4M 	chunk_size: 32M 	num_reg: 7  	lose cover RAM: 29184M
Apr 11 17:01:26 localhost kernel: [    0.000000]  gran_size: 4M 	chunk_size: 64M 	num_reg: 7  	lose cover RAM: 16G
Apr 11 17:01:26 localhost kernel: [    0.000000]  gran_size: 4M 	chunk_size: 128M 	num_reg: 7  	lose cover RAM: 16G
Apr 11 17:01:26 localhost kernel: [    0.000000]  gran_size: 4M 	chunk_size: 256M 	num_reg: 7  	lose cover RAM: 16G
Apr 11 17:01:26 localhost kernel: [    0.000000]  gran_size: 4M 	chunk_size: 512M 	num_reg: 7  	lose cover RAM: 16G
Apr 11 17:01:26 localhost kernel: [    0.000000]  gran_size: 4M 	chunk_size: 1G 	num_reg: 7  	lose cover RAM: 16G
Apr 11 17:01:26 localhost kernel: [    0.000000]  gran_size: 4M 	chunk_size: 2G 	num_reg: 7  	lose cover RAM: 29188M
Apr 11 17:01:26 localhost kernel: [    0.000000]  gran_size: 8M 	chunk_size: 8M 	num_reg: 7  	lose cover RAM: 29188M
Apr 11 17:01:26 localhost kernel: [    0.000000]  gran_size: 8M 	chunk_size: 16M 	num_reg: 7  	lose cover RAM: 29188M
Apr 11 17:01:26 localhost kernel: [    0.000000]  gran_size: 8M 	chunk_size: 32M 	num_reg: 7  	lose cover RAM: 29188M
Apr 11 17:01:26 localhost kernel: [    0.000000]  gran_size: 8M 	chunk_size: 64M 	num_reg: 7  	lose cover RAM: 16388M
Apr 11 17:01:26 localhost kernel: [    0.000000]  gran_size: 8M 	chunk_size: 128M 	num_reg: 7  	lose cover RAM: 16388M
Apr 11 17:01:26 localhost kernel: [    0.000000]  gran_size: 8M 	chunk_size: 256M 	num_reg: 7  	lose cover RAM: 16388M
Apr 11 17:01:26 localhost kernel: [    0.000000]  gran_size: 8M 	chunk_size: 512M 	num_reg: 7  	lose cover RAM: 16388M
Apr 11 17:01:26 localhost kernel: [    0.000000]  gran_size: 8M 	chunk_size: 1G 	num_reg: 7  	lose cover RAM: 16388M
Apr 11 17:01:26 localhost kernel: [    0.000000]  gran_size: 8M 	chunk_size: 2G 	num_reg: 7  	lose cover RAM: 29188M
Apr 11 17:01:26 localhost kernel: [    0.000000]  gran_size: 16M 	chunk_size: 16M 	num_reg: 7  	lose cover RAM: 28684M
Apr 11 17:01:26 localhost kernel: [    0.000000]  gran_size: 16M 	chunk_size: 32M 	num_reg: 7  	lose cover RAM: 29196M
Apr 11 17:01:26 localhost kernel: [    0.000000]  gran_size: 16M 	chunk_size: 64M 	num_reg: 7  	lose cover RAM: 16396M
Apr 11 17:01:26 localhost kernel: [    0.000000]  gran_size: 16M 	chunk_size: 128M 	num_reg: 7  	lose cover RAM: 16396M
Apr 11 17:01:26 localhost kernel: [    0.000000]  gran_size: 16M 	chunk_size: 256M 	num_reg: 7  	lose cover RAM: 16396M
Apr 11 17:01:26 localhost kernel: [    0.000000]  gran_size: 16M 	chunk_size: 512M 	num_reg: 7  	lose cover RAM: 16396M
Apr 11 17:01:26 localhost kernel: [    0.000000]  gran_size: 16M 	chunk_size: 1G 	num_reg: 7  	lose cover RAM: 16396M
Apr 11 17:01:26 localhost kernel: [    0.000000]  gran_size: 16M 	chunk_size: 2G 	num_reg: 7  	lose cover RAM: 28172M
Apr 11 17:01:26 localhost kernel: [    0.000000]  gran_size: 32M 	chunk_size: 32M 	num_reg: 7  	lose cover RAM: 24604M
Apr 11 17:01:26 localhost kernel: [    0.000000]  gran_size: 32M 	chunk_size: 64M 	num_reg: 7  	lose cover RAM: 24604M
Apr 11 17:01:26 localhost kernel: [    0.000000]  gran_size: 32M 	chunk_size: 128M 	num_reg: 7  	lose cover RAM: 28M
Apr 11 17:01:26 localhost kernel: [    0.000000]  gran_size: 32M 	chunk_size: 256M 	num_reg: 7  	lose cover RAM: 28M
Apr 11 17:01:26 localhost kernel: [    0.000000]  gran_size: 32M 	chunk_size: 512M 	num_reg: 7  	lose cover RAM: 28M
Apr 11 17:01:26 localhost kernel: [    0.000000]  gran_size: 32M 	chunk_size: 1G 	num_reg: 7  	lose cover RAM: 28M
Apr 11 17:01:26 localhost kernel: [    0.000000]  gran_size: 32M 	chunk_size: 2G 	num_reg: 7  	lose cover RAM: 27164M
Apr 11 17:01:26 localhost kernel: [    0.000000]  gran_size: 64M 	chunk_size: 64M 	num_reg: 7  	lose cover RAM: 24604M
Apr 11 17:01:26 localhost kernel: [    0.000000]  gran_size: 64M 	chunk_size: 128M 	num_reg: 7  	lose cover RAM: 28M
Apr 11 17:01:26 localhost kernel: [    0.000000]  gran_size: 64M 	chunk_size: 256M 	num_reg: 7  	lose cover RAM: 28M
Apr 11 17:01:26 localhost kernel: [    0.000000]  gran_size: 64M 	chunk_size: 512M 	num_reg: 7  	lose cover RAM: 28M
Apr 11 17:01:26 localhost kernel: [    0.000000]  gran_size: 64M 	chunk_size: 1G 	num_reg: 7  	lose cover RAM: 28M
Apr 11 17:01:26 localhost kernel: [    0.000000]  gran_size: 64M 	chunk_size: 2G 	num_reg: 7  	lose cover RAM: 27164M
Apr 11 17:01:26 localhost kernel: [    0.000000]  gran_size: 128M 	chunk_size: 128M 	num_reg: 7  	lose cover RAM: 16476M
Apr 11 17:01:26 localhost kernel: [    0.000000]  gran_size: 128M 	chunk_size: 256M 	num_reg: 7  	lose cover RAM: 92M
Apr 11 17:01:26 localhost kernel: [    0.000000]  gran_size: 128M 	chunk_size: 512M 	num_reg: 7  	lose cover RAM: 92M
Apr 11 17:01:26 localhost kernel: [    0.000000]  gran_size: 128M 	chunk_size: 1G 	num_reg: 7  	lose cover RAM: 92M
Apr 11 17:01:26 localhost kernel: [    0.000000]  gran_size: 128M 	chunk_size: 2G 	num_reg: 7  	lose cover RAM: 27740M
Apr 11 17:01:26 localhost kernel: [    0.000000]  gran_size: 256M 	chunk_size: 256M 	num_reg: 7  	lose cover RAM: 220M
Apr 11 17:01:26 localhost kernel: [    0.000000]  gran_size: 256M 	chunk_size: 512M 	num_reg: 7  	lose cover RAM: 220M
Apr 11 17:01:26 localhost kernel: [    0.000000]  gran_size: 256M 	chunk_size: 1G 	num_reg: 7  	lose cover RAM: 220M
Apr 11 17:01:26 localhost kernel: [    0.000000]  gran_size: 256M 	chunk_size: 2G 	num_reg: 7  	lose cover RAM: 26844M
Apr 11 17:01:26 localhost kernel: [    0.000000]  gran_size: 512M 	chunk_size: 512M 	num_reg: 6  	lose cover RAM: 476M
Apr 11 17:01:26 localhost kernel: [    0.000000]  gran_size: 512M 	chunk_size: 1G 	num_reg: 7  	lose cover RAM: 476M
Apr 11 17:01:26 localhost kernel: [    0.000000]  gran_size: 512M 	chunk_size: 2G 	num_reg: 7  	lose cover RAM: 25052M
Apr 11 17:01:26 localhost kernel: [    0.000000]  gran_size: 1G 	chunk_size: 1G 	num_reg: 4  	lose cover RAM: 1500M
Apr 11 17:01:26 localhost kernel: [    0.000000]  gran_size: 1G 	chunk_size: 2G 	num_reg: 4  	lose cover RAM: 1500M
Apr 11 17:01:26 localhost kernel: [    0.000000]  gran_size: 2G 	chunk_size: 2G 	num_reg: 4  	lose cover RAM: 1500M
Apr 11 17:01:26 localhost kernel: [    0.000000] mtrr_cleanup: can not find optimal value
Apr 11 17:01:26 localhost kernel: [    0.000000] please specify mtrr_gran_size/mtrr_chunk_size
Apr 11 17:01:26 localhost kernel: [    0.000000] e820: update [mem 0xbdc00000-0xbfffffff] usable ==> reserved
Apr 11 17:01:26 localhost kernel: [    0.000000] e820: update [mem 0xe0000000-0xffffffff] usable ==> reserved
Apr 11 17:01:26 localhost kernel: [    0.000000] Scanning 1 areas for low memory corruption
Apr 11 17:01:26 localhost kernel: [    0.000000] Base memory trampoline at [ffff880000099000] 99000 size 24576
Apr 11 17:01:26 localhost kernel: [    0.000000] BRK [0xa264f000, 0xa264ffff] PGTABLE
Apr 11 17:01:26 localhost kernel: [    0.000000] BRK [0xa2650000, 0xa2650fff] PGTABLE
Apr 11 17:01:26 localhost kernel: [    0.000000] BRK [0xa2651000, 0xa2651fff] PGTABLE
Apr 11 17:01:26 localhost kernel: [    0.000000] BRK [0xa2652000, 0xa2652fff] PGTABLE
Apr 11 17:01:26 localhost kernel: [    0.000000] BRK [0xa2653000, 0xa2653fff] PGTABLE
Apr 11 17:01:26 localhost kernel: [    0.000000] BRK [0xa2654000, 0xa2654fff] PGTABLE
Apr 11 17:01:26 localhost kernel: [    0.000000] RAMDISK: [mem 0x0f300000-0x23977fff]
Apr 11 17:01:26 localhost kernel: [    0.000000] ACPI: Early table checksum verification disabled
Apr 11 17:01:26 localhost kernel: [    0.000000] ACPI: RSDP 0x00000000000FBDD0 000024 (v02 DELL  )
Apr 11 17:01:26 localhost kernel: [    0.000000] ACPI: XSDT 0x00000000BDAC3E00 000054 (v01 DELL   WN09     27D90C07 ASL  00000061)
Apr 11 17:01:26 localhost kernel: [    0.000000] ACPI: FACP 0x00000000BDAC3C9C 0000F4 (v04 DELL   WN09     27D90C07 ASL  00000061)
Apr 11 17:01:26 localhost kernel: [    0.000000] ACPI BIOS Warning (bug): 32/64X length mismatch in FADT/Gpe0Block: 128/64 (20160930/tbfadt-603)
Apr 11 17:01:26 localhost kernel: [    0.000000] ACPI: DSDT 0x00000000BDAC4400 005451 (v02 INT430 SYSFexxx 00001001 INTL 20050624)
Apr 11 17:01:26 localhost kernel: [    0.000000] ACPI: FACS 0x00000000BDAD2C00 000040
Apr 11 17:01:26 localhost kernel: [    0.000000] ACPI: FACS 0x00000000BDAD2C00 000040
Apr 11 17:01:26 localhost kernel: [    0.000000] ACPI: HPET 0x00000000BDAC3F00 000038 (v01 DELL   WN09     00000001 ASL  00000061)
Apr 11 17:01:26 localhost kernel: [    0.000000] ACPI: APIC 0x00000000BDAC4000 000068 (v01 DELL   WN09     27D90C07 ASL  00000047)
Apr 11 17:01:26 localhost kernel: [    0.000000] ACPI: MCFG 0x00000000BDAC3FC0 00003E (v16 DELL   WN09     27D90C07 ASL  00000061)
Apr 11 17:01:26 localhost kernel: [    0.000000] ACPI: SLIC 0x00000000BDAC409C 000176 (v01 DELL   WN09     27D90C07 ASL  00000061)
Apr 11 17:01:26 localhost kernel: [    0.000000] ACPI: SSDT 0x00000000BDAC2363 00066C (v01 PmRef  CpuPm    00003000 INTL 20050624)
Apr 11 17:01:26 localhost kernel: [    0.000000] ACPI: Local APIC address 0xfee00000
Apr 11 17:01:26 localhost kernel: [    0.000000] Zone ranges:
Apr 11 17:01:26 localhost kernel: [    0.000000]   DMA      [mem 0x0000000000001000-0x0000000000ffffff]
Apr 11 17:01:26 localhost kernel: [    0.000000]   DMA32    [mem 0x0000000001000000-0x00000000bd8befff]
Apr 11 17:01:26 localhost kernel: [    0.000000]   Normal   empty
Apr 11 17:01:26 localhost kernel: [    0.000000] Movable zone start for each node
Apr 11 17:01:26 localhost kernel: [    0.000000] Early memory node ranges
Apr 11 17:01:26 localhost kernel: [    0.000000]   node   0: [mem 0x0000000000001000-0x000000000009efff]
Apr 11 17:01:26 localhost kernel: [    0.000000]   node   0: [mem 0x0000000000100000-0x00000000bd8befff]
Apr 11 17:01:26 localhost kernel: [    0.000000] Initmem setup node 0 [mem 0x0000000000001000-0x00000000bd8befff]
Apr 11 17:01:26 localhost kernel: [    0.000000] On node 0 totalpages: 776285
Apr 11 17:01:26 localhost kernel: [    0.000000]   DMA zone: 64 pages used for memmap
Apr 11 17:01:26 localhost kernel: [    0.000000]   DMA zone: 21 pages reserved
Apr 11 17:01:26 localhost kernel: [    0.000000]   DMA zone: 3998 pages, LIFO batch:0
Apr 11 17:01:26 localhost kernel: [    0.000000]   DMA32 zone: 12067 pages used for memmap
Apr 11 17:01:26 localhost kernel: [    0.000000]   DMA32 zone: 772287 pages, LIFO batch:31
Apr 11 17:01:26 localhost kernel: [    0.000000] kasan: KernelAddressSanitizer initialized
Apr 11 17:01:26 localhost kernel: [    0.000000] Reserving Intel graphics memory at 0x00000000be000000-0x00000000bfffffff
Apr 11 17:01:26 localhost kernel: [    0.000000] ACPI: PM-Timer IO Port: 0x1008
Apr 11 17:01:26 localhost kernel: [    0.000000] ACPI: Local APIC address 0xfee00000
Apr 11 17:01:26 localhost kernel: [    0.000000] ACPI: LAPIC_NMI (acpi_id[0x00] high edge lint[0x1])
Apr 11 17:01:26 localhost kernel: [    0.000000] ACPI: LAPIC_NMI (acpi_id[0x01] high edge lint[0x1])
Apr 11 17:01:26 localhost kernel: [    0.000000] IOAPIC[0]: apic_id 2, version 32, address 0xfec00000, GSI 0-23
Apr 11 17:01:26 localhost kernel: [    0.000000] ACPI: INT_SRC_OVR (bus 0 bus_irq 0 global_irq 2 dfl dfl)
Apr 11 17:01:26 localhost kernel: [    0.000000] ACPI: INT_SRC_OVR (bus 0 bus_irq 9 global_irq 9 high level)
Apr 11 17:01:26 localhost kernel: [    0.000000] ACPI: IRQ0 used by override.
Apr 11 17:01:26 localhost kernel: [    0.000000] ACPI: IRQ9 used by override.
Apr 11 17:01:26 localhost kernel: [    0.000000] Using ACPI (MADT) for SMP configuration information
Apr 11 17:01:26 localhost kernel: [    0.000000] ACPI: HPET id: 0x8086a201 base: 0xfed00000
Apr 11 17:01:26 localhost kernel: [    0.000000] smpboot: Allowing 2 CPUs, 0 hotplug CPUs
Apr 11 17:01:26 localhost kernel: [    0.000000] PM: Registered nosave memory: [mem 0x00000000-0x00000fff]
Apr 11 17:01:26 localhost kernel: [    0.000000] PM: Registered nosave memory: [mem 0x0009f000-0x0009ffff]
Apr 11 17:01:26 localhost kernel: [    0.000000] PM: Registered nosave memory: [mem 0x000a0000-0x000fffff]
Apr 11 17:01:26 localhost kernel: [    0.000000] e820: [mem 0xc0000000-0xf7ffffff] available for PCI devices
Apr 11 17:01:26 localhost kernel: [    0.000000] Booting paravirtualized kernel on bare hardware
Apr 11 17:01:26 localhost kernel: [    0.000000] clocksource: refined-jiffies: mask: 0xffffffff max_cycles: 0xffffffff, max_idle_ns: 7645519600211568 ns
Apr 11 17:01:26 localhost kernel: [    0.000000] setup_percpu: NR_CPUS:8 nr_cpumask_bits:8 nr_cpu_ids:2 nr_node_ids:1
Apr 11 17:01:26 localhost kernel: [    0.000000] percpu: Embedded 45 pages/cpu @ffff88009f800000 s143832 r8192 d32296 u1048576
Apr 11 17:01:26 localhost kernel: [    0.000000] pcpu-alloc: s143832 r8192 d32296 u1048576 alloc=1*2097152
Apr 11 17:01:26 localhost kernel: [    0.000000] pcpu-alloc: [0] 0 1 
Apr 11 17:01:26 localhost kernel: [    0.000000] Built 1 zonelists in Zone order, mobility grouping on.  Total pages: 764133
Apr 11 17:01:26 localhost kernel: [    0.000000] Kernel command line: BOOT_IMAGE=/boot/vmlinuz-4.10.3 root=UUID=ce5df76c-5e0c-4c0a-8bb8-f1e3e5a2a97d ro quiet splash vt.handoff=7
Apr 11 17:01:26 localhost kernel: [    0.000000] PID hash table entries: 4096 (order: 3, 32768 bytes)
Apr 11 17:01:26 localhost kernel: [    0.000000] Dentry cache hash table entries: 524288 (order: 10, 4194304 bytes)
Apr 11 17:01:26 localhost kernel: [    0.000000] Inode-cache hash table entries: 262144 (order: 9, 2097152 bytes)
Apr 11 17:01:26 localhost kernel: [    0.000000] Memory: 2280480K/3105140K available (13778K kernel code, 5016K rwdata, 6436K rodata, 1908K init, 9728K bss, 824660K reserved, 0K cma-reserved)
Apr 11 17:01:26 localhost kernel: [    0.000000] SLUB: HWalign=64, Order=0-3, MinObjects=0, CPUs=2, Nodes=1
Apr 11 17:01:26 localhost kernel: [    0.000000] kmemleak: Kernel memory leak detector disabled
Apr 11 17:01:26 localhost kernel: [    0.000000] Hierarchical RCU implementation.
Apr 11 17:01:26 localhost kernel: [    0.000000] 	Build-time adjustment of leaf fanout to 64.
Apr 11 17:01:26 localhost kernel: [    0.000000] 	RCU restricting CPUs from NR_CPUS=8 to nr_cpu_ids=2.
Apr 11 17:01:26 localhost kernel: [    0.000000] RCU: Adjusting geometry for rcu_fanout_leaf=64, nr_cpu_ids=2
Apr 11 17:01:26 localhost kernel: [    0.000000] NR_IRQS:4352 nr_irqs:440 16
Apr 11 17:01:26 localhost kernel: [    0.000000] Console: colour dummy device 80x25
Apr 11 17:01:26 localhost kernel: [    0.000000] console [tty0] enabled
Apr 11 17:01:26 localhost kernel: [    0.000000] kmemleak: Early log buffer exceeded (1977), please increase DEBUG_KMEMLEAK_EARLY_LOG_SIZE
Apr 11 17:01:26 localhost kernel: [    0.000000] clocksource: hpet: mask: 0xffffffff max_cycles: 0xffffffff, max_idle_ns: 133484882848 ns
Apr 11 17:01:26 localhost kernel: [    0.000000] hpet clockevent registered
Apr 11 17:01:26 localhost kernel: [    0.000000] tsc: Fast TSC calibration using PIT
Apr 11 17:01:26 localhost kernel: [    0.000000] tsc: Detected 1994.850 MHz processor
Apr 11 17:01:26 localhost kernel: [    0.004025] Calibrating delay loop (skipped), value calculated using timer frequency.. 3989.70 BogoMIPS (lpj=7979400)
Apr 11 17:01:26 localhost kernel: [    0.004033] pid_max: default: 32768 minimum: 301
Apr 11 17:01:26 localhost kernel: [    0.004150] ACPI: Core revision 20160930
Apr 11 17:01:26 localhost kernel: [    0.444916] ACPI: 2 ACPI AML tables successfully acquired and loaded
Apr 11 17:01:26 localhost kernel: [    0.445308] Security Framework initialized
Apr 11 17:01:26 localhost kernel: [    0.445313] Yama: becoming mindful.
Apr 11 17:01:26 localhost kernel: [    0.445526] AppArmor: AppArmor initialized
Apr 11 17:01:26 localhost kernel: [    0.446586] Mount-cache hash table entries: 8192 (order: 4, 65536 bytes)
Apr 11 17:01:26 localhost kernel: [    0.446598] Mountpoint-cache hash table entries: 8192 (order: 4, 65536 bytes)
Apr 11 17:01:26 localhost kernel: [    0.451734] CPU: Physical Processor ID: 0
Apr 11 17:01:26 localhost kernel: [    0.451736] CPU: Processor Core ID: 0
Apr 11 17:01:26 localhost kernel: [    0.451740] mce: CPU supports 6 MCE banks
Apr 11 17:01:26 localhost kernel: [    0.451806] CPU0: Thermal monitoring enabled (TM2)
Apr 11 17:01:26 localhost kernel: [    0.451813] process: using mwait in idle threads
Apr 11 17:01:26 localhost kernel: [    0.451824] Last level iTLB entries: 4KB 128, 2MB 4, 4MB 4
Apr 11 17:01:26 localhost kernel: [    0.451828] Last level dTLB entries: 4KB 256, 2MB 0, 4MB 32, 1GB 0
Apr 11 17:01:26 localhost kernel: [    0.452488] Freeing SMP alternatives memory: 32K
Apr 11 17:01:26 localhost kernel: [    0.460019] ftrace: allocating 32870 entries in 129 pages
Apr 11 17:01:26 localhost kernel: [    0.496835] smpboot: Max logical packages: 1
Apr 11 17:01:26 localhost kernel: [    0.498398] ..TIMER: vector=0x30 apic1=0 pin1=2 apic2=-1 pin2=-1
Apr 11 17:01:26 localhost kernel: [    0.540000] smpboot: CPU0: Intel(R) Core(TM)2 Duo CPU     T6400  @ 2.00GHz (family: 0x6, model: 0x17, stepping: 0xa)
Apr 11 17:01:26 localhost kernel: [    0.540000] Performance Events: PEBS fmt0+, Core2 events, Intel PMU driver.
Apr 11 17:01:26 localhost kernel: [    0.540000] ... version:                2
Apr 11 17:01:26 localhost kernel: [    0.540000] ... bit width:              40
Apr 11 17:01:26 localhost kernel: [    0.540000] ... generic registers:      2
Apr 11 17:01:26 localhost kernel: [    0.540000] ... value mask:             000000ffffffffff
Apr 11 17:01:26 localhost kernel: [    0.540000] ... max period:             000000007fffffff
Apr 11 17:01:26 localhost kernel: [    0.540000] ... fixed-purpose events:   3
Apr 11 17:01:26 localhost kernel: [    0.540000] ... event mask:             0000000700000003
Apr 11 17:01:26 localhost kernel: [    0.547752] NMI watchdog: enabled on all CPUs, permanently consumes one hw-PMU counter.
Apr 11 17:01:26 localhost kernel: [    0.547835] smp: Bringing up secondary CPUs ...
Apr 11 17:01:26 localhost kernel: [    0.550045] x86: Booting SMP configuration:
Apr 11 17:01:26 localhost kernel: [    0.550049] .... node  #0, CPUs:      #1
Apr 11 17:01:26 localhost kernel: [    0.634064] smp: Brought up 1 node, 2 CPUs
Apr 11 17:01:26 localhost kernel: [    0.634064] smpboot: Total of 2 processors activated (7979.68 BogoMIPS)
Apr 11 17:01:26 localhost kernel: [    0.637681] devtmpfs: initialized
Apr 11 17:01:26 localhost kernel: [    0.656980] evm: security.selinux
Apr 11 17:01:26 localhost kernel: [    0.656984] evm: security.SMACK64
Apr 11 17:01:26 localhost kernel: [    0.656986] evm: security.SMACK64EXEC
Apr 11 17:01:26 localhost kernel: [    0.656989] evm: security.SMACK64TRANSMUTE
Apr 11 17:01:26 localhost kernel: [    0.656991] evm: security.SMACK64MMAP
Apr 11 17:01:26 localhost kernel: [    0.656993] evm: security.ima
Apr 11 17:01:26 localhost kernel: [    0.656995] evm: security.capability
Apr 11 17:01:26 localhost kernel: [    0.657219] PM: Registering ACPI NVS region [mem 0xbd8bf400-0xbdac13ff] (2105344 bytes)
Apr 11 17:01:26 localhost kernel: [    0.668664] clocksource: jiffies: mask: 0xffffffff max_cycles: 0xffffffff, max_idle_ns: 7645041785100000 ns
Apr 11 17:01:26 localhost kernel: [    0.668675] futex hash table entries: 512 (order: 3, 32768 bytes)
Apr 11 17:01:26 localhost kernel: [    0.669023] pinctrl core: initialized pinctrl subsystem
Apr 11 17:01:26 localhost kernel: [    0.673062] RTC time: 11:30:12, date: 04/11/17
Apr 11 17:01:26 localhost kernel: [    0.675435] NET: Registered protocol family 16
Apr 11 17:01:26 localhost kernel: [    0.696019] cpuidle: using governor ladder
Apr 11 17:01:26 localhost kernel: [    0.708017] cpuidle: using governor menu
Apr 11 17:01:26 localhost kernel: [    0.708024] PCCT header not found.
Apr 11 17:01:26 localhost kernel: [    0.708448] ACPI: bus type PCI registered
Apr 11 17:01:26 localhost kernel: [    0.708453] acpiphp: ACPI Hot Plug PCI Controller Driver version: 0.5
Apr 11 17:01:26 localhost kernel: [    0.710853] PCI: MMCONFIG for domain 0000 [bus 00-3f] at [mem 0xf8000000-0xfbffffff] (base 0xf8000000)
Apr 11 17:01:26 localhost kernel: [    0.710967] PCI: MMCONFIG at [mem 0xf8000000-0xfbffffff] reserved in E820
Apr 11 17:01:26 localhost kernel: [    0.710967] pmd_set_huge: Cannot satisfy [mem 0xf8000000-0xf8200000] with a huge-page mapping due to MTRR override.
Apr 11 17:01:26 localhost kernel: [    0.710967] PCI: Using configuration type 1 for base access
Apr 11 17:01:26 localhost kernel: [    0.710967] dmi type 0xB1 record - unknown flag
Apr 11 17:01:26 localhost kernel: [    0.800271] HugeTLB registered 2 MB page size, pre-allocated 0 pages
Apr 11 17:01:26 localhost kernel: [    0.806641] ACPI: Added _OSI(Module Device)
Apr 11 17:01:26 localhost kernel: [    0.806646] ACPI: Added _OSI(Processor Device)
Apr 11 17:01:26 localhost kernel: [    0.806650] ACPI: Added _OSI(3.0 _SCP Extensions)
Apr 11 17:01:26 localhost kernel: [    0.806654] ACPI: Added _OSI(Processor Aggregator Device)
Apr 11 17:01:26 localhost kernel: [    0.947776] ACPI: [Firmware Bug]: BIOS _OSI(Linux) query ignored
Apr 11 17:01:26 localhost kernel: [    1.142632] ACPI: Dynamic OEM Table Load:
Apr 11 17:01:26 localhost kernel: [    1.142666] ACPI: SSDT 0xFFFF88009E2D3848 0005C6 (v01 PmRef  BspCst   00003001 INTL 20050624)
Apr 11 17:01:26 localhost kernel: [    1.192820] ACPI: Dynamic OEM Table Load:
Apr 11 17:01:26 localhost kernel: [    1.192840] ACPI: SSDT 0xFFFF88009D8BDBA8 00008D (v01 PmRef  ApCst    00003000 INTL 20050624)
Apr 11 17:01:26 localhost kernel: [    1.219353] ACPI: Interpreter enabled
Apr 11 17:01:26 localhost kernel: [    1.219728] ACPI: (supports S0 S3 S4 S5)
Apr 11 17:01:26 localhost kernel: [    1.219732] ACPI: Using IOAPIC for interrupt routing
Apr 11 17:01:26 localhost kernel: [    1.220637] PCI: Using host bridge windows from ACPI; if necessary, use "pci=nocrs" and report a bug
Apr 11 17:01:26 localhost kernel: [    3.163173] ACPI: PCI Root Bridge [PCI0] (domain 0000 [bus 00-ff])
Apr 11 17:01:26 localhost kernel: [    3.163252] acpi PNP0A03:00: _OSC: OS supports [ExtendedConfig ASPM ClockPM Segments MSI]
Apr 11 17:01:26 localhost kernel: [    3.163517] acpi PNP0A03:00: _OSC failed (AE_NOT_FOUND); disabling ASPM
Apr 11 17:01:26 localhost kernel: [    3.163563] acpi PNP0A03:00: [Firmware Info]: MMCONFIG for domain 0000 [bus 00-3f] only partially covers this bridge
Apr 11 17:01:26 localhost kernel: [    3.821003] PCI host bridge to bus 0000:00
Apr 11 17:01:26 localhost kernel: [    3.821037] pci_bus 0000:00: root bus resource [io  0x0000-0x0cf7 window]
Apr 11 17:01:26 localhost kernel: [    3.821071] pci_bus 0000:00: root bus resource [io  0x0d00-0xffff window]
Apr 11 17:01:26 localhost kernel: [    3.821105] pci_bus 0000:00: root bus resource [mem 0x000a0000-0x000bffff window]
Apr 11 17:01:26 localhost kernel: [    3.821138] pci_bus 0000:00: root bus resource [mem 0x000d0000-0x000dffff window]
Apr 11 17:01:26 localhost kernel: [    3.821171] pci_bus 0000:00: root bus resource [mem 0xc0000000-0xf7ffffff window]
Apr 11 17:01:26 localhost kernel: [    3.821204] pci_bus 0000:00: root bus resource [mem 0xfc000000-0xfebfffff window]
Apr 11 17:01:26 localhost kernel: [    3.821237] pci_bus 0000:00: root bus resource [mem 0xfec10000-0xfecfffff window]
Apr 11 17:01:26 localhost kernel: [    3.821270] pci_bus 0000:00: root bus resource [mem 0xfed1c000-0xfed1ffff window]
Apr 11 17:01:26 localhost kernel: [    3.821303] pci_bus 0000:00: root bus resource [mem 0xfed90000-0xfed9ffff window]
Apr 11 17:01:26 localhost kernel: [    3.821336] pci_bus 0000:00: root bus resource [mem 0xfeda7000-0xfedfffff window]
Apr 11 17:01:26 localhost kernel: [    3.821369] pci_bus 0000:00: root bus resource [mem 0xfee10000-0xff9fffff window]
Apr 11 17:01:26 localhost kernel: [    3.821401] pci_bus 0000:00: root bus resource [mem 0xffc00000-0xffdfffff window]
Apr 11 17:01:26 localhost kernel: [    3.821430] pci_bus 0000:00: root bus resource [bus 00-ff]
Apr 11 17:01:26 localhost kernel: [    3.821505] pci 0000:00:00.0: [8086:2a40] type 00 class 0x060000
Apr 11 17:01:26 localhost kernel: [    3.821697] DMAR: Forcing write-buffer flush capability
Apr 11 17:01:26 localhost kernel: [    3.821701] DMAR: Disabling IOMMU for graphics on this chipset
Apr 11 17:01:26 localhost kernel: [    3.827937] pci 0000:00:02.0: [8086:2a42] type 00 class 0x030000
Apr 11 17:01:26 localhost kernel: [    3.827970] pci 0000:00:02.0: reg 0x10: [mem 0xf6c00000-0xf6ffffff 64bit]
Apr 11 17:01:26 localhost kernel: [    3.827991] pci 0000:00:02.0: reg 0x18: [mem 0xe0000000-0xefffffff 64bit pref]
Apr 11 17:01:26 localhost kernel: [    3.828016] pci 0000:00:02.0: reg 0x20: [io  0xefe8-0xefef]
Apr 11 17:01:26 localhost kernel: [    3.835175] pci 0000:00:02.1: [8086:2a43] type 00 class 0x038000
Apr 11 17:01:26 localhost kernel: [    3.835204] pci 0000:00:02.1: reg 0x10: [mem 0xf6b00000-0xf6bfffff 64bit]
Apr 11 17:01:26 localhost kernel: [    3.842201] pci 0000:00:1a.0: [8086:2937] type 00 class 0x0c0300
Apr 11 17:01:26 localhost kernel: [    3.842287] pci 0000:00:1a.0: reg 0x20: [io  0x6f60-0x6f7f]
Apr 11 17:01:26 localhost kernel: [    3.914504] pci 0000:00:1a.0: System wakeup disabled by ACPI
Apr 11 17:01:26 localhost kernel: [    3.917249] pci 0000:00:1a.1: [8086:2938] type 00 class 0x0c0300
Apr 11 17:01:26 localhost kernel: [    3.917337] pci 0000:00:1a.1: reg 0x20: [io  0x6f80-0x6f9f]
Apr 11 17:01:26 localhost kernel: [    3.990121] pci 0000:00:1a.1: System wakeup disabled by ACPI
Apr 11 17:01:26 localhost kernel: [    3.992862] pci 0000:00:1a.2: [8086:2939] type 00 class 0x0c0300
Apr 11 17:01:26 localhost kernel: [    3.992951] pci 0000:00:1a.2: reg 0x20: [io  0x6fa0-0x6fbf]
Apr 11 17:01:26 localhost kernel: [    4.065771] pci 0000:00:1a.2: System wakeup disabled by ACPI
Apr 11 17:01:26 localhost kernel: [    4.068559] pci 0000:00:1a.7: [8086:293c] type 00 class 0x0c0320
Apr 11 17:01:26 localhost kernel: [    4.068603] pci 0000:00:1a.7: reg 0x10: [mem 0xfed1c400-0xfed1c7ff]
Apr 11 17:01:26 localhost kernel: [    4.068945] pci 0000:00:1a.7: PME# supported from D0 D3hot D3cold
Apr 11 17:01:26 localhost kernel: [    4.141550] pci 0000:00:1a.7: System wakeup disabled by ACPI
Apr 11 17:01:26 localhost kernel: [    4.144314] pci 0000:00:1b.0: [8086:293e] type 00 class 0x040300
Apr 11 17:01:26 localhost kernel: [    4.144361] pci 0000:00:1b.0: reg 0x10: [mem 0xf6afc000-0xf6afffff 64bit]
Apr 11 17:01:26 localhost kernel: [    4.144743] pci 0000:00:1b.0: PME# supported from D0 D3hot D3cold
Apr 11 17:01:26 localhost kernel: [    4.150085] pci 0000:00:1b.0: System wakeup disabled by ACPI
Apr 11 17:01:26 localhost kernel: [    4.152813] pci 0000:00:1c.0: [8086:2940] type 01 class 0x060400
Apr 11 17:01:26 localhost kernel: [    4.153211] pci 0000:00:1c.0: PME# supported from D0 D3hot D3cold
Apr 11 17:01:26 localhost kernel: [    4.158524] pci 0000:00:1c.0: System wakeup disabled by ACPI
Apr 11 17:01:26 localhost kernel: [    4.161280] pci 0000:00:1c.1: [8086:2942] type 01 class 0x060400
Apr 11 17:01:26 localhost kernel: [    4.161664] pci 0000:00:1c.1: PME# supported from D0 D3hot D3cold
Apr 11 17:01:26 localhost kernel: [    4.166929] pci 0000:00:1c.1: System wakeup disabled by ACPI
Apr 11 17:01:26 localhost kernel: [    4.169677] pci 0000:00:1c.2: [8086:2944] type 01 class 0x060400
Apr 11 17:01:26 localhost kernel: [    4.170087] pci 0000:00:1c.2: PME# supported from D0 D3hot D3cold
Apr 11 17:01:26 localhost kernel: [    4.175390] pci 0000:00:1c.2: System wakeup disabled by ACPI
Apr 11 17:01:26 localhost kernel: [    4.178134] pci 0000:00:1c.4: [8086:2948] type 01 class 0x060400
Apr 11 17:01:26 localhost kernel: [    4.178527] pci 0000:00:1c.4: PME# supported from D0 D3hot D3cold
Apr 11 17:01:26 localhost kernel: [    4.183806] pci 0000:00:1c.4: System wakeup disabled by ACPI
Apr 11 17:01:26 localhost kernel: [    4.186542] pci 0000:00:1d.0: [8086:2934] type 00 class 0x0c0300
Apr 11 17:01:26 localhost kernel: [    4.186630] pci 0000:00:1d.0: reg 0x20: [io  0x6f00-0x6f1f]
Apr 11 17:01:26 localhost kernel: [    4.259951] pci 0000:00:1d.0: System wakeup disabled by ACPI
Apr 11 17:01:26 localhost kernel: [    4.262738] pci 0000:00:1d.1: [8086:2935] type 00 class 0x0c0300
Apr 11 17:01:26 localhost kernel: [    4.262826] pci 0000:00:1d.1: reg 0x20: [io  0x6f20-0x6f3f]
Apr 11 17:01:26 localhost kernel: [    4.335676] pci 0000:00:1d.1: System wakeup disabled by ACPI
Apr 11 17:01:26 localhost kernel: [    4.338436] pci 0000:00:1d.2: [8086:2936] type 00 class 0x0c0300
Apr 11 17:01:26 localhost kernel: [    4.338527] pci 0000:00:1d.2: reg 0x20: [io  0x6f40-0x6f5f]
Apr 11 17:01:26 localhost kernel: [    4.411420] pci 0000:00:1d.2: System wakeup disabled by ACPI
Apr 11 17:01:26 localhost kernel: [    4.414206] pci 0000:00:1d.7: [8086:293a] type 00 class 0x0c0320
Apr 11 17:01:26 localhost kernel: [    4.414250] pci 0000:00:1d.7: reg 0x10: [mem 0xfed1c000-0xfed1c3ff]
Apr 11 17:01:26 localhost kernel: [    4.414602] pci 0000:00:1d.7: PME# supported from D0 D3hot D3cold
Apr 11 17:01:26 localhost kernel: [    4.487544] pci 0000:00:1d.7: System wakeup disabled by ACPI
Apr 11 17:01:26 localhost kernel: [    4.490283] pci 0000:00:1e.0: [8086:2448] type 01 class 0x060401
Apr 11 17:01:26 localhost kernel: [    4.495841] pci 0000:00:1e.0: System wakeup disabled by ACPI
Apr 11 17:01:26 localhost kernel: [    4.498636] pci 0000:00:1f.0: [8086:2919] type 00 class 0x060100
Apr 11 17:01:26 localhost kernel: [    4.506071] pci 0000:00:1f.2: [8086:2929] type 00 class 0x010601
Apr 11 17:01:26 localhost kernel: [    4.506114] pci 0000:00:1f.2: reg 0x10: [io  0x6e70-0x6e77]
Apr 11 17:01:26 localhost kernel: [    4.506135] pci 0000:00:1f.2: reg 0x14: [io  0x6e78-0x6e7b]
Apr 11 17:01:26 localhost kernel: [    4.506156] pci 0000:00:1f.2: reg 0x18: [io  0x6e80-0x6e87]
Apr 11 17:01:26 localhost kernel: [    4.506177] pci 0000:00:1f.2: reg 0x1c: [io  0x6e88-0x6e8b]
Apr 11 17:01:26 localhost kernel: [    4.506198] pci 0000:00:1f.2: reg 0x20: [io  0x6ea0-0x6ebf]
Apr 11 17:01:26 localhost kernel: [    4.506221] pci 0000:00:1f.2: reg 0x24: [mem 0xfed1c800-0xfed1cfff]
Apr 11 17:01:26 localhost kernel: [    4.506499] pci 0000:00:1f.2: PME# supported from D3hot
Apr 11 17:01:26 localhost kernel: [    4.514047] pci 0000:00:1f.3: [8086:2930] type 00 class 0x0c0500
Apr 11 17:01:26 localhost kernel: [    4.514087] pci 0000:00:1f.3: reg 0x10: [mem 0xf6afbf00-0xf6afbfff 64bit]
Apr 11 17:01:26 localhost kernel: [    4.514134] pci 0000:00:1f.3: reg 0x20: [io  0x1100-0x111f]
Apr 11 17:01:26 localhost kernel: [    4.522612] pci 0000:00:1c.0: PCI bridge to [bus 0b]
Apr 11 17:01:26 localhost kernel: [    4.525234] pci 0000:0c:00.0: [14e4:4315] type 00 class 0x028000
Apr 11 17:01:26 localhost kernel: [    4.525333] pci 0000:0c:00.0: reg 0x10: [mem 0xf69fc000-0xf69fffff 64bit]
Apr 11 17:01:26 localhost kernel: [    4.526566] pci 0000:0c:00.0: supports D1 D2
Apr 11 17:01:26 localhost kernel: [    4.526574] pci 0000:0c:00.0: PME# supported from D0 D3hot D3cold
Apr 11 17:01:26 localhost kernel: [    4.530338] pci 0000:00:1c.1: PCI bridge to [bus 0c]
Apr 11 17:01:26 localhost kernel: [    4.530355] pci 0000:00:1c.1:   bridge window [mem 0xf6900000-0xf69fffff]
Apr 11 17:01:26 localhost kernel: [    4.532740] pci 0000:09:00.0: [11ab:4354] type 00 class 0x020000
Apr 11 17:01:26 localhost kernel: [    4.532798] pci 0000:09:00.0: reg 0x10: [mem 0xf68fc000-0xf68fffff 64bit]
Apr 11 17:01:26 localhost kernel: [    4.532825] pci 0000:09:00.0: reg 0x18: [io  0xde00-0xdeff]
Apr 11 17:01:26 localhost kernel: [    4.533412] pci 0000:09:00.0: supports D1 D2
Apr 11 17:01:26 localhost kernel: [    4.533419] pci 0000:09:00.0: PME# supported from D0 D1 D2 D3hot D3cold
Apr 11 17:01:26 localhost kernel: [    4.548053] pci 0000:00:1c.2: PCI bridge to [bus 09]
Apr 11 17:01:26 localhost kernel: [    4.548066] pci 0000:00:1c.2:   bridge window [io  0xd000-0xdfff]
Apr 11 17:01:26 localhost kernel: [    4.548078] pci 0000:00:1c.2:   bridge window [mem 0xf6800000-0xf68fffff]
Apr 11 17:01:26 localhost kernel: [    4.551680] acpiphp: Slot [1] registered
Apr 11 17:01:26 localhost kernel: [    4.551698] pci 0000:00:1c.4: PCI bridge to [bus 0d-0e]
Apr 11 17:01:26 localhost kernel: [    4.551710] pci 0000:00:1c.4:   bridge window [io  0xc000-0xcfff]
Apr 11 17:01:26 localhost kernel: [    4.551722] pci 0000:00:1c.4:   bridge window [mem 0xf6600000-0xf67fffff]
Apr 11 17:01:26 localhost kernel: [    4.551739] pci 0000:00:1c.4:   bridge window [mem 0xf0000000-0xf01fffff 64bit pref]
Apr 11 17:01:26 localhost kernel: [    4.554647] pci 0000:00:1e.0: PCI bridge to [bus 03] (subtractive decode)
Apr 11 17:01:26 localhost kernel: [    4.554694] pci 0000:00:1e.0:   bridge window [io  0x0000-0x0cf7 window] (subtractive decode)
Apr 11 17:01:26 localhost kernel: [    4.554744] pci 0000:00:1e.0:   bridge window [io  0x0d00-0xffff window] (subtractive decode)
Apr 11 17:01:26 localhost kernel: [    4.554781] pci 0000:00:1e.0:   bridge window [mem 0x000a0000-0x000bffff window] (subtractive decode)
Apr 11 17:01:26 localhost kernel: [    4.554817] pci 0000:00:1e.0:   bridge window [mem 0x000d0000-0x000dffff window] (subtractive decode)
Apr 11 17:01:26 localhost kernel: [    4.554853] pci 0000:00:1e.0:   bridge window [mem 0xc0000000-0xf7ffffff window] (subtractive decode)
Apr 11 17:01:26 localhost kernel: [    4.554890] pci 0000:00:1e.0:   bridge window [mem 0xfc000000-0xfebfffff window] (subtractive decode)
Apr 11 17:01:26 localhost kernel: [    4.554926] pci 0000:00:1e.0:   bridge window [mem 0xfec10000-0xfecfffff window] (subtractive decode)
Apr 11 17:01:26 localhost kernel: [    4.554962] pci 0000:00:1e.0:   bridge window [mem 0xfed1c000-0xfed1ffff window] (subtractive decode)
Apr 11 17:01:26 localhost kernel: [    4.554999] pci 0000:00:1e.0:   bridge window [mem 0xfed90000-0xfed9ffff window] (subtractive decode)
Apr 11 17:01:26 localhost kernel: [    4.555035] pci 0000:00:1e.0:   bridge window [mem 0xfeda7000-0xfedfffff window] (subtractive decode)
Apr 11 17:01:26 localhost kernel: [    4.555072] pci 0000:00:1e.0:   bridge window [mem 0xfee10000-0xff9fffff window] (subtractive decode)
Apr 11 17:01:26 localhost kernel: [    4.555108] pci 0000:00:1e.0:   bridge window [mem 0xffc00000-0xffdfffff window] (subtractive decode)
Apr 11 17:01:26 localhost kernel: [    4.555167] pci_bus 0000:00: on NUMA node 0
Apr 11 17:01:26 localhost kernel: [    4.584459] ACPI: PCI Interrupt Link [LNKA] (IRQs *10 11)
Apr 11 17:01:26 localhost kernel: [    4.591647] ACPI: PCI Interrupt Link [LNKB] (IRQs 5 7) *4
Apr 11 17:01:26 localhost kernel: [    4.598949] ACPI: PCI Interrupt Link [LNKC] (IRQs *10 11)
Apr 11 17:01:26 localhost kernel: [    4.604974] ACPI: PCI Interrupt Link [LNKD] (IRQs 5 7 10 11) *0, disabled.
Apr 11 17:01:26 localhost kernel: [    4.612308] ACPI: PCI Interrupt Link [LNKE] (IRQs 3 4 5 6 7 10 *11 12 14 15)
Apr 11 17:01:26 localhost kernel: [    4.619628] ACPI: PCI Interrupt Link [LNKF] (IRQs 3 4 5 6 *7 10 11 12 14 15)
Apr 11 17:01:26 localhost kernel: [    4.626954] ACPI: PCI Interrupt Link [LNKG] (IRQs 3 4 *5 6 7 10 11 12 14 15)
Apr 11 17:01:26 localhost kernel: [    4.632999] ACPI: PCI Interrupt Link [LNKH] (IRQs 3 4 5 6 7 10 11 12 14 15) *0, disabled.
Apr 11 17:01:26 localhost kernel: [    4.646111] ACPI: Enabled 4 GPEs in block 00 to 3F
Apr 11 17:01:26 localhost kernel: [    4.649537] pci 0000:00:02.0: vgaarb: setting as boot VGA device
Apr 11 17:01:26 localhost kernel: [    4.649537] pci 0000:00:02.0: vgaarb: VGA device added: decodes=io+mem,owns=io+mem,locks=none
Apr 11 17:01:26 localhost kernel: [    4.649537] pci 0000:00:02.0: vgaarb: bridge control possible
Apr 11 17:01:26 localhost kernel: [    4.649537] vgaarb: loaded
Apr 11 17:01:26 localhost kernel: [    4.661003] SCSI subsystem initialized
Apr 11 17:01:26 localhost kernel: [    4.661109] libata version 3.00 loaded.
Apr 11 17:01:26 localhost kernel: [    4.661451] ACPI: bus type USB registered
Apr 11 17:01:26 localhost kernel: [    4.662301] usbcore: registered new interface driver usbfs
Apr 11 17:01:26 localhost kernel: [    4.664126] usbcore: registered new interface driver hub
Apr 11 17:01:26 localhost kernel: [    4.664398] usbcore: registered new device driver usb
Apr 11 17:01:26 localhost kernel: [    4.665832] PCI: Using ACPI for IRQ routing
Apr 11 17:01:26 localhost kernel: [    4.669118] PCI: pci_cache_line_size set to 64 bytes
Apr 11 17:01:26 localhost kernel: [    4.669652] e820: reserve RAM buffer [mem 0x0009f000-0x0009ffff]
Apr 11 17:01:26 localhost kernel: [    4.669680] e820: reserve RAM buffer [mem 0xbd8bf400-0xbfffffff]
Apr 11 17:01:26 localhost kernel: [    4.675029] NetLabel: Initializing
Apr 11 17:01:26 localhost kernel: [    4.675033] NetLabel:  domain hash size = 128
Apr 11 17:01:26 localhost kernel: [    4.675035] NetLabel:  protocols = UNLABELED CIPSOv4 CALIPSO
Apr 11 17:01:26 localhost kernel: [    4.675578] NetLabel:  unlabeled traffic allowed by default
Apr 11 17:01:26 localhost kernel: [    4.676732] HPET: 4 timers in total, 0 timers will be used for per-cpu timer
Apr 11 17:01:26 localhost kernel: [    4.676758] hpet0: at MMIO 0xfed00000, IRQs 2, 8, 0, 0
Apr 11 17:01:26 localhost kernel: [    4.676772] hpet0: 4 comparators, 64-bit 14.318180 MHz counter
Apr 11 17:01:26 localhost kernel: [    4.680199] clocksource: Switched to clocksource hpet
Apr 11 17:01:26 localhost kernel: [    4.978514] VFS: Disk quotas dquot_6.6.0
Apr 11 17:01:26 localhost kernel: [    4.978658] VFS: Dquot-cache hash table entries: 512 (order 0, 4096 bytes)
Apr 11 17:01:26 localhost kernel: [    4.980691] AppArmor: AppArmor Filesystem Enabled
Apr 11 17:01:26 localhost kernel: [    4.982318] pnp: PnP ACPI init
Apr 11 17:01:26 localhost kernel: [    4.984966] system 00:00: [mem 0xff800000-0xff8fffff] has been reserved
Apr 11 17:01:26 localhost kernel: [    4.985037] system 00:00: [mem 0xffc00000-0xffcfffff] has been reserved
Apr 11 17:01:26 localhost kernel: [    4.985052] system 00:00: Plug and Play ACPI device, IDs PNP0c02 (active)
Apr 11 17:01:26 localhost kernel: [    4.987037] pnp 00:01: Plug and Play ACPI device, IDs PNP0f13 (active)
Apr 11 17:01:26 localhost kernel: [    4.989254] pnp 00:02: Plug and Play ACPI device, IDs PNP0303 (active)
Apr 11 17:01:26 localhost kernel: [    4.991375] pnp 00:03: Plug and Play ACPI device, IDs PNP0b00 (active)
Apr 11 17:01:26 localhost kernel: [    4.993833] system 00:04: Plug and Play ACPI device, IDs PNP0c01 (active)
Apr 11 17:01:26 localhost kernel: [    4.998160] system 00:05: [mem 0xfed00000-0xfed003ff] has been reserved
Apr 11 17:01:26 localhost kernel: [    4.998174] system 00:05: Plug and Play ACPI device, IDs PNP0103 PNP0c01 (active)
Apr 11 17:01:26 localhost kernel: [    5.007251] system 00:06: [io  0x0900-0x097f] has been reserved
Apr 11 17:01:26 localhost kernel: [    5.007323] system 00:06: [io  0x04d0-0x04d1] has been reserved
Apr 11 17:01:26 localhost kernel: [    5.007392] system 00:06: [io  0x1000-0x1005] has been reserved
Apr 11 17:01:26 localhost kernel: [    5.007461] system 00:06: [io  0x1008-0x100f] has been reserved
Apr 11 17:01:26 localhost kernel: [    5.007475] system 00:06: Plug and Play ACPI device, IDs PNP0c01 (active)
Apr 11 17:01:26 localhost kernel: [    5.010088] system 00:07: [io  0xf400-0xf4fe] has been reserved
Apr 11 17:01:26 localhost kernel: [    5.010157] system 00:07: [io  0x1006-0x1007] has been reserved
Apr 11 17:01:26 localhost kernel: [    5.010242] system 00:07: [io  0x100a-0x1059] could not be reserved
Apr 11 17:01:26 localhost kernel: [    5.010325] system 00:07: [io  0x1060-0x107f] has been reserved
Apr 11 17:01:26 localhost kernel: [    5.010395] system 00:07: [io  0x1080-0x10bf] has been reserved
Apr 11 17:01:26 localhost kernel: [    5.010464] system 00:07: [io  0x1100-0x111f] has been reserved
Apr 11 17:01:26 localhost kernel: [    5.010533] system 00:07: [io  0x1010-0x102f] has been reserved
Apr 11 17:01:26 localhost kernel: [    5.010602] system 00:07: [io  0x0809] has been reserved
Apr 11 17:01:26 localhost kernel: [    5.010615] system 00:07: Plug and Play ACPI device, IDs PNP0c01 (active)
Apr 11 17:01:26 localhost kernel: [    5.677506] system 00:08: [mem 0x00000000-0x0009efff] could not be reserved
Apr 11 17:01:26 localhost kernel: [    5.677600] system 00:08: [mem 0x0009f000-0x0009ffff] could not be reserved
Apr 11 17:01:26 localhost kernel: [    5.677692] system 00:08: [mem 0x000c0000-0x000cffff] could not be reserved
Apr 11 17:01:26 localhost kernel: [    5.677784] system 00:08: [mem 0x000e0000-0x000fffff] could not be reserved
Apr 11 17:01:26 localhost kernel: [    5.677876] system 00:08: [mem 0x00100000-0xbd8bf3ff] could not be reserved
Apr 11 17:01:26 localhost kernel: [    5.677968] system 00:08: [mem 0xbd8bf400-0xbdafffff] could not be reserved
Apr 11 17:01:26 localhost kernel: [    5.678053] system 00:08: [mem 0xbdb00000-0xbdbfffff] has been reserved
Apr 11 17:01:26 localhost kernel: [    5.678126] system 00:08: [mem 0xffe00000-0xffffffff] has been reserved
Apr 11 17:01:26 localhost kernel: [    5.678197] system 00:08: [mem 0xffa00000-0xffbfffff] has been reserved
Apr 11 17:01:26 localhost kernel: [    5.678289] system 00:08: [mem 0xfec00000-0xfec0ffff] could not be reserved
Apr 11 17:01:26 localhost kernel: [    5.678360] system 00:08: [mem 0xfee00000-0xfee0ffff] has been reserved
Apr 11 17:01:26 localhost kernel: [    5.678430] system 00:08: [mem 0xfed20000-0xfed8ffff] has been reserved
Apr 11 17:01:26 localhost kernel: [    5.678500] system 00:08: [mem 0xfeda0000-0xfeda3fff] has been reserved
Apr 11 17:01:26 localhost kernel: [    5.678570] system 00:08: [mem 0xfeda4000-0xfeda4fff] has been reserved
Apr 11 17:01:26 localhost kernel: [    5.678639] system 00:08: [mem 0xfeda5000-0xfeda5fff] has been reserved
Apr 11 17:01:26 localhost kernel: [    5.678709] system 00:08: [mem 0xfeda6000-0xfeda6fff] has been reserved
Apr 11 17:01:26 localhost kernel: [    5.678779] system 00:08: [mem 0xfed1c800-0xfed1cfff] has been reserved
Apr 11 17:01:26 localhost kernel: [    5.678862] system 00:08: [mem 0xfed18000-0xfed1bfff] has been reserved
Apr 11 17:01:26 localhost kernel: [    5.678933] system 00:08: [mem 0xf8000000-0xfbffffff] has been reserved
Apr 11 17:01:26 localhost kernel: [    5.678949] system 00:08: Plug and Play ACPI device, IDs PNP0c01 (active)
Apr 11 17:01:26 localhost kernel: [    5.680854] pnp: PnP ACPI: found 9 devices
Apr 11 17:01:26 localhost kernel: [    5.775365] clocksource: acpi_pm: mask: 0xffffff max_cycles: 0xffffff, max_idle_ns: 2085701024 ns
Apr 11 17:01:26 localhost kernel: [    5.775443] pci 0000:00:1c.0: bridge window [io  0x1000-0x0fff] to [bus 0b] add_size 1000
Apr 11 17:01:26 localhost kernel: [    5.775473] pci 0000:00:1c.0: bridge window [mem 0x00100000-0x000fffff 64bit pref] to [bus 0b] add_size 200000 add_align 100000
Apr 11 17:01:26 localhost kernel: [    5.775500] pci 0000:00:1c.0: bridge window [mem 0x00100000-0x000fffff] to [bus 0b] add_size 200000 add_align 100000
Apr 11 17:01:26 localhost kernel: [    5.775543] pci 0000:00:1c.1: bridge window [io  0x1000-0x0fff] to [bus 0c] add_size 1000
Apr 11 17:01:26 localhost kernel: [    5.775576] pci 0000:00:1c.1: bridge window [mem 0x00100000-0x000fffff 64bit pref] to [bus 0c] add_size 200000 add_align 100000
Apr 11 17:01:26 localhost kernel: [    5.775621] pci 0000:00:1c.2: bridge window [mem 0x00100000-0x000fffff 64bit pref] to [bus 09] add_size 200000 add_align 100000
Apr 11 17:01:26 localhost kernel: [    5.775908] pci 0000:00:1c.0: res[14]=[mem 0x00100000-0x000fffff] res_to_dev_res add_size 200000 min_align 100000
Apr 11 17:01:26 localhost kernel: [    5.775918] pci 0000:00:1c.0: res[14]=[mem 0x00100000-0x002fffff] res_to_dev_res add_size 200000 min_align 100000
Apr 11 17:01:26 localhost kernel: [    5.775928] pci 0000:00:1c.0: res[15]=[mem 0x00100000-0x000fffff 64bit pref] res_to_dev_res add_size 200000 min_align 100000
Apr 11 17:01:26 localhost kernel: [    5.775938] pci 0000:00:1c.0: res[15]=[mem 0x00100000-0x002fffff 64bit pref] res_to_dev_res add_size 200000 min_align 100000
Apr 11 17:01:26 localhost kernel: [    5.775948] pci 0000:00:1c.1: res[15]=[mem 0x00100000-0x000fffff 64bit pref] res_to_dev_res add_size 200000 min_align 100000
Apr 11 17:01:26 localhost kernel: [    5.775959] pci 0000:00:1c.1: res[15]=[mem 0x00100000-0x002fffff 64bit pref] res_to_dev_res add_size 200000 min_align 100000
Apr 11 17:01:26 localhost kernel: [    5.775969] pci 0000:00:1c.2: res[15]=[mem 0x00100000-0x000fffff 64bit pref] res_to_dev_res add_size 200000 min_align 100000
Apr 11 17:01:26 localhost kernel: [    5.775979] pci 0000:00:1c.2: res[15]=[mem 0x00100000-0x002fffff 64bit pref] res_to_dev_res add_size 200000 min_align 100000
Apr 11 17:01:26 localhost kernel: [    5.775988] pci 0000:00:1c.0: res[13]=[io  0x1000-0x0fff] res_to_dev_res add_size 1000 min_align 1000
Apr 11 17:01:26 localhost kernel: [    5.775997] pci 0000:00:1c.0: res[13]=[io  0x1000-0x1fff] res_to_dev_res add_size 1000 min_align 1000
Apr 11 17:01:26 localhost kernel: [    5.776022] pci 0000:00:1c.1: res[13]=[io  0x1000-0x0fff] res_to_dev_res add_size 1000 min_align 1000
Apr 11 17:01:26 localhost kernel: [    5.776031] pci 0000:00:1c.1: res[13]=[io  0x1000-0x1fff] res_to_dev_res add_size 1000 min_align 1000
Apr 11 17:01:26 localhost kernel: [    5.776053] pci 0000:00:1c.0: BAR 14: assigned [mem 0xc0000000-0xc01fffff]
Apr 11 17:01:26 localhost kernel: [    5.776098] pci 0000:00:1c.0: BAR 15: assigned [mem 0xc0200000-0xc03fffff 64bit pref]
Apr 11 17:01:26 localhost kernel: [    5.776138] pci 0000:00:1c.1: BAR 15: assigned [mem 0xc0400000-0xc05fffff 64bit pref]
Apr 11 17:01:26 localhost kernel: [    5.776177] pci 0000:00:1c.2: BAR 15: assigned [mem 0xc0600000-0xc07fffff 64bit pref]
Apr 11 17:01:26 localhost kernel: [    5.776193] pci 0000:00:1c.0: BAR 13: assigned [io  0x2000-0x2fff]
Apr 11 17:01:26 localhost kernel: [    5.776206] pci 0000:00:1c.1: BAR 13: assigned [io  0x3000-0x3fff]
Apr 11 17:01:26 localhost kernel: [    5.776326] pci 0000:00:1c.0: PCI bridge to [bus 0b]
Apr 11 17:01:26 localhost kernel: [    5.776336] pci 0000:00:1c.0:   bridge window [io  0x2000-0x2fff]
Apr 11 17:01:26 localhost kernel: [    5.776350] pci 0000:00:1c.0:   bridge window [mem 0xc0000000-0xc01fffff]
Apr 11 17:01:26 localhost kernel: [    5.776363] pci 0000:00:1c.0:   bridge window [mem 0xc0200000-0xc03fffff 64bit pref]
Apr 11 17:01:26 localhost kernel: [    5.776378] pci 0000:00:1c.1: PCI bridge to [bus 0c]
Apr 11 17:01:26 localhost kernel: [    5.776387] pci 0000:00:1c.1:   bridge window [io  0x3000-0x3fff]
Apr 11 17:01:26 localhost kernel: [    5.776402] pci 0000:00:1c.1:   bridge window [mem 0xf6900000-0xf69fffff]
Apr 11 17:01:26 localhost kernel: [    5.776414] pci 0000:00:1c.1:   bridge window [mem 0xc0400000-0xc05fffff 64bit pref]
Apr 11 17:01:26 localhost kernel: [    5.776428] pci 0000:00:1c.2: PCI bridge to [bus 09]
Apr 11 17:01:26 localhost kernel: [    5.776438] pci 0000:00:1c.2:   bridge window [io  0xd000-0xdfff]
Apr 11 17:01:26 localhost kernel: [    5.776451] pci 0000:00:1c.2:   bridge window [mem 0xf6800000-0xf68fffff]
Apr 11 17:01:26 localhost kernel: [    5.776463] pci 0000:00:1c.2:   bridge window [mem 0xc0600000-0xc07fffff 64bit pref]
Apr 11 17:01:26 localhost kernel: [    5.776478] pci 0000:00:1c.4: PCI bridge to [bus 0d-0e]
Apr 11 17:01:26 localhost kernel: [    5.776488] pci 0000:00:1c.4:   bridge window [io  0xc000-0xcfff]
Apr 11 17:01:26 localhost kernel: [    5.776501] pci 0000:00:1c.4:   bridge window [mem 0xf6600000-0xf67fffff]
Apr 11 17:01:26 localhost kernel: [    5.776513] pci 0000:00:1c.4:   bridge window [mem 0xf0000000-0xf01fffff 64bit pref]
Apr 11 17:01:26 localhost kernel: [    5.776529] pci 0000:00:1e.0: PCI bridge to [bus 03]
Apr 11 17:01:26 localhost kernel: [    5.776559] pci_bus 0000:00: resource 4 [io  0x0000-0x0cf7 window]
Apr 11 17:01:26 localhost kernel: [    5.776567] pci_bus 0000:00: resource 5 [io  0x0d00-0xffff window]
Apr 11 17:01:26 localhost kernel: [    5.776575] pci_bus 0000:00: resource 6 [mem 0x000a0000-0x000bffff window]
Apr 11 17:01:26 localhost kernel: [    5.776583] pci_bus 0000:00: resource 7 [mem 0x000d0000-0x000dffff window]
Apr 11 17:01:26 localhost kernel: [    5.776591] pci_bus 0000:00: resource 8 [mem 0xc0000000-0xf7ffffff window]
Apr 11 17:01:26 localhost kernel: [    5.776599] pci_bus 0000:00: resource 9 [mem 0xfc000000-0xfebfffff window]
Apr 11 17:01:26 localhost kernel: [    5.776607] pci_bus 0000:00: resource 10 [mem 0xfec10000-0xfecfffff window]
Apr 11 17:01:26 localhost kernel: [    5.776615] pci_bus 0000:00: resource 11 [mem 0xfed1c000-0xfed1ffff window]
Apr 11 17:01:26 localhost kernel: [    5.776623] pci_bus 0000:00: resource 12 [mem 0xfed90000-0xfed9ffff window]
Apr 11 17:01:26 localhost kernel: [    5.776631] pci_bus 0000:00: resource 13 [mem 0xfeda7000-0xfedfffff window]
Apr 11 17:01:26 localhost kernel: [    5.776640] pci_bus 0000:00: resource 14 [mem 0xfee10000-0xff9fffff window]
Apr 11 17:01:26 localhost kernel: [    5.776648] pci_bus 0000:00: resource 15 [mem 0xffc00000-0xffdfffff window]
Apr 11 17:01:26 localhost kernel: [    5.776656] pci_bus 0000:0b: resource 0 [io  0x2000-0x2fff]
Apr 11 17:01:26 localhost kernel: [    5.776664] pci_bus 0000:0b: resource 1 [mem 0xc0000000-0xc01fffff]
Apr 11 17:01:26 localhost kernel: [    5.776672] pci_bus 0000:0b: resource 2 [mem 0xc0200000-0xc03fffff 64bit pref]
Apr 11 17:01:26 localhost kernel: [    5.776680] pci_bus 0000:0c: resource 0 [io  0x3000-0x3fff]
Apr 11 17:01:26 localhost kernel: [    5.776688] pci_bus 0000:0c: resource 1 [mem 0xf6900000-0xf69fffff]
Apr 11 17:01:26 localhost kernel: [    5.776696] pci_bus 0000:0c: resource 2 [mem 0xc0400000-0xc05fffff 64bit pref]
Apr 11 17:01:26 localhost kernel: [    5.776703] pci_bus 0000:09: resource 0 [io  0xd000-0xdfff]
Apr 11 17:01:26 localhost kernel: [    5.776711] pci_bus 0000:09: resource 1 [mem 0xf6800000-0xf68fffff]
Apr 11 17:01:26 localhost kernel: [    5.776719] pci_bus 0000:09: resource 2 [mem 0xc0600000-0xc07fffff 64bit pref]
Apr 11 17:01:26 localhost kernel: [    5.776727] pci_bus 0000:0d: resource 0 [io  0xc000-0xcfff]
Apr 11 17:01:26 localhost kernel: [    5.776735] pci_bus 0000:0d: resource 1 [mem 0xf6600000-0xf67fffff]
Apr 11 17:01:26 localhost kernel: [    5.776743] pci_bus 0000:0d: resource 2 [mem 0xf0000000-0xf01fffff 64bit pref]
Apr 11 17:01:26 localhost kernel: [    5.776752] pci_bus 0000:03: resource 4 [io  0x0000-0x0cf7 window]
Apr 11 17:01:26 localhost kernel: [    5.776760] pci_bus 0000:03: resource 5 [io  0x0d00-0xffff window]
Apr 11 17:01:26 localhost kernel: [    5.776769] pci_bus 0000:03: resource 6 [mem 0x000a0000-0x000bffff window]
Apr 11 17:01:26 localhost kernel: [    5.776777] pci_bus 0000:03: resource 7 [mem 0x000d0000-0x000dffff window]
Apr 11 17:01:26 localhost kernel: [    5.776785] pci_bus 0000:03: resource 8 [mem 0xc0000000-0xf7ffffff window]
Apr 11 17:01:26 localhost kernel: [    5.776793] pci_bus 0000:03: resource 9 [mem 0xfc000000-0xfebfffff window]
Apr 11 17:01:26 localhost kernel: [    5.776802] pci_bus 0000:03: resource 10 [mem 0xfec10000-0xfecfffff window]
Apr 11 17:01:26 localhost kernel: [    5.776810] pci_bus 0000:03: resource 11 [mem 0xfed1c000-0xfed1ffff window]
Apr 11 17:01:26 localhost kernel: [    5.776818] pci_bus 0000:03: resource 12 [mem 0xfed90000-0xfed9ffff window]
Apr 11 17:01:26 localhost kernel: [    5.776826] pci_bus 0000:03: resource 13 [mem 0xfeda7000-0xfedfffff window]
Apr 11 17:01:26 localhost kernel: [    5.776835] pci_bus 0000:03: resource 14 [mem 0xfee10000-0xff9fffff window]
Apr 11 17:01:26 localhost kernel: [    5.776843] pci_bus 0000:03: resource 15 [mem 0xffc00000-0xffdfffff window]
Apr 11 17:01:26 localhost kernel: [    5.780962] NET: Registered protocol family 2
Apr 11 17:01:26 localhost kernel: [    5.784048] TCP established hash table entries: 32768 (order: 6, 262144 bytes)
Apr 11 17:01:26 localhost kernel: [    5.784732] TCP bind hash table entries: 32768 (order: 7, 524288 bytes)
Apr 11 17:01:26 localhost kernel: [    5.785381] TCP: Hash tables configured (established 32768 bind 32768)
Apr 11 17:01:26 localhost kernel: [    5.785558] UDP hash table entries: 2048 (order: 4, 65536 bytes)
Apr 11 17:01:26 localhost kernel: [    5.785696] UDP-Lite hash table entries: 2048 (order: 4, 65536 bytes)
Apr 11 17:01:26 localhost kernel: [    5.786705] NET: Registered protocol family 1
Apr 11 17:01:26 localhost kernel: [    5.786877] pci 0000:00:02.0: Video device with shadowed ROM at [mem 0x000c0000-0x000dffff]
Apr 11 17:01:26 localhost kernel: [    6.035064] PCI: CLS 64 bytes, default 64
Apr 11 17:01:26 localhost kernel: [    6.036236] Trying to unpack rootfs image as initramfs...
Apr 11 17:01:26 localhost kernel: [   42.912318] Freeing initrd memory: 334304K
Apr 11 17:01:26 localhost kernel: [   42.913773] Scanning for low memory corruption every 60 seconds
Apr 11 17:01:26 localhost kernel: [   42.923592] audit: initializing netlink subsys (disabled)
Apr 11 17:01:26 localhost kernel: [   42.924242] audit: type=2000 audit(1491910253.920:1): initialized
Apr 11 17:01:26 localhost kernel: [   42.934106] Initialise system trusted keyrings
Apr 11 17:01:26 localhost kernel: [   42.934954] workingset: timestamp_bits=46 max_order=20 bucket_order=0
Apr 11 17:01:26 localhost kernel: [   43.234132] zbud: loaded
Apr 11 17:01:26 localhost kernel: [   43.346232] fuse init (API version 7.26)
Apr 11 17:01:26 localhost kernel: [   43.357109] cryptomgr_test (43) used greatest stack depth: 30816 bytes left
Apr 11 17:01:26 localhost kernel: [   43.361613] Key type asymmetric registered
Apr 11 17:01:26 localhost kernel: [   43.361618] Asymmetric key parser 'x509' registered
Apr 11 17:01:26 localhost kernel: [   43.364748] Block layer SCSI generic (bsg) driver version 0.4 loaded (major 248)
Apr 11 17:01:26 localhost kernel: [   43.365030] io scheduler noop registered
Apr 11 17:01:26 localhost kernel: [   43.365034] io scheduler deadline registered (default)
Apr 11 17:01:26 localhost kernel: [   43.370804] io scheduler cfq registered
Apr 11 17:01:26 localhost kernel: [   43.494103] vesafb: mode is 1024x768x32, linelength=4096, pages=0
Apr 11 17:01:26 localhost kernel: [   43.494107] vesafb: scrolling: redraw
Apr 11 17:01:26 localhost kernel: [   43.494114] vesafb: Truecolor: size=8:8:8:8, shift=24:16:8:0
Apr 11 17:01:26 localhost kernel: [   43.494264] vesafb: framebuffer at 0xe0000000, mapped to 0xffffc90000400000, using 3072k, total 3072k
Apr 11 17:01:26 localhost kernel: [   43.549062] Console: switching to colour frame buffer device 128x48
Apr 11 17:01:26 localhost kernel: [   43.598722] fb0: VESA VGA frame buffer device
Apr 11 17:01:26 localhost kernel: [   43.599180] intel_idle: does not run on family 6 model 23
Apr 11 17:01:26 localhost kernel: [   43.602138] ACPI: AC Adapter [AC] (on-line)
Apr 11 17:01:26 localhost kernel: [   43.610086] input: Lid Switch as /devices/LNXSYSTM:00/LNXSYBUS:00/PNP0C0D:00/input/input0
Apr 11 17:01:26 localhost kernel: [   43.615725] ACPI: Lid Switch [LID]
Apr 11 17:01:26 localhost kernel: [   43.620095] input: Power Button as /devices/LNXSYSTM:00/LNXSYBUS:00/PNP0C0C:00/input/input1
Apr 11 17:01:26 localhost kernel: [   43.620130] ACPI: Power Button [PBTN]
Apr 11 17:01:26 localhost kernel: [   43.622660] input: Sleep Button as /devices/LNXSYSTM:00/LNXSYBUS:00/PNP0C0E:00/input/input2
Apr 11 17:01:26 localhost kernel: [   43.622710] ACPI: Sleep Button [SBTN]
Apr 11 17:01:26 localhost kernel: [   43.630170] Monitor-Mwait will be used to enter C-1 state
Apr 11 17:01:26 localhost kernel: [   43.630189] Monitor-Mwait will be used to enter C-2 state
Apr 11 17:01:26 localhost kernel: [   43.630204] Monitor-Mwait will be used to enter C-3 state
Apr 11 17:01:26 localhost kernel: [   43.630224] tsc: Marking TSC unstable due to TSC halts in idle
Apr 11 17:01:26 localhost kernel: [   43.813701] (NULL device *): hwmon_device_register() is deprecated. Please convert the driver to use hwmon_device_register_with_info().
Apr 11 17:01:26 localhost kernel: [   43.872836] thermal LNXTHERM:00: registered as thermal_zone0
Apr 11 17:01:26 localhost kernel: [   43.872842] ACPI: Thermal Zone [THM] (62 C)
Apr 11 17:01:26 localhost kernel: [   43.873487] GHES: HEST is not enabled!
Apr 11 17:01:26 localhost kernel: [   43.876592] Serial: 8250/16550 driver, 32 ports, IRQ sharing enabled
Apr 11 17:01:26 localhost kernel: [   43.949533] clocksource: tsc: mask: 0xffffffffffffffff max_cycles: 0x39825ad5ef2, max_idle_ns: 881590624955 ns
Apr 11 17:01:26 localhost kernel: [   44.051713] Linux agpgart interface v0.103
Apr 11 17:01:26 localhost kernel: [   44.229087] brd: module loaded
Apr 11 17:01:26 localhost kernel: [   44.293213] loop: module loaded
Apr 11 17:01:26 localhost kernel: [   44.305404] libphy: Fixed MDIO Bus: probed
Apr 11 17:01:26 localhost kernel: [   44.305409] tun: Universal TUN/TAP device driver, 1.6
Apr 11 17:01:26 localhost kernel: [   44.305412] tun: (C) 1999-2004 Max Krasnyansky <maxk@qualcomm.com>
Apr 11 17:01:26 localhost kernel: [   44.306756] PPP generic driver version 2.4.2
Apr 11 17:01:26 localhost kernel: [   44.308239] ehci_hcd: USB 2.0 'Enhanced' Host Controller (EHCI) Driver
Apr 11 17:01:26 localhost kernel: [   44.308277] ehci-pci: EHCI PCI platform driver
Apr 11 17:01:26 localhost kernel: [   44.366237] ehci-pci 0000:00:1a.7: EHCI Host Controller
Apr 11 17:01:26 localhost kernel: [   44.366427] ehci-pci 0000:00:1a.7: new USB bus registered, assigned bus number 1
Apr 11 17:01:26 localhost kernel: [   44.366503] ehci-pci 0000:00:1a.7: debug port 1
Apr 11 17:01:26 localhost kernel: [   44.370661] ehci-pci 0000:00:1a.7: cache line size of 64 is not supported
Apr 11 17:01:26 localhost kernel: [   44.371054] ehci-pci 0000:00:1a.7: irq 22, io mem 0xfed1c400
Apr 11 17:01:26 localhost kernel: [   44.384091] ehci-pci 0000:00:1a.7: USB 2.0 started, EHCI 1.00
Apr 11 17:01:26 localhost kernel: [   44.385563] usb usb1: New USB device found, idVendor=1d6b, idProduct=0002
Apr 11 17:01:26 localhost kernel: [   44.385572] usb usb1: New USB device strings: Mfr=3, Product=2, SerialNumber=1
Apr 11 17:01:26 localhost kernel: [   44.385578] usb usb1: Product: EHCI Host Controller
Apr 11 17:01:26 localhost kernel: [   44.385584] usb usb1: Manufacturer: Linux 4.10.3 ehci_hcd
Apr 11 17:01:26 localhost kernel: [   44.385590] usb usb1: SerialNumber: 0000:00:1a.7
Apr 11 17:01:26 localhost kernel: [   44.400443] hub 1-0:1.0: USB hub found
Apr 11 17:01:26 localhost kernel: [   44.400719] hub 1-0:1.0: 6 ports detected
Apr 11 17:01:26 localhost kernel: [   44.738590] ehci-pci 0000:00:1d.7: EHCI Host Controller
Apr 11 17:01:26 localhost kernel: [   44.738782] ehci-pci 0000:00:1d.7: new USB bus registered, assigned bus number 2
Apr 11 17:01:26 localhost kernel: [   44.738862] ehci-pci 0000:00:1d.7: debug port 1
Apr 11 17:01:26 localhost kernel: [   44.743068] ehci-pci 0000:00:1d.7: cache line size of 64 is not supported
Apr 11 17:01:26 localhost kernel: [   44.743571] ehci-pci 0000:00:1d.7: irq 20, io mem 0xfed1c000
Apr 11 17:01:26 localhost kernel: [   44.756069] ehci-pci 0000:00:1d.7: USB 2.0 started, EHCI 1.00
Apr 11 17:01:26 localhost kernel: [   44.757959] usb usb2: New USB device found, idVendor=1d6b, idProduct=0002
Apr 11 17:01:26 localhost kernel: [   44.757967] usb usb2: New USB device strings: Mfr=3, Product=2, SerialNumber=1
Apr 11 17:01:26 localhost kernel: [   44.757973] usb usb2: Product: EHCI Host Controller
Apr 11 17:01:26 localhost kernel: [   44.757980] usb usb2: Manufacturer: Linux 4.10.3 ehci_hcd
Apr 11 17:01:26 localhost kernel: [   44.757986] usb usb2: SerialNumber: 0000:00:1d.7
Apr 11 17:01:26 localhost kernel: [   44.767363] hub 2-0:1.0: USB hub found
Apr 11 17:01:26 localhost kernel: [   44.767749] hub 2-0:1.0: 6 ports detected
Apr 11 17:01:26 localhost kernel: [   44.999752] ACPI: Battery Slot [BAT0] (battery present)
Apr 11 17:01:26 localhost kernel: [   45.009020] ehci-platform: EHCI generic platform driver
Apr 11 17:01:26 localhost kernel: [   45.009295] ohci_hcd: USB 1.1 'Open' Host Controller (OHCI) Driver
Apr 11 17:01:26 localhost kernel: [   45.009340] ohci-pci: OHCI PCI platform driver
Apr 11 17:01:26 localhost kernel: [   45.009673] ohci-platform: OHCI generic platform driver
Apr 11 17:01:26 localhost kernel: [   45.009900] uhci_hcd: USB Universal Host Controller Interface driver
Apr 11 17:01:26 localhost kernel: [   45.030517] uhci_hcd 0000:00:1a.0: UHCI Host Controller
Apr 11 17:01:26 localhost kernel: [   45.030687] uhci_hcd 0000:00:1a.0: new USB bus registered, assigned bus number 3
Apr 11 17:01:26 localhost kernel: [   45.030747] uhci_hcd 0000:00:1a.0: detected 2 ports
Apr 11 17:01:26 localhost kernel: [   45.030853] uhci_hcd 0000:00:1a.0: irq 20, io base 0x00006f60
Apr 11 17:01:26 localhost kernel: [   45.032266] usb usb3: New USB device found, idVendor=1d6b, idProduct=0001
Apr 11 17:01:26 localhost kernel: [   45.032275] usb usb3: New USB device strings: Mfr=3, Product=2, SerialNumber=1
Apr 11 17:01:26 localhost kernel: [   45.032281] usb usb3: Product: UHCI Host Controller
Apr 11 17:01:26 localhost kernel: [   45.032288] usb usb3: Manufacturer: Linux 4.10.3 uhci_hcd
Apr 11 17:01:26 localhost kernel: [   45.032294] usb usb3: SerialNumber: 0000:00:1a.0
Apr 11 17:01:26 localhost kernel: [   45.038408] hub 3-0:1.0: USB hub found
Apr 11 17:01:26 localhost kernel: [   45.038677] hub 3-0:1.0: 2 ports detected
Apr 11 17:01:26 localhost kernel: [   45.064959] uhci_hcd 0000:00:1a.1: UHCI Host Controller
Apr 11 17:01:26 localhost kernel: [   45.065130] uhci_hcd 0000:00:1a.1: new USB bus registered, assigned bus number 4
Apr 11 17:01:26 localhost kernel: [   45.065197] uhci_hcd 0000:00:1a.1: detected 2 ports
Apr 11 17:01:26 localhost kernel: [   45.065613] uhci_hcd 0000:00:1a.1: irq 21, io base 0x00006f80
Apr 11 17:01:26 localhost kernel: [   45.067395] usb usb4: New USB device found, idVendor=1d6b, idProduct=0001
Apr 11 17:01:26 localhost kernel: [   45.067403] usb usb4: New USB device strings: Mfr=3, Product=2, SerialNumber=1
Apr 11 17:01:26 localhost kernel: [   45.067410] usb usb4: Product: UHCI Host Controller
Apr 11 17:01:26 localhost kernel: [   45.067416] usb usb4: Manufacturer: Linux 4.10.3 uhci_hcd
Apr 11 17:01:26 localhost kernel: [   45.067422] usb usb4: SerialNumber: 0000:00:1a.1
Apr 11 17:01:26 localhost kernel: [   45.074200] hub 4-0:1.0: USB hub found
Apr 11 17:01:26 localhost kernel: [   45.074565] hub 4-0:1.0: 2 ports detected
Apr 11 17:01:26 localhost kernel: [   45.119157] uhci_hcd 0000:00:1a.2: UHCI Host Controller
Apr 11 17:01:26 localhost kernel: [   45.119349] uhci_hcd 0000:00:1a.2: new USB bus registered, assigned bus number 5
Apr 11 17:01:26 localhost kernel: [   45.119434] uhci_hcd 0000:00:1a.2: detected 2 ports
Apr 11 17:01:26 localhost kernel: [   45.119569] uhci_hcd 0000:00:1a.2: irq 22, io base 0x00006fa0
Apr 11 17:01:26 localhost kernel: [   45.121394] usb usb5: New USB device found, idVendor=1d6b, idProduct=0001
Apr 11 17:01:26 localhost kernel: [   45.121402] usb usb5: New USB device strings: Mfr=3, Product=2, SerialNumber=1
Apr 11 17:01:26 localhost kernel: [   45.121408] usb usb5: Product: UHCI Host Controller
Apr 11 17:01:26 localhost kernel: [   45.121415] usb usb5: Manufacturer: Linux 4.10.3 uhci_hcd
Apr 11 17:01:26 localhost kernel: [   45.121421] usb usb5: SerialNumber: 0000:00:1a.2
Apr 11 17:01:26 localhost kernel: [   45.128199] hub 5-0:1.0: USB hub found
Apr 11 17:01:26 localhost kernel: [   45.128567] hub 5-0:1.0: 2 ports detected
Apr 11 17:01:26 localhost kernel: [   45.154991] uhci_hcd 0000:00:1d.0: UHCI Host Controller
Apr 11 17:01:26 localhost kernel: [   45.155164] uhci_hcd 0000:00:1d.0: new USB bus registered, assigned bus number 6
Apr 11 17:01:26 localhost kernel: [   45.155231] uhci_hcd 0000:00:1d.0: detected 2 ports
Apr 11 17:01:26 localhost kernel: [   45.155356] uhci_hcd 0000:00:1d.0: irq 20, io base 0x00006f00
Apr 11 17:01:26 localhost kernel: [   45.157204] usb usb6: New USB device found, idVendor=1d6b, idProduct=0001
Apr 11 17:01:26 localhost kernel: [   45.157212] usb usb6: New USB device strings: Mfr=3, Product=2, SerialNumber=1
Apr 11 17:01:26 localhost kernel: [   45.157218] usb usb6: Product: UHCI Host Controller
Apr 11 17:01:26 localhost kernel: [   45.157225] usb usb6: Manufacturer: Linux 4.10.3 uhci_hcd
Apr 11 17:01:26 localhost kernel: [   45.157231] usb usb6: SerialNumber: 0000:00:1d.0
Apr 11 17:01:26 localhost kernel: [   45.163986] hub 6-0:1.0: USB hub found
Apr 11 17:01:26 localhost kernel: [   45.164375] hub 6-0:1.0: 2 ports detected
Apr 11 17:01:26 localhost kernel: [   45.191029] uhci_hcd 0000:00:1d.1: UHCI Host Controller
Apr 11 17:01:26 localhost kernel: [   45.191205] uhci_hcd 0000:00:1d.1: new USB bus registered, assigned bus number 7
Apr 11 17:01:26 localhost kernel: [   45.191273] uhci_hcd 0000:00:1d.1: detected 2 ports
Apr 11 17:01:26 localhost kernel: [   45.191398] uhci_hcd 0000:00:1d.1: irq 21, io base 0x00006f20
Apr 11 17:01:26 localhost kernel: [   45.193175] usb usb7: New USB device found, idVendor=1d6b, idProduct=0001
Apr 11 17:01:26 localhost kernel: [   45.193183] usb usb7: New USB device strings: Mfr=3, Product=2, SerialNumber=1
Apr 11 17:01:26 localhost kernel: [   45.193190] usb usb7: Product: UHCI Host Controller
Apr 11 17:01:26 localhost kernel: [   45.193196] usb usb7: Manufacturer: Linux 4.10.3 uhci_hcd
Apr 11 17:01:26 localhost kernel: [   45.193202] usb usb7: SerialNumber: 0000:00:1d.1
Apr 11 17:01:26 localhost kernel: [   45.199946] hub 7-0:1.0: USB hub found
Apr 11 17:01:26 localhost kernel: [   45.200344] hub 7-0:1.0: 2 ports detected
Apr 11 17:01:26 localhost kernel: [   45.245224] uhci_hcd 0000:00:1d.2: UHCI Host Controller
Apr 11 17:01:26 localhost kernel: [   45.245399] uhci_hcd 0000:00:1d.2: new USB bus registered, assigned bus number 8
Apr 11 17:01:26 localhost kernel: [   45.245467] uhci_hcd 0000:00:1d.2: detected 2 ports
Apr 11 17:01:26 localhost kernel: [   45.245594] uhci_hcd 0000:00:1d.2: irq 22, io base 0x00006f40
Apr 11 17:01:26 localhost kernel: [   45.247410] usb usb8: New USB device found, idVendor=1d6b, idProduct=0001
Apr 11 17:01:26 localhost kernel: [   45.247418] usb usb8: New USB device strings: Mfr=3, Product=2, SerialNumber=1
Apr 11 17:01:26 localhost kernel: [   45.247424] usb usb8: Product: UHCI Host Controller
Apr 11 17:01:26 localhost kernel: [   45.247431] usb usb8: Manufacturer: Linux 4.10.3 uhci_hcd
Apr 11 17:01:26 localhost kernel: [   45.247437] usb usb8: SerialNumber: 0000:00:1d.2
Apr 11 17:01:26 localhost kernel: [   45.254195] hub 8-0:1.0: USB hub found
Apr 11 17:01:26 localhost kernel: [   45.254562] hub 8-0:1.0: 2 ports detected
Apr 11 17:01:26 localhost kernel: [   45.264654] i8042: PNP: PS/2 Controller [PNP0303:KBC,PNP0f13:PS2M] at 0x60,0x64 irq 1,12
Apr 11 17:01:26 localhost kernel: [   45.285181] i8042: Detected active multiplexing controller, rev 1.1
Apr 11 17:01:26 localhost kernel: [   45.296578] serio: i8042 KBD port at 0x60,0x64 irq 1
Apr 11 17:01:26 localhost kernel: [   45.296634] serio: i8042 AUX0 port at 0x60,0x64 irq 12
Apr 11 17:01:26 localhost kernel: [   45.298192] serio: i8042 AUX1 port at 0x60,0x64 irq 12
Apr 11 17:01:26 localhost kernel: [   45.299859] serio: i8042 AUX2 port at 0x60,0x64 irq 12
Apr 11 17:01:26 localhost kernel: [   45.301526] serio: i8042 AUX3 port at 0x60,0x64 irq 12
Apr 11 17:01:26 localhost kernel: [   45.305142] mousedev: PS/2 mouse device common for all mice
Apr 11 17:01:26 localhost kernel: [   45.329833] rtc_cmos 00:03: RTC can wake from S4
Apr 11 17:01:26 localhost kernel: [   45.332528] rtc_cmos 00:03: rtc core: registered rtc_cmos as rtc0
Apr 11 17:01:26 localhost kernel: [   45.332683] rtc_cmos 00:03: alarms up to one month, y3k, 114 bytes nvram, hpet irqs
Apr 11 17:01:26 localhost kernel: [   45.332875] i2c /dev entries driver
Apr 11 17:01:26 localhost kernel: [   45.344805] device-mapper: uevent: version 1.0.3
Apr 11 17:01:26 localhost kernel: [   45.351824] device-mapper: ioctl: 4.35.0-ioctl (2016-06-23) initialised: dm-devel@redhat.com
Apr 11 17:01:26 localhost kernel: [   45.351938] ledtrig-cpu: registered to indicate activity on CPUs
Apr 11 17:01:26 localhost kernel: [   45.358288] input: AT Translated Set 2 keyboard as /devices/platform/i8042/serio0/input/input3
Apr 11 17:01:26 localhost kernel: [   45.370408] random: fast init done
Apr 11 17:01:26 localhost kernel: [   45.381889] NET: Registered protocol family 10
Apr 11 17:01:26 localhost kernel: [   45.402987] usb 3-1: new full-speed USB device number 2 using uhci_hcd
Apr 11 17:01:26 localhost kernel: [   45.416828] Segment Routing with IPv6
